Archive member included to satisfy reference by file (symbol)

c:/program files (x86)/atmel/studio/7.0/toolchain/arm/arm-gnu-toolchain/bin/../lib/gcc/arm-none-eabi/6.3.1/../../../../arm-none-eabi/lib/thumb/v7e-m\libm.a(lib_a-w_log10.o)
                              src/main.o (log10)
c:/program files (x86)/atmel/studio/7.0/toolchain/arm/arm-gnu-toolchain/bin/../lib/gcc/arm-none-eabi/6.3.1/../../../../arm-none-eabi/lib/thumb/v7e-m\libm.a(lib_a-e_log10.o)
                              c:/program files (x86)/atmel/studio/7.0/toolchain/arm/arm-gnu-toolchain/bin/../lib/gcc/arm-none-eabi/6.3.1/../../../../arm-none-eabi/lib/thumb/v7e-m\libm.a(lib_a-w_log10.o) (__ieee754_log10)
c:/program files (x86)/atmel/studio/7.0/toolchain/arm/arm-gnu-toolchain/bin/../lib/gcc/arm-none-eabi/6.3.1/../../../../arm-none-eabi/lib/thumb/v7e-m\libm.a(lib_a-s_lib_ver.o)
                              c:/program files (x86)/atmel/studio/7.0/toolchain/arm/arm-gnu-toolchain/bin/../lib/gcc/arm-none-eabi/6.3.1/../../../../arm-none-eabi/lib/thumb/v7e-m\libm.a(lib_a-w_log10.o) (__fdlib_version)
c:/program files (x86)/atmel/studio/7.0/toolchain/arm/arm-gnu-toolchain/bin/../lib/gcc/arm-none-eabi/6.3.1/../../../../arm-none-eabi/lib/thumb/v7e-m\libm.a(lib_a-s_matherr.o)
                              c:/program files (x86)/atmel/studio/7.0/toolchain/arm/arm-gnu-toolchain/bin/../lib/gcc/arm-none-eabi/6.3.1/../../../../arm-none-eabi/lib/thumb/v7e-m\libm.a(lib_a-w_log10.o) (matherr)
c:/program files (x86)/atmel/studio/7.0/toolchain/arm/arm-gnu-toolchain/bin/../lib/gcc/arm-none-eabi/6.3.1/../../../../arm-none-eabi/lib/thumb/v7e-m\libm.a(lib_a-s_nan.o)
                              c:/program files (x86)/atmel/studio/7.0/toolchain/arm/arm-gnu-toolchain/bin/../lib/gcc/arm-none-eabi/6.3.1/../../../../arm-none-eabi/lib/thumb/v7e-m\libm.a(lib_a-w_log10.o) (nan)
c:/program files (x86)/atmel/studio/7.0/toolchain/arm/arm-gnu-toolchain/bin/../lib/gcc/arm-none-eabi/6.3.1/../../../../arm-none-eabi/lib/thumb/v7e-m\libm.a(lib_a-e_log.o)
                              c:/program files (x86)/atmel/studio/7.0/toolchain/arm/arm-gnu-toolchain/bin/../lib/gcc/arm-none-eabi/6.3.1/../../../../arm-none-eabi/lib/thumb/v7e-m\libm.a(lib_a-e_log10.o) (__ieee754_log)
c:/program files (x86)/atmel/studio/7.0/toolchain/arm/arm-gnu-toolchain/bin/../lib/gcc/arm-none-eabi/6.3.1/thumb/v7e-m\libgcc.a(_arm_addsubdf3.o)
                              c:/program files (x86)/atmel/studio/7.0/toolchain/arm/arm-gnu-toolchain/bin/../lib/gcc/arm-none-eabi/6.3.1/../../../../arm-none-eabi/lib/thumb/v7e-m\libm.a(lib_a-e_log10.o) (__aeabi_dsub)
c:/program files (x86)/atmel/studio/7.0/toolchain/arm/arm-gnu-toolchain/bin/../lib/gcc/arm-none-eabi/6.3.1/thumb/v7e-m\libgcc.a(_arm_muldivdf3.o)
                              c:/program files (x86)/atmel/studio/7.0/toolchain/arm/arm-gnu-toolchain/bin/../lib/gcc/arm-none-eabi/6.3.1/../../../../arm-none-eabi/lib/thumb/v7e-m\libm.a(lib_a-e_log10.o) (__aeabi_dmul)
c:/program files (x86)/atmel/studio/7.0/toolchain/arm/arm-gnu-toolchain/bin/../lib/gcc/arm-none-eabi/6.3.1/thumb/v7e-m\libgcc.a(_arm_cmpdf2.o)
                              c:/program files (x86)/atmel/studio/7.0/toolchain/arm/arm-gnu-toolchain/bin/../lib/gcc/arm-none-eabi/6.3.1/../../../../arm-none-eabi/lib/thumb/v7e-m\libm.a(lib_a-w_log10.o) (__aeabi_dcmpeq)
c:/program files (x86)/atmel/studio/7.0/toolchain/arm/arm-gnu-toolchain/bin/../lib/gcc/arm-none-eabi/6.3.1/thumb/v7e-m\libgcc.a(_arm_unorddf2.o)
                              c:/program files (x86)/atmel/studio/7.0/toolchain/arm/arm-gnu-toolchain/bin/../lib/gcc/arm-none-eabi/6.3.1/../../../../arm-none-eabi/lib/thumb/v7e-m\libm.a(lib_a-w_log10.o) (__aeabi_dcmpun)
c:/program files (x86)/atmel/studio/7.0/toolchain/arm/arm-gnu-toolchain/bin/../lib/gcc/arm-none-eabi/6.3.1/thumb/v7e-m\libgcc.a(_arm_fixdfsi.o)
                              src/main.o (__aeabi_d2iz)
c:/program files (x86)/atmel/studio/7.0/toolchain/arm/arm-gnu-toolchain/bin/../lib/gcc/arm-none-eabi/6.3.1/../../../../arm-none-eabi/lib/thumb/v7e-m\libc.a(lib_a-calloc.o)
                              src/main.o (calloc)
c:/program files (x86)/atmel/studio/7.0/toolchain/arm/arm-gnu-toolchain/bin/../lib/gcc/arm-none-eabi/6.3.1/../../../../arm-none-eabi/lib/thumb/v7e-m\libc.a(lib_a-callocr.o)
                              c:/program files (x86)/atmel/studio/7.0/toolchain/arm/arm-gnu-toolchain/bin/../lib/gcc/arm-none-eabi/6.3.1/../../../../arm-none-eabi/lib/thumb/v7e-m\libc.a(lib_a-calloc.o) (_calloc_r)
c:/program files (x86)/atmel/studio/7.0/toolchain/arm/arm-gnu-toolchain/bin/../lib/gcc/arm-none-eabi/6.3.1/../../../../arm-none-eabi/lib/thumb/v7e-m\libc.a(lib_a-errno.o)
                              c:/program files (x86)/atmel/studio/7.0/toolchain/arm/arm-gnu-toolchain/bin/../lib/gcc/arm-none-eabi/6.3.1/../../../../arm-none-eabi/lib/thumb/v7e-m\libm.a(lib_a-w_log10.o) (__errno)
[...]
Memory Configuration

Name             Origin             Length             Attributes
rom              0x00400000         0x00200000         xr
ram              0x20400000         0x00060000         xrw
*default*        0x00000000         0xffffffff

Linker script and memory map

LOAD c:/program files (x86)/atmel/studio/7.0/toolchain/arm/arm-gnu-toolchain/bin/../lib/gcc/arm-none-eabi/6.3.1/thumb/v7e-m/crti.o
LOAD c:/program files (x86)/atmel/studio/7.0/toolchain/arm/arm-gnu-toolchain/bin/../lib/gcc/arm-none-eabi/6.3.1/thumb/v7e-m/crtbegin.o
LOAD c:/program files (x86)/atmel/studio/7.0/toolchain/arm/arm-gnu-toolchain/bin/../lib/gcc/arm-none-eabi/6.3.1/../../../../arm-none-eabi/lib/thumb/v7e-m/crt0.o
LOAD src/ASF/common/components/touch/mxt/mxt_device_1.o
LOAD src/ASF/common/services/clock/same70/sysclk.o
LOAD src/ASF/common/services/delay/sam/cycle_counter.o
LOAD src/ASF/common/services/serial/usart_serial.o
LOAD src/ASF/common/services/spi/sam_spi/spi_master.o
LOAD src/ASF/common/utils/interrupt/interrupt_sam_nvic.o
LOAD src/ASF/common/utils/stdio/read.o
LOAD src/ASF/common/utils/stdio/write.o
LOAD src/ASF/sam/boards/same70_xplained/init.o
LOAD src/ASF/sam/components/display/ili9488/ili9488.o
LOAD src/ASF/sam/drivers/mpu/mpu.o
LOAD src/ASF/sam/drivers/pio/pio.o
LOAD src/ASF/sam/drivers/pio/pio_handler.o
LOAD src/ASF/sam/drivers/pmc/pmc.o
LOAD src/ASF/sam/drivers/pmc/sleep.o
LOAD src/ASF/sam/drivers/spi/spi.o
LOAD src/ASF/sam/drivers/twihs/twihs.o
LOAD src/ASF/sam/drivers/uart/uart.o
LOAD src/ASF/sam/drivers/usart/usart.o
LOAD src/ASF/sam/utils/cmsis/same70/source/templates/gcc/startup_same70.o
LOAD src/ASF/sam/utils/cmsis/same70/source/templates/system_same70.o
LOAD src/ASF/sam/utils/syscalls/gcc/syscalls.o
LOAD src/main.o
START GROUP
LOAD ../src/ASF/thirdparty/CMSIS/Lib/GCC\libarm_cortexM7lfsp_math_softfp.a
LOAD c:/program files (x86)/atmel/studio/7.0/toolchain/arm/arm-gnu-toolchain/bin/../lib/gcc/arm-none-eabi/6.3.1/../../../../arm-none-eabi/lib/thumb/v7e-m\libm.a
END GROUP
START GROUP
LOAD c:/program files (x86)/atmel/studio/7.0/toolchain/arm/arm-gnu-toolchain/bin/../lib/gcc/arm-none-eabi/6.3.1/thumb/v7e-m\libgcc.a
LOAD c:/program files (x86)/atmel/studio/7.0/toolchain/arm/arm-gnu-toolchain/bin/../lib/gcc/arm-none-eabi/6.3.1/../../../../arm-none-eabi/lib/thumb/v7e-m\libc.a
END GROUP
LOAD c:/program files (x86)/atmel/studio/7.0/toolchain/arm/arm-gnu-toolchain/bin/../lib/gcc/arm-none-eabi/6.3.1/thumb/v7e-m/crtend.o
LOAD c:/program files (x86)/atmel/studio/7.0/toolchain/arm/arm-gnu-toolchain/bin/../lib/gcc/arm-none-eabi/6.3.1/thumb/v7e-m/crtn.o
                0x00002000                STACK_SIZE = DEFINED (STACK_SIZE)?STACK_SIZE:0x2000
                0x2045fffc                __ram_end__ = ((ORIGIN (ram) + LENGTH (ram)) - 0x4)
                0x00000200                HEAP_SIZE = DEFINED (HEAP_SIZE)?HEAP_SIZE:0x200

.text           0x00400000    0x53bc4
                0x00400000                . = ALIGN (0x4)
                0x00400000                _sfixed = .
 *(.vectors .vectors.*)
 .vectors       0x00400000      0x168 src/ASF/sam/utils/cmsis/same70/source/templates/gcc/startup_same70.o
                0x00400000                exception_table
 *(.text .text.* .gnu.linkonce.t.*)
 .text          0x00400168       0x6c c:/program files (x86)/atmel/studio/7.0/toolchain/arm/arm-gnu-toolchain/bin/../lib/gcc/arm-none-eabi/6.3.1/thumb/v7e-m/crtbegin.o
 .text.mxt_init_device
                0x004001d4      0x298 src/ASF/common/components/touch/mxt/mxt_device_1.o
                0x004001d4                mxt_init_device
 .text.mxt_get_object_address
                0x0040046c       0x40 src/ASF/common/components/touch/mxt/mxt_device_1.o
                0x0040046c                mxt_get_object_address
 .text.mxt_write_config_object
                0x004004ac       0x78 src/ASF/common/components/touch/mxt/mxt_device_1.o
                0x004004ac                mxt_write_config_object
 .text.mxt_write_config_reg
                0x00400524       0x48 src/ASF/common/components/touch/mxt/mxt_device_1.o
                0x00400524                mxt_write_config_reg
 .text.mxt_is_message_pending
                0x0040056c       0x24 src/ASF/common/components/touch/mxt/mxt_device_1.o
                0x0040056c                mxt_is_message_pending
 .text.mxt_read_message
                0x00400590       0x4c src/ASF/common/components/touch/mxt/mxt_device_1.o
                0x00400590                mxt_read_message
 .text.mxt_read_touch_event
                0x004005dc       0x70 src/ASF/common/components/touch/mxt/mxt_device_1.o
                0x004005dc                mxt_read_touch_event
 .text.sysclk_init
                0x0040064c       0x74 src/ASF/common/services/clock/same70/sysclk.o
                0x0040064c                sysclk_init
 .text.usart_serial_write_packet
                0x004006c0       0xd8 src/ASF/common/services/serial/usart_serial.o
                0x004006c0                usart_serial_write_packet
 .text.spi_master_init
                0x00400798       0x54 src/ASF/common/services/spi/sam_spi/spi_master.o
                0x00400798                spi_master_init
 .text.spi_master_setup_device
                0x004007ec       0x80 src/ASF/common/services/spi/sam_spi/spi_master.o
                0x004007ec                spi_master_setup_device
 .text.spi_select_device
                0x0040086c       0x30 src/ASF/common/services/spi/sam_spi/spi_master.o
                0x0040086c                spi_select_device
 .text.spi_write_packet
                0x0040089c       0x36 src/ASF/common/services/spi/sam_spi/spi_master.o
                0x0040089c                spi_write_packet
 .text.spi_read_packet
                0x004008d2       0x54 src/ASF/common/services/spi/sam_spi/spi_master.o
                0x004008d2                spi_read_packet
 *fill*         0x00400926        0x2 
 .text._read    0x00400928       0x3c src/ASF/common/utils/stdio/read.o
                0x00400928                _read
 .text._write   0x00400964       0x50 src/ASF/common/utils/stdio/write.o
                0x00400964                _write
 .text.board_init
                0x004009b4      0x2bc src/ASF/sam/boards/same70_xplained/init.o
                0x004009b4                board_init
 .text.ili9488_check_box_coordinates
                0x00400c70       0x56 src/ASF/sam/components/display/ili9488/ili9488.o
 *fill*         0x00400cc6        0x2 
 .text.ili9488_write_ram_prepare
                0x00400cc8       0x3c src/ASF/sam/components/display/ili9488/ili9488.o
 .text.ili9488_write_register
                0x00400d04       0x74 src/ASF/sam/components/display/ili9488/ili9488.o
 .text.ili9488_write_ram_buffer
                0x00400d78       0x40 src/ASF/sam/components/display/ili9488/ili9488.o
 .text.ili9488_delay
                0x00400db8       0x1c src/ASF/sam/components/display/ili9488/ili9488.o
                0x00400db8                ili9488_delay
 .text.ili9488_set_display_direction
                0x00400dd4       0x2c src/ASF/sam/components/display/ili9488/ili9488.o
                0x00400dd4                ili9488_set_display_direction
 .text.ili9488_set_window
                0x00400e00       0x80 src/ASF/sam/components/display/ili9488/ili9488.o
                0x00400e00                ili9488_set_window
 .text.ili9488_display_on
                0x00400e80       0x14 src/ASF/sam/components/display/ili9488/ili9488.o
                0x00400e80                ili9488_display_on
 .text.ili9488_set_foreground_color
                0x00400e94       0x28 src/ASF/sam/components/display/ili9488/ili9488.o
                0x00400e94                ili9488_set_foreground_color
 .text.ili9488_set_cursor_position
                0x00400ebc       0x64 src/ASF/sam/components/display/ili9488/ili9488.o
                0x00400ebc                ili9488_set_cursor_position
 .text.ili9488_init
                0x00400f20      0x1c4 src/ASF/sam/components/display/ili9488/ili9488.o
                0x00400f20                ili9488_init
 .text.ili9488_draw_filled_rectangle
                0x004010e4       0xbc src/ASF/sam/components/display/ili9488/ili9488.o
                0x004010e4                ili9488_draw_filled_rectangle
 .text.ili9488_draw_pixmap
                0x004011a0       0x78 src/ASF/sam/components/display/ili9488/ili9488.o
                0x004011a0                ili9488_draw_pixmap
 .text.pio_set  0x00401218        0x4 src/ASF/sam/drivers/pio/pio.o
                0x00401218                pio_set
 .text.pio_set_peripheral
                0x0040121c       0x92 src/ASF/sam/drivers/pio/pio.o
                0x0040121c                pio_set_peripheral
 .text.pio_set_input
                0x004012ae       0x36 src/ASF/sam/drivers/pio/pio.o
                0x004012ae                pio_set_input
 .text.pio_set_output
                0x004012e4       0x28 src/ASF/sam/drivers/pio/pio.o
                0x004012e4                pio_set_output
 .text.pio_configure
                0x0040130c       0x90 src/ASF/sam/drivers/pio/pio.o
                0x0040130c                pio_configure
 .text.pio_get_interrupt_status
                0x0040139c        0x4 src/ASF/sam/drivers/pio/pio.o
                0x0040139c                pio_get_interrupt_status
 .text.pio_get_interrupt_mask
                0x004013a0        0x4 src/ASF/sam/drivers/pio/pio.o
                0x004013a0                pio_get_interrupt_mask
 .text.pio_set_pin_high
                0x004013a4       0x1c src/ASF/sam/drivers/pio/pio.o
                0x004013a4                pio_set_pin_high
 .text.pio_set_pin_low
                0x004013c0       0x1c src/ASF/sam/drivers/pio/pio.o
                0x004013c0                pio_set_pin_low
 .text.pio_configure_pin
                0x004013dc      0x130 src/ASF/sam/drivers/pio/pio.o
                0x004013dc                pio_configure_pin
 .text.pio_handler_process
                0x0040150c       0x50 src/ASF/sam/drivers/pio/pio_handler.o
                0x0040150c                pio_handler_process
 .text.PIOA_Handler
                0x0040155c       0x14 src/ASF/sam/drivers/pio/pio_handler.o
                0x0040155c                PIOA_Handler
 .text.PIOB_Handler
                0x00401570       0x14 src/ASF/sam/drivers/pio/pio_handler.o
                0x00401570                PIOB_Handler
 .text.PIOC_Handler
                0x00401584       0x14 src/ASF/sam/drivers/pio/pio_handler.o
                0x00401584                PIOC_Handler
 .text.PIOD_Handler
                0x00401598       0x14 src/ASF/sam/drivers/pio/pio_handler.o
                0x00401598                PIOD_Handler
 .text.PIOE_Handler
                0x004015ac       0x14 src/ASF/sam/drivers/pio/pio_handler.o
                0x004015ac                PIOE_Handler
 .text.pmc_mck_set_division
                0x004015c0       0x38 src/ASF/sam/drivers/pmc/pmc.o
                0x004015c0                pmc_mck_set_division
 .text.pmc_switch_mck_to_pllack
                0x004015f8       0x64 src/ASF/sam/drivers/pmc/pmc.o
                0x004015f8                pmc_switch_mck_to_pllack
 .text.pmc_switch_mainck_to_xtal
                0x0040165c       0x54 src/ASF/sam/drivers/pmc/pmc.o
                0x0040165c                pmc_switch_mainck_to_xtal
 .text.pmc_osc_is_ready_mainck
                0x004016b0       0x10 src/ASF/sam/drivers/pmc/pmc.o
                0x004016b0                pmc_osc_is_ready_mainck
 .text.pmc_disable_pllack
                0x004016c0       0x10 src/ASF/sam/drivers/pmc/pmc.o
                0x004016c0                pmc_disable_pllack
 .text.pmc_is_locked_pllack
                0x004016d0       0x10 src/ASF/sam/drivers/pmc/pmc.o
                0x004016d0                pmc_is_locked_pllack
 .text.pmc_enable_periph_clk
                0x004016e0       0x20 src/ASF/sam/drivers/pmc/pmc.o
                0x004016e0                pmc_enable_periph_clk
 .text.spi_enable_clock
                0x00401700       0x2c src/ASF/sam/drivers/spi/spi.o
                0x00401700                spi_enable_clock
 .text.spi_set_peripheral_chip_select_value
                0x0040172c       0x16 src/ASF/sam/drivers/spi/spi.o
                0x0040172c                spi_set_peripheral_chip_select_value
 .text.spi_set_delay_between_chip_select
                0x00401742       0x12 src/ASF/sam/drivers/spi/spi.o
                0x00401742                spi_set_delay_between_chip_select
 .text.spi_write
                0x00401754       0x34 src/ASF/sam/drivers/spi/spi.o
                0x00401754                spi_write
 .text.spi_set_clock_polarity
                0x00401788       0x1e src/ASF/sam/drivers/spi/spi.o
                0x00401788                spi_set_clock_polarity
 .text.spi_set_clock_phase
                0x004017a6       0x1e src/ASF/sam/drivers/spi/spi.o
                0x004017a6                spi_set_clock_phase
 .text.spi_configure_cs_behavior
                0x004017c4       0x46 src/ASF/sam/drivers/spi/spi.o
                0x004017c4                spi_configure_cs_behavior
 .text.spi_set_bits_per_transfer
                0x0040180a       0x14 src/ASF/sam/drivers/spi/spi.o
                0x0040180a                spi_set_bits_per_transfer
 .text.spi_calc_baudrate_div
                0x0040181e       0x16 src/ASF/sam/drivers/spi/spi.o
                0x0040181e                spi_calc_baudrate_div
 .text.spi_set_baudrate_div
                0x00401834       0x28 src/ASF/sam/drivers/spi/spi.o
                0x00401834                spi_set_baudrate_div
 .text.spi_set_transfer_delay
                0x0040185c       0x1e src/ASF/sam/drivers/spi/spi.o
                0x0040185c                spi_set_transfer_delay
 *fill*         0x0040187a        0x2 
 .text.twihs_set_speed
                0x0040187c       0xb0 src/ASF/sam/drivers/twihs/twihs.o
                0x0040187c                twihs_set_speed
 .text.twihs_master_init
                0x0040192c       0x34 src/ASF/sam/drivers/twihs/twihs.o
                0x0040192c                twihs_master_init
 .text.twihs_master_read
                0x00401960       0xac src/ASF/sam/drivers/twihs/twihs.o
                0x00401960                twihs_master_read
 .text.twihs_master_write
                0x00401a0c       0xa0 src/ASF/sam/drivers/twihs/twihs.o
                0x00401a0c                twihs_master_write
 .text.uart_write
                0x00401aac       0x12 src/ASF/sam/drivers/uart/uart.o
                0x00401aac                uart_write
 .text.uart_read
                0x00401abe       0x14 src/ASF/sam/drivers/uart/uart.o
                0x00401abe                uart_read
 .text.usart_set_async_baudrate
                0x00401ad2       0x5a src/ASF/sam/drivers/usart/usart.o
                0x00401ad2                usart_set_async_baudrate
 .text.usart_reset
                0x00401b2c       0x28 src/ASF/sam/drivers/usart/usart.o
                0x00401b2c                usart_reset
 .text.usart_init_rs232
                0x00401b54       0x54 src/ASF/sam/drivers/usart/usart.o
                0x00401b54                usart_init_rs232
 .text.usart_enable_tx
                0x00401ba8        0x6 src/ASF/sam/drivers/usart/usart.o
                0x00401ba8                usart_enable_tx
 .text.usart_enable_rx
                0x00401bae        0x6 src/ASF/sam/drivers/usart/usart.o
                0x00401bae                usart_enable_rx
 .text.usart_write
                0x00401bb4       0x16 src/ASF/sam/drivers/usart/usart.o
                0x00401bb4                usart_write
 .text.usart_read
                0x00401bca       0x18 src/ASF/sam/drivers/usart/usart.o
                0x00401bca                usart_read
 .text.Dummy_Handler
                0x00401be2        0x2 src/ASF/sam/utils/cmsis/same70/source/templates/gcc/startup_same70.o
                0x00401be2                DACC_Handler
                0x00401be2                DebugMon_Handler
                0x00401be2                UART3_Handler
                0x00401be2                UART2_Handler
                0x00401be2                TRNG_Handler
                0x00401be2                HardFault_Handler
                0x00401be2                TC2_Handler
                0x00401be2                SysTick_Handler
                0x00401be2                AFEC1_Handler
                0x00401be2                PendSV_Handler
                0x00401be2                NMI_Handler
                0x00401be2                TC7_Handler
                0x00401be2                QSPI_Handler
                0x00401be2                ISI_Handler
                0x00401be2                MCAN0_INT0_Handler
                0x00401be2                TC9_Handler
                0x00401be2                RSWDT_Handler
                0x00401be2                USART0_Handler
                0x00401be2                RTT_Handler
                0x00401be2                USBHS_Handler
                0x00401be2                IXC_Handler
                0x00401be2                CCF_Handler
                0x00401be2                RTC_Handler
                0x00401be2                UsageFault_Handler
                0x00401be2                TC6_Handler
                0x00401be2                WDT_Handler
                0x00401be2                MCAN1_INT1_Handler
                0x00401be2                TC4_Handler
                0x00401be2                TC1_Handler
                0x00401be2                HSMCI_Handler
                0x00401be2                UART1_Handler
                0x00401be2                TC3_Handler
                0x00401be2                Dummy_Handler
                0x00401be2                TWIHS1_Handler
                0x00401be2                XDMAC_Handler
                0x00401be2                UART4_Handler
                0x00401be2                PWM1_Handler
                0x00401be2                USART1_Handler
                0x00401be2                PWM0_Handler
                0x00401be2                AFEC0_Handler
                0x00401be2                CCW_Handler
                0x00401be2                SSC_Handler
                0x00401be2                TC11_Handler
                0x00401be2                ACC_Handler
                0x00401be2                PMC_Handler
                0x00401be2                GMAC_Handler
                0x00401be2                MCAN0_INT1_Handler
                0x00401be2                GMAC_Q5_Handler
                0x00401be2                MemManage_Handler
                0x00401be2                SUPC_Handler
                0x00401be2                SVC_Handler
                0x00401be2                TC8_Handler
                0x00401be2                MCAN1_INT0_Handler
                0x00401be2                EFC_Handler
                0x00401be2                GMAC_Q1_Handler
                0x00401be2                USART2_Handler
                0x00401be2                SDRAMC_Handler
                0x00401be2                GMAC_Q2_Handler
                0x00401be2                SPI1_Handler
                0x00401be2                TC10_Handler
                0x00401be2                GMAC_Q3_Handler
                0x00401be2                TWIHS2_Handler
                0x00401be2                I2SC0_Handler
                0x00401be2                UART0_Handler
                0x00401be2                I2SC1_Handler
                0x00401be2                GMAC_Q4_Handler
                0x00401be2                FPU_Handler
                0x00401be2                BusFault_Handler
                0x00401be2                RSTC_Handler
                0x00401be2                TC0_Handler
                0x00401be2                TC5_Handler
                0x00401be2                ICM_Handler
                0x00401be2                AES_Handler
                0x00401be2                TWIHS0_Handler
                0x00401be2                SPI0_Handler
 .text.Reset_Handler
                0x00401be4       0xc8 src/ASF/sam/utils/cmsis/same70/source/templates/gcc/startup_same70.o
                0x00401be4                Reset_Handler
 .text.SystemCoreClockUpdate
                0x00401cac      0x10c src/ASF/sam/utils/cmsis/same70/source/templates/system_same70.o
                0x00401cac                SystemCoreClockUpdate
 .text.system_init_flash
                0x00401db8       0x8c src/ASF/sam/utils/cmsis/same70/source/templates/system_same70.o
                0x00401db8                system_init_flash
 .text._sbrk    0x00401e44       0x38 src/ASF/sam/utils/syscalls/gcc/syscalls.o
                0x00401e44                _sbrk
 .text._close   0x00401e7c        0x6 src/ASF/sam/utils/syscalls/gcc/syscalls.o
                0x00401e7c                _close
 .text._fstat   0x00401e82        0xa src/ASF/sam/utils/syscalls/gcc/syscalls.o
                0x00401e82                _fstat
 .text._isatty  0x00401e8c        0x4 src/ASF/sam/utils/syscalls/gcc/syscalls.o
                0x00401e8c                _isatty
 .text._lseek   0x00401e90        0x4 src/ASF/sam/utils/syscalls/gcc/syscalls.o
                0x00401e90                _lseek
 .text.usart_serial_getchar
                0x00401e94       0xdc src/main.o
 .text.usart_serial_putchar
                0x00401f70       0xd4 src/main.o
 .text.initMenuOrder
                0x00402044       0x34 src/main.o
                0x00402044                initMenuOrder
 .text.font_draw_text
                0x00402078       0x60 src/main.o
                0x00402078                font_draw_text
 .text.draw_screen
                0x004020d8       0x28 src/main.o
                0x004020d8                draw_screen
 .text.check_button_click
                0x00402100       0x6c src/main.o
                0x00402100                check_button_click
 .text.mxt_handler
                0x0040216c       0xf4 src/main.o
                0x0040216c                mxt_handler
 .text.main     0x00402260      0x58c src/main.o
                0x00402260                main
 .text          0x004027ec      0x370 c:/program files (x86)/atmel/studio/7.0/toolchain/arm/arm-gnu-toolchain/bin/../lib/gcc/arm-none-eabi/6.3.1/thumb/v7e-m\libgcc.a(_arm_addsubdf3.o)
                0x004027ec                __aeabi_drsub
                0x004027f4                __aeabi_dsub
                0x004027f4                __subdf3
                0x004027f8                __aeabi_dadd
                0x004027f8                __adddf3
                0x00402a70                __floatunsidf
                0x00402a70                __aeabi_ui2d
                0x00402a90                __floatsidf
                0x00402a90                __aeabi_i2d
                0x00402ab4                __aeabi_f2d
                0x00402ab4                __extendsfdf2
                0x00402af0                __floatundidf
                0x00402af0                __aeabi_ul2d
                0x00402b00                __floatdidf
                0x00402b00                __aeabi_l2d
 .text          0x00402b5c      0x424 c:/program files (x86)/atmel/studio/7.0/toolchain/arm/arm-gnu-toolchain/bin/../lib/gcc/arm-none-eabi/6.3.1/thumb/v7e-m\libgcc.a(_arm_muldivdf3.o)
                0x00402b5c                __aeabi_dmul
                0x00402b5c                __muldf3
                0x00402db0                __divdf3
                0x00402db0                __aeabi_ddiv
 .text          0x00402f80      0x110 c:/program files (x86)/atmel/studio/7.0/toolchain/arm/arm-gnu-toolchain/bin/../lib/gcc/arm-none-eabi/6.3.1/thumb/v7e-m\libgcc.a(_arm_cmpdf2.o)
                0x00402f80                __gtdf2
                0x00402f80                __gedf2
                0x00402f88                __ltdf2
                0x00402f88                __ledf2
                0x00402f90                __nedf2
                0x00402f90                __eqdf2
                0x00402f90                __cmpdf2
                0x0040300c                __aeabi_cdrcmple
                0x0040301c                __aeabi_cdcmpeq
                0x0040301c                __aeabi_cdcmple
                0x0040302c                __aeabi_dcmpeq
                0x00403040                __aeabi_dcmplt
                0x00403054                __aeabi_dcmple
                0x00403068                __aeabi_dcmpge
                0x0040307c                __aeabi_dcmpgt
 .text          0x00403090       0x2c c:/program files (x86)/atmel/studio/7.0/toolchain/arm/arm-gnu-toolchain/bin/../lib/gcc/arm-none-eabi/6.3.1/thumb/v7e-m\libgcc.a(_arm_unorddf2.o)
                0x00403090                __unorddf2
                0x00403090                __aeabi_dcmpun
 .text          0x004030bc       0x50 c:/program files (x86)/atmel/studio/7.0/toolchain/arm/arm-gnu-toolchain/bin/../lib/gcc/arm-none-eabi/6.3.1/thumb/v7e-m\libgcc.a(_arm_fixdfsi.o)
                0x004030bc                __aeabi_d2iz
                0x004030bc                __fixdfsi
 .text._calloc_r
                0x0040310c       0x60 c:/program files (x86)/atmel/studio/7.0/toolchain/arm/arm-gnu-toolchain/bin/../lib/gcc/arm-none-eabi/6.3.1/../../../../arm-none-eabi/lib/thumb/v7e-m\libc.a(lib_a-callocr.o)
                0x0040310c                _calloc_r
 .text.__libc_init_array
                0x0040316c       0x50 c:/program files (x86)/atmel/studio/7.0/toolchain/arm/arm-gnu-toolchain/bin/../lib/gcc/arm-none-eabi/6.3.1/../../../../arm-none-eabi/lib/thumb/v7e-m\libc.a(lib_a-init.o)
                0x0040316c                __libc_init_array
 .text.iprintf  0x004031bc       0x28 c:/program files (x86)/atmel/studio/7.0/toolchain/arm/arm-gnu-toolchain/bin/../lib/gcc/arm-none-eabi/6.3.1/../../../../arm-none-eabi/lib/thumb/v7e-m\libc.a(lib_a-iprintf.o)
                0x004031bc                iprintf
 .text.malloc   0x004031e4       0x10 c:/program files (x86)/atmel/studio/7.0/toolchain/arm/arm-gnu-toolchain/bin/../lib/gcc/arm-none-eabi/6.3.1/../../../../arm-none-eabi/lib/thumb/v7e-m\libc.a(lib_a-malloc.o)
                0x004031e4                malloc
 .text._malloc_r
                0x004031f4      0x560 c:/program files (x86)/atmel/studio/7.0/toolchain/arm/arm-gnu-toolchain/bin/../lib/gcc/arm-none-eabi/6.3.1/../../../../arm-none-eabi/lib/thumb/v7e-m\libc.a(lib_a-mallocr.o)
                0x004031f4                _malloc_r
 .text.memset   0x00403754       0x9c c:/program files (x86)/atmel/studio/7.0/toolchain/arm/arm-gnu-toolchain/bin/../lib/gcc/arm-none-eabi/6.3.1/../../../../arm-none-eabi/lib/thumb/v7e-m\libc.a(lib_a-memset.o)
                0x00403754                memset
 .text.__malloc_lock
                0x004037f0        0xc c:/program files (x86)/atmel/studio/7.0/toolchain/arm/arm-gnu-toolchain/bin/../lib/gcc/arm-none-eabi/6.3.1/../../../../arm-none-eabi/lib/thumb/v7e-m\libc.a(lib_a-mlock.o)
                0x004037f0                __malloc_lock
 .text.__malloc_unlock
                0x004037fc        0xc c:/program files (x86)/atmel/studio/7.0/toolchain/arm/arm-gnu-toolchain/bin/../lib/gcc/arm-none-eabi/6.3.1/../../../../arm-none-eabi/lib/thumb/v7e-m\libc.a(lib_a-mlock.o)
                0x004037fc                __malloc_unlock
 .text._sbrk_r  0x00403808       0x24 c:/program files (x86)/atmel/studio/7.0/toolchain/arm/arm-gnu-toolchain/bin/../lib/gcc/arm-none-eabi/6.3.1/../../../../arm-none-eabi/lib/thumb/v7e-m\libc.a(lib_a-sbrkr.o)
                0x00403808                _sbrk_r
 .text.setbuf   0x0040382c       0x10 c:/program files (x86)/atmel/studio/7.0/toolchain/arm/arm-gnu-toolchain/bin/../lib/gcc/arm-none-eabi/6.3.1/../../../../arm-none-eabi/lib/thumb/v7e-m\libc.a(lib_a-setbuf.o)
                0x0040382c                setbuf
 .text.setvbuf  0x0040383c      0x190 c:/program files (x86)/atmel/studio/7.0/toolchain/arm/arm-gnu-toolchain/bin/../lib/gcc/arm-none-eabi/6.3.1/../../../../arm-none-eabi/lib/thumb/v7e-m\libc.a(lib_a-setvbuf.o)
                0x0040383c                setvbuf
 .text.sprintf  0x004039cc       0x4c c:/program files (x86)/atmel/studio/7.0/toolchain/arm/arm-gnu-toolchain/bin/../lib/gcc/arm-none-eabi/6.3.1/../../../../arm-none-eabi/lib/thumb/v7e-m\libc.a(lib_a-sprintf.o)
                0x004039cc                sprintf
 .text.strcat   0x00403a18       0x40 c:/program files (x86)/atmel/studio/7.0/toolchain/arm/arm-gnu-toolchain/bin/../lib/gcc/arm-none-eabi/6.3.1/../../../../arm-none-eabi/lib/thumb/v7e-m\libc.a(lib_a-strcat.o)
                0x00403a18                strcat
 .text.strcpy   0x00403a58       0xbc c:/program files (x86)/atmel/studio/7.0/toolchain/arm/arm-gnu-toolchain/bin/../lib/gcc/arm-none-eabi/6.3.1/../../../../arm-none-eabi/lib/thumb/v7e-m\libc.a(lib_a-strcpy.o)
                0x00403a58                strcpy
 *fill*         0x00403b14       0x2c 
 .text          0x00403b40       0xdc c:/program files (x86)/atmel/studio/7.0/toolchain/arm/arm-gnu-toolchain/bin/../lib/gcc/arm-none-eabi/6.3.1/../../../../arm-none-eabi/lib/thumb/v7e-m\libc.a(lib_a-strlen.o)
                0x00403b40                strlen
 .text._svfprintf_r
                0x00403c1c     0x145c c:/program files (x86)/atmel/studio/7.0/toolchain/arm/arm-gnu-toolchain/bin/../lib/gcc/arm-none-eabi/6.3.1/../../../../arm-none-eabi/lib/thumb/v7e-m\libc.a(lib_a-svfprintf.o)
                0x00403c1c                _svfprintf_r
 .text.__sprint_r.part.0
                0x00405078       0x80 c:/program files (x86)/atmel/studio/7.0/toolchain/arm/arm-gnu-toolchain/bin/../lib/gcc/arm-none-eabi/6.3.1/../../../../arm-none-eabi/lib/thumb/v7e-m\libc.a(lib_a-vfiprintf.o)
 .text._vfiprintf_r
                0x004050f8      0xc90 c:/program files (x86)/atmel/studio/7.0/toolchain/arm/arm-gnu-toolchain/bin/../lib/gcc/arm-none-eabi/6.3.1/../../../../arm-none-eabi/lib/thumb/v7e-m\libc.a(lib_a-vfiprintf.o)
                0x004050f8                _vfiprintf_r
 .text.__sbprintf
                0x00405d88       0x84 c:/program files (x86)/atmel/studio/7.0/toolchain/arm/arm-gnu-toolchain/bin/../lib/gcc/arm-none-eabi/6.3.1/../../../../arm-none-eabi/lib/thumb/v7e-m\libc.a(lib_a-vfiprintf.o)
 .text.__swsetup_r
                0x00405e0c       0xc8 c:/program files (x86)/atmel/studio/7.0/toolchain/arm/arm-gnu-toolchain/bin/../lib/gcc/arm-none-eabi/6.3.1/../../../../arm-none-eabi/lib/thumb/v7e-m\libc.a(lib_a-wsetup.o)
                0x00405e0c                __swsetup_r
 .text.startup.register_fini
                0x00405ed4       0x14 c:/program files (x86)/atmel/studio/7.0/toolchain/arm/arm-gnu-toolchain/bin/../lib/gcc/arm-none-eabi/6.3.1/../../../../arm-none-eabi/lib/thumb/v7e-m\libc.a(lib_a-__call_atexit.o)
 .text.atexit   0x00405ee8        0xc c:/program files (x86)/atmel/studio/7.0/toolchain/arm/arm-gnu-toolchain/bin/../lib/gcc/arm-none-eabi/6.3.1/../../../../arm-none-eabi/lib/thumb/v7e-m\libc.a(lib_a-atexit.o)
                0x00405ee8                atexit
 .text.quorem   0x00405ef4      0x128 c:/program files (x86)/atmel/studio/7.0/toolchain/arm/arm-gnu-toolchain/bin/../lib/gcc/arm-none-eabi/6.3.1/../../../../arm-none-eabi/lib/thumb/v7e-m\libc.a(lib_a-dtoa.o)
 *fill*         0x0040601c        0x4 
 .text._dtoa_r  0x00406020      0xe54 c:/program files (x86)/atmel/studio/7.0/toolchain/arm/arm-gnu-toolchain/bin/../lib/gcc/arm-none-eabi/6.3.1/../../../../arm-none-eabi/lib/thumb/v7e-m\libc.a(lib_a-dtoa.o)
                0x00406020                _dtoa_r
 .text.__sflush_r
                0x00406e74      0x140 c:/program files (x86)/atmel/studio/7.0/toolchain/arm/arm-gnu-toolchain/bin/../lib/gcc/arm-none-eabi/6.3.1/../../../../arm-none-eabi/lib/thumb/v7e-m\libc.a(lib_a-fflush.o)
                0x00406e74                __sflush_r
 .text._fflush_r
                0x00406fb4       0x54 c:/program files (x86)/atmel/studio/7.0/toolchain/arm/arm-gnu-toolchain/bin/../lib/gcc/arm-none-eabi/6.3.1/../../../../arm-none-eabi/lib/thumb/v7e-m\libc.a(lib_a-fflush.o)
                0x00406fb4                _fflush_r
 .text._cleanup_r
                0x00407008        0xc c:/program files (x86)/atmel/studio/7.0/toolchain/arm/arm-gnu-toolchain/bin/../lib/gcc/arm-none-eabi/6.3.1/../../../../arm-none-eabi/lib/thumb/v7e-m\libc.a(lib_a-findfp.o)
                0x00407008                _cleanup_r
 .text.std.isra.0
                0x00407014       0x50 c:/program files (x86)/atmel/studio/7.0/toolchain/arm/arm-gnu-toolchain/bin/../lib/gcc/arm-none-eabi/6.3.1/../../../../arm-none-eabi/lib/thumb/v7e-m\libc.a(lib_a-findfp.o)
 .text.__sinit  0x00407064       0x58 c:/program files (x86)/atmel/studio/7.0/toolchain/arm/arm-gnu-toolchain/bin/../lib/gcc/arm-none-eabi/6.3.1/../../../../arm-none-eabi/lib/thumb/v7e-m\libc.a(lib_a-findfp.o)
                0x00407064                __sinit
 .text.__sfp_lock_acquire
                0x004070bc        0xc c:/program files (x86)/atmel/studio/7.0/toolchain/arm/arm-gnu-toolchain/bin/../lib/gcc/arm-none-eabi/6.3.1/../../../../arm-none-eabi/lib/thumb/v7e-m\libc.a(lib_a-findfp.o)
                0x004070bc                __sfp_lock_acquire
 .text.__sfp_lock_release
                0x004070c8        0xc c:/program files (x86)/atmel/studio/7.0/toolchain/arm/arm-gnu-toolchain/bin/../lib/gcc/arm-none-eabi/6.3.1/../../../../arm-none-eabi/lib/thumb/v7e-m\libc.a(lib_a-findfp.o)
                0x004070c8                __sfp_lock_release
 .text.__libc_fini_array
                0x004070d4       0x34 c:/program files (x86)/atmel/studio/7.0/toolchain/arm/arm-gnu-toolchain/bin/../lib/gcc/arm-none-eabi/6.3.1/../../../../arm-none-eabi/lib/thumb/v7e-m\libc.a(lib_a-fini.o)
                0x004070d4                __libc_fini_array
 .text.__fputwc
                0x00407108       0xa0 c:/program files (x86)/atmel/studio/7.0/toolchain/arm/arm-gnu-toolchain/bin/../lib/gcc/arm-none-eabi/6.3.1/../../../../arm-none-eabi/lib/thumb/v7e-m\libc.a(lib_a-fputwc.o)
                0x00407108                __fputwc
 .text._fputwc_r
                0x004071a8       0x68 c:/program files (x86)/atmel/studio/7.0/toolchain/arm/arm-gnu-toolchain/bin/../lib/gcc/arm-none-eabi/6.3.1/../../../../arm-none-eabi/lib/thumb/v7e-m\libc.a(lib_a-fputwc.o)
                0x004071a8                _fputwc_r
 .text._malloc_trim_r
                0x00407210       0xa0 c:/program files (x86)/atmel/studio/7.0/toolchain/arm/arm-gnu-toolchain/bin/../lib/gcc/arm-none-eabi/6.3.1/../../../../arm-none-eabi/lib/thumb/v7e-m\libc.a(lib_a-freer.o)
                0x00407210                _malloc_trim_r
 .text._free_r  0x004072b0      0x1cc c:/program files (x86)/atmel/studio/7.0/toolchain/arm/arm-gnu-toolchain/bin/../lib/gcc/arm-none-eabi/6.3.1/../../../../arm-none-eabi/lib/thumb/v7e-m\libc.a(lib_a-freer.o)
                0x004072b0                _free_r
 .text.__sfvwrite_r
                0x0040747c      0x2f0 c:/program files (x86)/atmel/studio/7.0/toolchain/arm/arm-gnu-toolchain/bin/../lib/gcc/arm-none-eabi/6.3.1/../../../../arm-none-eabi/lib/thumb/v7e-m\libc.a(lib_a-fvwrite.o)
                0x0040747c                __sfvwrite_r
 .text._fwalk_reent
                0x0040776c       0x54 c:/program files (x86)/atmel/studio/7.0/toolchain/arm/arm-gnu-toolchain/bin/../lib/gcc/arm-none-eabi/6.3.1/../../../../arm-none-eabi/lib/thumb/v7e-m\libc.a(lib_a-fwalk.o)
                0x0040776c                _fwalk_reent
 .text.__locale_mb_cur_max
                0x004077c0       0x1c c:/program files (x86)/atmel/studio/7.0/toolchain/arm/arm-gnu-toolchain/bin/../lib/gcc/arm-none-eabi/6.3.1/../../../../arm-none-eabi/lib/thumb/v7e-m\libc.a(lib_a-locale.o)
                0x004077c0                __locale_mb_cur_max
 .text._localeconv_r
                0x004077dc       0x1c c:/program files (x86)/atmel/studio/7.0/toolchain/arm/arm-gnu-toolchain/bin/../lib/gcc/arm-none-eabi/6.3.1/../../../../arm-none-eabi/lib/thumb/v7e-m\libc.a(lib_a-localeconv.o)
                0x004077dc                _localeconv_r
 .text.__retarget_lock_init_recursive
                0x004077f8        0x4 c:/program files (x86)/atmel/studio/7.0/toolchain/arm/arm-gnu-toolchain/bin/../lib/gcc/arm-none-eabi/6.3.1/../../../../arm-none-eabi/lib/thumb/v7e-m\libc.a(lib_a-lock.o)
                0x004077f8                __retarget_lock_init_recursive
 .text.__retarget_lock_close_recursive
                0x004077fc        0x4 c:/program files (x86)/atmel/studio/7.0/toolchain/arm/arm-gnu-toolchain/bin/../lib/gcc/arm-none-eabi/6.3.1/../../../../arm-none-eabi/lib/thumb/v7e-m\libc.a(lib_a-lock.o)
                0x004077fc                __retarget_lock_close_recursive
 .text.__retarget_lock_acquire_recursive
                0x00407800        0x4 c:/program files (x86)/atmel/studio/7.0/toolchain/arm/arm-gnu-toolchain/bin/../lib/gcc/arm-none-eabi/6.3.1/../../../../arm-none-eabi/lib/thumb/v7e-m\libc.a(lib_a-lock.o)
                0x00407800                __retarget_lock_acquire_recursive
 .text.__retarget_lock_release_recursive
                0x00407804        0x4 c:/program files (x86)/atmel/studio/7.0/toolchain/arm/arm-gnu-toolchain/bin/../lib/gcc/arm-none-eabi/6.3.1/../../../../arm-none-eabi/lib/thumb/v7e-m\libc.a(lib_a-lock.o)
                0x00407804                __retarget_lock_release_recursive
 .text.__swhatbuf_r
                0x00407808       0x5c c:/program files (x86)/atmel/studio/7.0/toolchain/arm/arm-gnu-toolchain/bin/../lib/gcc/arm-none-eabi/6.3.1/../../../../arm-none-eabi/lib/thumb/v7e-m\libc.a(lib_a-makebuf.o)
                0x00407808                __swhatbuf_r
 .text.__smakebuf_r
                0x00407864       0x94 c:/program files (x86)/atmel/studio/7.0/toolchain/arm/arm-gnu-toolchain/bin/../lib/gcc/arm-none-eabi/6.3.1/../../../../arm-none-eabi/lib/thumb/v7e-m\libc.a(lib_a-makebuf.o)
                0x00407864                __smakebuf_r
 .text.__ascii_mbtowc
                0x004078f8       0x2c c:/program files (x86)/atmel/studio/7.0/toolchain/arm/arm-gnu-toolchain/bin/../lib/gcc/arm-none-eabi/6.3.1/../../../../arm-none-eabi/lib/thumb/v7e-m\libc.a(lib_a-mbtowc_r.o)
                0x004078f8                __ascii_mbtowc
 *fill*         0x00407924        0xc 
 .text          0x00407930       0xa0 c:/program files (x86)/atmel/studio/7.0/toolchain/arm/arm-gnu-toolchain/bin/../lib/gcc/arm-none-eabi/6.3.1/../../../../arm-none-eabi/lib/thumb/v7e-m\libc.a(lib_a-memchr.o)
                0x00407930                memchr
 .text          0x004079d0      0x134 c:/program files (x86)/atmel/studio/7.0/toolchain/arm/arm-gnu-toolchain/bin/../lib/gcc/arm-none-eabi/6.3.1/../../../../arm-none-eabi/lib/thumb/v7e-m\libc.a(lib_a-memcpy.o)
                0x004079d0                memcpy
 .text.memmove  0x00407b04       0xc8 c:/program files (x86)/atmel/studio/7.0/toolchain/arm/arm-gnu-toolchain/bin/../lib/gcc/arm-none-eabi/6.3.1/../../../../arm-none-eabi/lib/thumb/v7e-m\libc.a(lib_a-memmove.o)
                0x00407b04                memmove
 .text._Balloc  0x00407bcc       0x4c c:/program files (x86)/atmel/studio/7.0/toolchain/arm/arm-gnu-toolchain/bin/../lib/gcc/arm-none-eabi/6.3.1/../../../../arm-none-eabi/lib/thumb/v7e-m\libc.a(lib_a-mprec.o)
                0x00407bcc                _Balloc
 .text._Bfree   0x00407c18       0x14 c:/program files (x86)/atmel/studio/7.0/toolchain/arm/arm-gnu-toolchain/bin/../lib/gcc/arm-none-eabi/6.3.1/../../../../arm-none-eabi/lib/thumb/v7e-m\libc.a(lib_a-mprec.o)
                0x00407c18                _Bfree
 .text.__multadd
                0x00407c2c       0x80 c:/program files (x86)/atmel/studio/7.0/toolchain/arm/arm-gnu-toolchain/bin/../lib/gcc/arm-none-eabi/6.3.1/../../../../arm-none-eabi/lib/thumb/v7e-m\libc.a(lib_a-mprec.o)
                0x00407c2c                __multadd
 .text.__hi0bits
                0x00407cac       0x40 c:/program files (x86)/atmel/studio/7.0/toolchain/arm/arm-gnu-toolchain/bin/../lib/gcc/arm-none-eabi/6.3.1/../../../../arm-none-eabi/lib/thumb/v7e-m\libc.a(lib_a-mprec.o)
                0x00407cac                __hi0bits
 .text.__lo0bits
                0x00407cec       0x60 c:/program files (x86)/atmel/studio/7.0/toolchain/arm/arm-gnu-toolchain/bin/../lib/gcc/arm-none-eabi/6.3.1/../../../../arm-none-eabi/lib/thumb/v7e-m\libc.a(lib_a-mprec.o)
                0x00407cec                __lo0bits
 .text.__i2b    0x00407d4c       0x14 c:/program files (x86)/atmel/studio/7.0/toolchain/arm/arm-gnu-toolchain/bin/../lib/gcc/arm-none-eabi/6.3.1/../../../../arm-none-eabi/lib/thumb/v7e-m\libc.a(lib_a-mprec.o)
                0x00407d4c                __i2b
 .text.__multiply
                0x00407d60      0x124 c:/program files (x86)/atmel/studio/7.0/toolchain/arm/arm-gnu-toolchain/bin/../lib/gcc/arm-none-eabi/6.3.1/../../../../arm-none-eabi/lib/thumb/v7e-m\libc.a(lib_a-mprec.o)
                0x00407d60                __multiply
 .text.__pow5mult
                0x00407e84       0xa0 c:/program files (x86)/atmel/studio/7.0/toolchain/arm/arm-gnu-toolchain/bin/../lib/gcc/arm-none-eabi/6.3.1/../../../../arm-none-eabi/lib/thumb/v7e-m\libc.a(lib_a-mprec.o)
                0x00407e84                __pow5mult
 .text.__lshift
                0x00407f24       0xa4 c:/program files (x86)/atmel/studio/7.0/toolchain/arm/arm-gnu-toolchain/bin/../lib/gcc/arm-none-eabi/6.3.1/../../../../arm-none-eabi/lib/thumb/v7e-m\libc.a(lib_a-mprec.o)
                0x00407f24                __lshift
 .text.__mcmp   0x00407fc8       0x38 c:/program files (x86)/atmel/studio/7.0/toolchain/arm/arm-gnu-toolchain/bin/../lib/gcc/arm-none-eabi/6.3.1/../../../../arm-none-eabi/lib/thumb/v7e-m\libc.a(lib_a-mprec.o)
                0x00407fc8                __mcmp
 .text.__mdiff  0x00408000      0x108 c:/program files (x86)/atmel/studio/7.0/toolchain/arm/arm-gnu-toolchain/bin/../lib/gcc/arm-none-eabi/6.3.1/../../../../arm-none-eabi/lib/thumb/v7e-m\libc.a(lib_a-mprec.o)
                0x00408000                __mdiff
 .text.__d2b    0x00408108       0xb8 c:/program files (x86)/atmel/studio/7.0/toolchain/arm/arm-gnu-toolchain/bin/../lib/gcc/arm-none-eabi/6.3.1/../../../../arm-none-eabi/lib/thumb/v7e-m\libc.a(lib_a-mprec.o)
                0x00408108                __d2b
 .text._realloc_r
                0x004081c0      0x34c c:/program files (x86)/atmel/studio/7.0/toolchain/arm/arm-gnu-toolchain/bin/../lib/gcc/arm-none-eabi/6.3.1/../../../../arm-none-eabi/lib/thumb/v7e-m\libc.a(lib_a-reallocr.o)
                0x004081c0                _realloc_r
 .text.__sread  0x0040850c       0x24 c:/program files (x86)/atmel/studio/7.0/toolchain/arm/arm-gnu-toolchain/bin/../lib/gcc/arm-none-eabi/6.3.1/../../../../arm-none-eabi/lib/thumb/v7e-m\libc.a(lib_a-stdio.o)
                0x0040850c                __sread
 .text.__swrite
                0x00408530       0x3c c:/program files (x86)/atmel/studio/7.0/toolchain/arm/arm-gnu-toolchain/bin/../lib/gcc/arm-none-eabi/6.3.1/../../../../arm-none-eabi/lib/thumb/v7e-m\libc.a(lib_a-stdio.o)
                0x00408530                __swrite
 .text.__sseek  0x0040856c       0x20 c:/program files (x86)/atmel/studio/7.0/toolchain/arm/arm-gnu-toolchain/bin/../lib/gcc/arm-none-eabi/6.3.1/../../../../arm-none-eabi/lib/thumb/v7e-m\libc.a(lib_a-stdio.o)
                0x0040856c                __sseek
 .text.__sclose
                0x0040858c        0x8 c:/program files (x86)/atmel/studio/7.0/toolchain/arm/arm-gnu-toolchain/bin/../lib/gcc/arm-none-eabi/6.3.1/../../../../arm-none-eabi/lib/thumb/v7e-m\libc.a(lib_a-stdio.o)
                0x0040858c                __sclose
 .text.__ssprint_r
                0x00408594       0xfc c:/program files (x86)/atmel/studio/7.0/toolchain/arm/arm-gnu-toolchain/bin/../lib/gcc/arm-none-eabi/6.3.1/../../../../arm-none-eabi/lib/thumb/v7e-m\libc.a(lib_a-svfiprintf.o)
                0x00408594                __ssprint_r
 .text.__swbuf_r
                0x00408690       0xb0 c:/program files (x86)/atmel/studio/7.0/toolchain/arm/arm-gnu-toolchain/bin/../lib/gcc/arm-none-eabi/6.3.1/../../../../arm-none-eabi/lib/thumb/v7e-m\libc.a(lib_a-wbuf.o)
                0x00408690                __swbuf_r
 .text._wcrtomb_r
                0x00408740       0x54 c:/program files (x86)/atmel/studio/7.0/toolchain/arm/arm-gnu-toolchain/bin/../lib/gcc/arm-none-eabi/6.3.1/../../../../arm-none-eabi/lib/thumb/v7e-m\libc.a(lib_a-wcrtomb.o)
                0x00408740                _wcrtomb_r
 .text.__ascii_wctomb
                0x00408794       0x1c c:/program files (x86)/atmel/studio/7.0/toolchain/arm/arm-gnu-toolchain/bin/../lib/gcc/arm-none-eabi/6.3.1/../../../../arm-none-eabi/lib/thumb/v7e-m\libc.a(lib_a-wctomb_r.o)
                0x00408794                __ascii_wctomb
 .text._write_r
                0x004087b0       0x2c c:/program files (x86)/atmel/studio/7.0/toolchain/arm/arm-gnu-toolchain/bin/../lib/gcc/arm-none-eabi/6.3.1/../../../../arm-none-eabi/lib/thumb/v7e-m\libc.a(lib_a-writer.o)
                0x004087b0                _write_r
 .text.__register_exitproc
                0x004087dc       0xc4 c:/program files (x86)/atmel/studio/7.0/toolchain/arm/arm-gnu-toolchain/bin/../lib/gcc/arm-none-eabi/6.3.1/../../../../arm-none-eabi/lib/thumb/v7e-m\libc.a(lib_a-__atexit.o)
                0x004087dc                __register_exitproc
 .text._close_r
                0x004088a0       0x24 c:/program files (x86)/atmel/studio/7.0/toolchain/arm/arm-gnu-toolchain/bin/../lib/gcc/arm-none-eabi/6.3.1/../../../../arm-none-eabi/lib/thumb/v7e-m\libc.a(lib_a-closer.o)
                0x004088a0                _close_r
 .text._fclose_r
                0x004088c4       0xc4 c:/program files (x86)/atmel/studio/7.0/toolchain/arm/arm-gnu-toolchain/bin/../lib/gcc/arm-none-eabi/6.3.1/../../../../arm-none-eabi/lib/thumb/v7e-m\libc.a(lib_a-fclose.o)
                0x004088c4                _fclose_r
 .text._fstat_r
                0x00408988       0x28 c:/program files (x86)/atmel/studio/7.0/toolchain/arm/arm-gnu-toolchain/bin/../lib/gcc/arm-none-eabi/6.3.1/../../../../arm-none-eabi/lib/thumb/v7e-m\libc.a(lib_a-fstatr.o)
                0x00408988                _fstat_r
 .text._isatty_r
                0x004089b0       0x24 c:/program files (x86)/atmel/studio/7.0/toolchain/arm/arm-gnu-toolchain/bin/../lib/gcc/arm-none-eabi/6.3.1/../../../../arm-none-eabi/lib/thumb/v7e-m\libc.a(lib_a-isattyr.o)
                0x004089b0                _isatty_r
 .text._lseek_r
                0x004089d4       0x2c c:/program files (x86)/atmel/studio/7.0/toolchain/arm/arm-gnu-toolchain/bin/../lib/gcc/arm-none-eabi/6.3.1/../../../../arm-none-eabi/lib/thumb/v7e-m\libc.a(lib_a-lseekr.o)
                0x004089d4                _lseek_r
 .text._read_r  0x00408a00       0x2c c:/program files (x86)/atmel/studio/7.0/toolchain/arm/arm-gnu-toolchain/bin/../lib/gcc/arm-none-eabi/6.3.1/../../../../arm-none-eabi/lib/thumb/v7e-m\libc.a(lib_a-readr.o)
                0x00408a00                _read_r
 .text          0x00408a2c       0x30 c:/program files (x86)/atmel/studio/7.0/toolchain/arm/arm-gnu-toolchain/bin/../lib/gcc/arm-none-eabi/6.3.1/thumb/v7e-m\libgcc.a(_aeabi_uldivmod.o)
                0x00408a2c                __aeabi_uldivmod
 .text          0x00408a5c      0x2dc c:/program files (x86)/atmel/studio/7.0/toolchain/arm/arm-gnu-toolchain/bin/../lib/gcc/arm-none-eabi/6.3.1/thumb/v7e-m\libgcc.a(_udivmoddi4.o)
                0x00408a5c                __udivmoddi4
 .text          0x00408d38        0x4 c:/program files (x86)/atmel/studio/7.0/toolchain/arm/arm-gnu-toolchain/bin/../lib/gcc/arm-none-eabi/6.3.1/thumb/v7e-m\libgcc.a(_dvmd_tls.o)
                0x00408d38                __aeabi_idiv0
                0x00408d38                __aeabi_ldiv0
 *(.glue_7t)
 .glue_7t       0x00408d3c        0x0 linker stubs
 *(.glue_7)
 .glue_7        0x00408d3c        0x0 linker stubs
 *(.rodata .rodata* .gnu.linkonce.r.*)
 .rodata        0x00408d3c       0x5d src/main.o
 *fill*         0x00408d99        0x3 
 .rodata.calibri_36
                0x00408d9c        0xc src/main.o
                0x00408d9c                calibri_36
 .rodata.calibri_36_0x20
                0x00408da8       0x10 src/main.o
 .rodata.calibri_36_0x21
                0x00408db8       0x10 src/main.o
 .rodata.calibri_36_0x22
                0x00408dc8       0x10 src/main.o
 .rodata.calibri_36_0x23
                0x00408dd8       0x10 src/main.o
 .rodata.calibri_36_0x24
                0x00408de8       0x10 src/main.o
 .rodata.calibri_36_0x25
                0x00408df8       0x10 src/main.o
 .rodata.calibri_36_0x26
                0x00408e08       0x10 src/main.o
 .rodata.calibri_36_0x27
                0x00408e18       0x10 src/main.o
 .rodata.calibri_36_0x28
                0x00408e28       0x10 src/main.o
 .rodata.calibri_36_0x29
                0x00408e38       0x10 src/main.o
 .rodata.calibri_36_0x2a
                0x00408e48       0x10 src/main.o
 .rodata.calibri_36_0x2b
                0x00408e58       0x10 src/main.o
 .rodata.calibri_36_0x2c
                0x00408e68       0x10 src/main.o
 .rodata.calibri_36_0x2d
                0x00408e78       0x10 src/main.o
 .rodata.calibri_36_0x2e
                0x00408e88       0x10 src/main.o
 .rodata.calibri_36_0x2f
                0x00408e98       0x10 src/main.o
 .rodata.calibri_36_0x30
                0x00408ea8       0x10 src/main.o
 .rodata.calibri_36_0x31
                0x00408eb8       0x10 src/main.o
 .rodata.calibri_36_0x32
                0x00408ec8       0x10 src/main.o
 .rodata.calibri_36_0x33
                0x00408ed8       0x10 src/main.o
 .rodata.calibri_36_0x34
                0x00408ee8       0x10 src/main.o
 .rodata.calibri_36_0x35
                0x00408ef8       0x10 src/main.o
 .rodata.calibri_36_0x36
                0x00408f08       0x10 src/main.o
 .rodata.calibri_36_0x37
                0x00408f18       0x10 src/main.o
 .rodata.calibri_36_0x38
                0x00408f28       0x10 src/main.o
 .rodata.calibri_36_0x39
                0x00408f38       0x10 src/main.o
 .rodata.calibri_36_0x3a
                0x00408f48       0x10 src/main.o
 .rodata.calibri_36_0x3b
                0x00408f58       0x10 src/main.o
 .rodata.calibri_36_0x3c
                0x00408f68       0x10 src/main.o
 .rodata.calibri_36_0x3d
                0x00408f78       0x10 src/main.o
 .rodata.calibri_36_0x3e
                0x00408f88       0x10 src/main.o
 .rodata.calibri_36_0x3f
                0x00408f98       0x10 src/main.o
 .rodata.calibri_36_0x40
                0x00408fa8       0x10 src/main.o
 .rodata.calibri_36_0x41
                0x00408fb8       0x10 src/main.o
 .rodata.calibri_36_0x42
                0x00408fc8       0x10 src/main.o
 .rodata.calibri_36_0x43
                0x00408fd8       0x10 src/main.o
 .rodata.calibri_36_0x44
                0x00408fe8       0x10 src/main.o
 .rodata.calibri_36_0x45
                0x00408ff8       0x10 src/main.o
 .rodata.calibri_36_0x46
                0x00409008       0x10 src/main.o
 .rodata.calibri_36_0x47
                0x00409018       0x10 src/main.o
 .rodata.calibri_36_0x48
                0x00409028       0x10 src/main.o
 .rodata.calibri_36_0x49
                0x00409038       0x10 src/main.o
 .rodata.calibri_36_0x4a
                0x00409048       0x10 src/main.o
 .rodata.calibri_36_0x4b
                0x00409058       0x10 src/main.o
 .rodata.calibri_36_0x4c
                0x00409068       0x10 src/main.o
 .rodata.calibri_36_0x4d
                0x00409078       0x10 src/main.o
 .rodata.calibri_36_0x4e
                0x00409088       0x10 src/main.o
 .rodata.calibri_36_0x4f
                0x00409098       0x10 src/main.o
 .rodata.calibri_36_0x50
                0x004090a8       0x10 src/main.o
 .rodata.calibri_36_0x51
                0x004090b8       0x10 src/main.o
 .rodata.calibri_36_0x52
                0x004090c8       0x10 src/main.o
 .rodata.calibri_36_0x53
                0x004090d8       0x10 src/main.o
 .rodata.calibri_36_0x54
                0x004090e8       0x10 src/main.o
 .rodata.calibri_36_0x55
                0x004090f8       0x10 src/main.o
 .rodata.calibri_36_0x56
                0x00409108       0x10 src/main.o
 .rodata.calibri_36_0x57
                0x00409118       0x10 src/main.o
 .rodata.calibri_36_0x58
                0x00409128       0x10 src/main.o
 .rodata.calibri_36_0x59
                0x00409138       0x10 src/main.o
 .rodata.calibri_36_0x5a
                0x00409148       0x10 src/main.o
 .rodata.calibri_36_0x5b
                0x00409158       0x10 src/main.o
 .rodata.calibri_36_0x5c
                0x00409168       0x10 src/main.o
 .rodata.calibri_36_0x5d
                0x00409178       0x10 src/main.o
 .rodata.calibri_36_0x5e
                0x00409188       0x10 src/main.o
 .rodata.calibri_36_0x5f
                0x00409198       0x10 src/main.o
 .rodata.calibri_36_0x60
                0x004091a8       0x10 src/main.o
 .rodata.calibri_36_0x61
                0x004091b8       0x10 src/main.o
 .rodata.calibri_36_0x62
                0x004091c8       0x10 src/main.o
 .rodata.calibri_36_0x63
                0x004091d8       0x10 src/main.o
 .rodata.calibri_36_0x64
                0x004091e8       0x10 src/main.o
 .rodata.calibri_36_0x65
                0x004091f8       0x10 src/main.o
 .rodata.calibri_36_0x66
                0x00409208       0x10 src/main.o
 .rodata.calibri_36_0x67
                0x00409218       0x10 src/main.o
 .rodata.calibri_36_0x68
                0x00409228       0x10 src/main.o
 .rodata.calibri_36_0x69
                0x00409238       0x10 src/main.o
 .rodata.calibri_36_0x6a
                0x00409248       0x10 src/main.o
 .rodata.calibri_36_0x6b
                0x00409258       0x10 src/main.o
 .rodata.calibri_36_0x6c
                0x00409268       0x10 src/main.o
 .rodata.calibri_36_0x6d
                0x00409278       0x10 src/main.o
 .rodata.calibri_36_0x6e
                0x00409288       0x10 src/main.o
 .rodata.calibri_36_0x6f
                0x00409298       0x10 src/main.o
 .rodata.calibri_36_0x70
                0x004092a8       0x10 src/main.o
 .rodata.calibri_36_0x71
                0x004092b8       0x10 src/main.o
 .rodata.calibri_36_0x72
                0x004092c8       0x10 src/main.o
 .rodata.calibri_36_0x73
                0x004092d8       0x10 src/main.o
 .rodata.calibri_36_0x74
                0x004092e8       0x10 src/main.o
 .rodata.calibri_36_0x75
                0x004092f8       0x10 src/main.o
 .rodata.calibri_36_0x76
                0x00409308       0x10 src/main.o
 .rodata.calibri_36_0x77
                0x00409318       0x10 src/main.o
 .rodata.calibri_36_0x78
                0x00409328       0x10 src/main.o
 .rodata.calibri_36_0x79
                0x00409338       0x10 src/main.o
 .rodata.calibri_36_0x7a
                0x00409348       0x10 src/main.o
 .rodata.calibri_36_0x7b
                0x00409358       0x10 src/main.o
 .rodata.calibri_36_0x7c
                0x00409368       0x10 src/main.o
 .rodata.calibri_36_0x7d
                0x00409378       0x10 src/main.o
 .rodata.calibri_36_0x7e
                0x00409388       0x10 src/main.o
 .rodata.calibri_36_array
                0x00409398      0x2f8 src/main.o
 .rodata.image_data_calibri_36_0x20
                0x00409690      0x378 src/main.o
 .rodata.image_data_calibri_36_0x21
                0x00409a08      0x534 src/main.o
 .rodata.image_data_calibri_36_0x22
                0x00409f3c      0x612 src/main.o
 *fill*         0x0040a54e        0x2 
 .rodata.image_data_calibri_36_0x23
                0x0040a550      0x7ce src/main.o
 *fill*         0x0040ad1e        0x2 
 .rodata.image_data_calibri_36_0x24
                0x0040ad20      0x7ce src/main.o
 *fill*         0x0040b4ee        0x2 
 .rodata.image_data_calibri_36_0x25
                0x0040b4f0      0xb46 src/main.o
 *fill*         0x0040c036        0x2 
 .rodata.image_data_calibri_36_0x26
                0x0040c038      0xad7 src/main.o
 *fill*         0x0040cb0f        0x1 
 .rodata.image_data_calibri_36_0x27
                0x0040cb10      0x378 src/main.o
 .rodata.image_data_calibri_36_0x28
                0x0040ce88      0x4c5 src/main.o
 *fill*         0x0040d34d        0x3 
 .rodata.image_data_calibri_36_0x29
                0x0040d350      0x4c5 src/main.o
 *fill*         0x0040d815        0x3 
 .rodata.image_data_calibri_36_0x2a
                0x0040d818      0x7ce src/main.o
 *fill*         0x0040dfe6        0x2 
 .rodata.image_data_calibri_36_0x2b
                0x0040dfe8      0x7ce src/main.o
 *fill*         0x0040e7b6        0x2 
 .rodata.image_data_calibri_36_0x2c
                0x0040e7b8      0x3e7 src/main.o
 *fill*         0x0040eb9f        0x1 
 .rodata.image_data_calibri_36_0x2d
                0x0040eba0      0x4c5 src/main.o
 *fill*         0x0040f065        0x3 
 .rodata.image_data_calibri_36_0x2e
                0x0040f068      0x3e7 src/main.o
 *fill*         0x0040f44f        0x1 
 .rodata.image_data_calibri_36_0x2f
                0x0040f450      0x612 src/main.o
 *fill*         0x0040fa62        0x2 
 .rodata.image_data_calibri_36_0x30
                0x0040fa64      0x7ce src/main.o
 *fill*         0x00410232        0x2 
 .rodata.image_data_calibri_36_0x31
                0x00410234      0x7ce src/main.o
 *fill*         0x00410a02        0x2 
 .rodata.image_data_calibri_36_0x32
                0x00410a04      0x7ce src/main.o
 *fill*         0x004111d2        0x2 
 .rodata.image_data_calibri_36_0x33
                0x004111d4      0x7ce src/main.o
 *fill*         0x004119a2        0x2 
 .rodata.image_data_calibri_36_0x34
                0x004119a4      0x7ce src/main.o
 *fill*         0x00412172        0x2 
 .rodata.image_data_calibri_36_0x35
                0x00412174      0x7ce src/main.o
 *fill*         0x00412942        0x2 
 .rodata.image_data_calibri_36_0x36
                0x00412944      0x7ce src/main.o
 *fill*         0x00413112        0x2 
 .rodata.image_data_calibri_36_0x37
                0x00413114      0x7ce src/main.o
 *fill*         0x004138e2        0x2 
 .rodata.image_data_calibri_36_0x38
                0x004138e4      0x7ce src/main.o
 *fill*         0x004140b2        0x2 
 .rodata.image_data_calibri_36_0x39
                0x004140b4      0x7ce src/main.o
 *fill*         0x00414882        0x2 
 .rodata.image_data_calibri_36_0x3a
                0x00414884      0x456 src/main.o
 *fill*         0x00414cda        0x2 
 .rodata.image_data_calibri_36_0x3b
                0x00414cdc      0x456 src/main.o
 *fill*         0x00415132        0x2 
 .rodata.image_data_calibri_36_0x3c
                0x00415134      0x7ce src/main.o
 *fill*         0x00415902        0x2 
 .rodata.image_data_calibri_36_0x3d
                0x00415904      0x7ce src/main.o
 *fill*         0x004160d2        0x2 
 .rodata.image_data_calibri_36_0x3e
                0x004160d4      0x7ce src/main.o
 *fill*         0x004168a2        0x2 
 .rodata.image_data_calibri_36_0x3f
                0x004168a4      0x75f src/main.o
 *fill*         0x00417003        0x1 
 .rodata.image_data_calibri_36_0x40
                0x00417004      0xde0 src/main.o
 .rodata.image_data_calibri_36_0x41
                0x00417de4      0x91b src/main.o
 *fill*         0x004186ff        0x1 
 .rodata.image_data_calibri_36_0x42
                0x00418700      0x8ac src/main.o
 .rodata.image_data_calibri_36_0x43
                0x00418fac      0x83d src/main.o
 *fill*         0x004197e9        0x3 
 .rodata.image_data_calibri_36_0x44
                0x004197ec      0x98a src/main.o
 *fill*         0x0041a176        0x2 
 .rodata.image_data_calibri_36_0x45
                0x0041a178      0x7ce src/main.o
 *fill*         0x0041a946        0x2 
 .rodata.image_data_calibri_36_0x46
                0x0041a948      0x75f src/main.o
 *fill*         0x0041b0a7        0x1 
 .rodata.image_data_calibri_36_0x47
                0x0041b0a8      0x9f9 src/main.o
 *fill*         0x0041baa1        0x3 
 .rodata.image_data_calibri_36_0x48
                0x0041baa4      0x98a src/main.o
 *fill*         0x0041c42e        0x2 
 .rodata.image_data_calibri_36_0x49
                0x0041c430      0x3e7 src/main.o
 *fill*         0x0041c817        0x1 
 .rodata.image_data_calibri_36_0x4a
                0x0041c818      0x4c5 src/main.o
 *fill*         0x0041ccdd        0x3 
 .rodata.image_data_calibri_36_0x4b
                0x0041cce0      0x83d src/main.o
 *fill*         0x0041d51d        0x3 
 .rodata.image_data_calibri_36_0x4c
                0x0041d520      0x681 src/main.o
 *fill*         0x0041dba1        0x3 
 .rodata.image_data_calibri_36_0x4d
                0x0041dba4      0xd71 src/main.o
 *fill*         0x0041e915        0x3 
 .rodata.image_data_calibri_36_0x4e
                0x0041e918      0x9f9 src/main.o
 *fill*         0x0041f311        0x3 
 .rodata.image_data_calibri_36_0x4f
                0x0041f314      0xa68 src/main.o
 .rodata.image_data_calibri_36_0x50
                0x0041fd7c      0x83d src/main.o
 *fill*         0x004205b9        0x3 
 .rodata.image_data_calibri_36_0x51
                0x004205bc      0xad7 src/main.o
 *fill*         0x00421093        0x1 
 .rodata.image_data_calibri_36_0x52
                0x00421094      0x8ac src/main.o
 .rodata.image_data_calibri_36_0x53
                0x00421940      0x75f src/main.o
 *fill*         0x0042209f        0x1 
 .rodata.image_data_calibri_36_0x54
                0x004220a0      0x7ce src/main.o
 *fill*         0x0042286e        0x2 
 .rodata.image_data_calibri_36_0x55
                0x00422870      0x9f9 src/main.o
 *fill*         0x00423269        0x3 
 .rodata.image_data_calibri_36_0x56
                0x0042326c      0x8ac src/main.o
 .rodata.image_data_calibri_36_0x57
                0x00423b18      0xde0 src/main.o
 .rodata.image_data_calibri_36_0x58
                0x004248f8      0x83d src/main.o
 *fill*         0x00425135        0x3 
 .rodata.image_data_calibri_36_0x59
                0x00425138      0x7ce src/main.o
 *fill*         0x00425906        0x2 
 .rodata.image_data_calibri_36_0x5a
                0x00425908      0x75f src/main.o
 *fill*         0x00426067        0x1 
 .rodata.image_data_calibri_36_0x5b
                0x00426068      0x4c5 src/main.o
 *fill*         0x0042652d        0x3 
 .rodata.image_data_calibri_36_0x5c
                0x00426530      0x612 src/main.o
 *fill*         0x00426b42        0x2 
 .rodata.image_data_calibri_36_0x5d
                0x00426b44      0x4c5 src/main.o
 *fill*         0x00427009        0x3 
 .rodata.image_data_calibri_36_0x5e
                0x0042700c      0x7ce src/main.o
 *fill*         0x004277da        0x2 
 .rodata.image_data_calibri_36_0x5f
                0x004277dc      0x7ce src/main.o
 *fill*         0x00427faa        0x2 
 .rodata.image_data_calibri_36_0x60
                0x00427fac      0x456 src/main.o
 *fill*         0x00428402        0x2 
 .rodata.image_data_calibri_36_0x61
                0x00428404      0x75f src/main.o
 *fill*         0x00428b63        0x1 
 .rodata.image_data_calibri_36_0x62
                0x00428b64      0x83d src/main.o
 *fill*         0x004293a1        0x3 
 .rodata.image_data_calibri_36_0x63
                0x004293a4      0x681 src/main.o
 *fill*         0x00429a25        0x3 
 .rodata.image_data_calibri_36_0x64
                0x00429a28      0x83d src/main.o
 *fill*         0x0042a265        0x3 
 .rodata.image_data_calibri_36_0x65
                0x0042a268      0x7ce src/main.o
 *fill*         0x0042aa36        0x2 
 .rodata.image_data_calibri_36_0x66
                0x0042aa38      0x4c5 src/main.o
 *fill*         0x0042aefd        0x3 
 .rodata.image_data_calibri_36_0x67
                0x0042af00      0x75f src/main.o
 *fill*         0x0042b65f        0x1 
 .rodata.image_data_calibri_36_0x68
                0x0042b660      0x83d src/main.o
 *fill*         0x0042be9d        0x3 
 .rodata.image_data_calibri_36_0x69
                0x0042bea0      0x378 src/main.o
 .rodata.image_data_calibri_36_0x6a
                0x0042c218      0x3e7 src/main.o
 *fill*         0x0042c5ff        0x1 
 .rodata.image_data_calibri_36_0x6b
                0x0042c600      0x6f0 src/main.o
 .rodata.image_data_calibri_36_0x6c
                0x0042ccf0      0x378 src/main.o
 .rodata.image_data_calibri_36_0x6d
                0x0042d068      0xc93 src/main.o
 *fill*         0x0042dcfb        0x1 
 .rodata.image_data_calibri_36_0x6e
                0x0042dcfc      0x83d src/main.o
 *fill*         0x0042e539        0x3 
 .rodata.image_data_calibri_36_0x6f
                0x0042e53c      0x83d src/main.o
 *fill*         0x0042ed79        0x3 
 .rodata.image_data_calibri_36_0x70
                0x0042ed7c      0x83d src/main.o
 *fill*         0x0042f5b9        0x3 
 .rodata.image_data_calibri_36_0x71
                0x0042f5bc      0x83d src/main.o
 *fill*         0x0042fdf9        0x3 
 .rodata.image_data_calibri_36_0x72
                0x0042fdfc      0x5a3 src/main.o
 *fill*         0x0043039f        0x1 
 .rodata.image_data_calibri_36_0x73
                0x004303a0      0x612 src/main.o
 *fill*         0x004309b2        0x2 
 .rodata.image_data_calibri_36_0x74
                0x004309b4      0x534 src/main.o
 .rodata.image_data_calibri_36_0x75
                0x00430ee8      0x83d src/main.o
 *fill*         0x00431725        0x3 
 .rodata.image_data_calibri_36_0x76
                0x00431728      0x6f0 src/main.o
 .rodata.image_data_calibri_36_0x77
                0x00431e18      0xb46 src/main.o
 *fill*         0x0043295e        0x2 
 .rodata.image_data_calibri_36_0x78
                0x00432960      0x6f0 src/main.o
 .rodata.image_data_calibri_36_0x79
                0x00433050      0x6f0 src/main.o
 .rodata.image_data_calibri_36_0x7a
                0x00433740      0x612 src/main.o
 *fill*         0x00433d52        0x2 
 .rodata.image_data_calibri_36_0x7b
                0x00433d54      0x4c5 src/main.o
 *fill*         0x00434219        0x3 
 .rodata.image_data_calibri_36_0x7c
                0x0043421c      0x75f src/main.o
 *fill*         0x0043497b        0x1 
 .rodata.image_data_calibri_36_0x7d
                0x0043497c      0x4c5 src/main.o
 *fill*         0x00434e41        0x3 
 .rodata.image_data_calibri_36_0x7e
                0x00434e44      0x7ce src/main.o
 *fill*         0x00435612        0x2 
 .rodata.logoImage
                0x00435614    0x1e23d src/main.o
                0x00435614                logoImage
 *fill*         0x00453851        0x3 
 .rodata.main.str1.4
                0x00453854       0x6b src/main.o
                                 0x77 (size before relaxing)
 *fill*         0x004538bf        0x1 
 .rodata.mxt_handler.str1.4
                0x004538c0       0x37 src/main.o
 *fill*         0x004538f7        0x1 
 .rodata._global_impure_ptr
                0x004538f8        0x4 c:/program files (x86)/atmel/studio/7.0/toolchain/arm/arm-gnu-toolchain/bin/../lib/gcc/arm-none-eabi/6.3.1/../../../../arm-none-eabi/lib/thumb/v7e-m\libc.a(lib_a-impure.o)
                0x004538f8                _global_impure_ptr
 .rodata._svfprintf_r.str1.4
                0x004538fc       0x42 c:/program files (x86)/atmel/studio/7.0/toolchain/arm/arm-gnu-toolchain/bin/../lib/gcc/arm-none-eabi/6.3.1/../../../../arm-none-eabi/lib/thumb/v7e-m\libc.a(lib_a-svfprintf.o)
 *fill*         0x0045393e        0x2 
 .rodata.blanks.7223
                0x00453940       0x10 c:/program files (x86)/atmel/studio/7.0/toolchain/arm/arm-gnu-toolchain/bin/../lib/gcc/arm-none-eabi/6.3.1/../../../../arm-none-eabi/lib/thumb/v7e-m\libc.a(lib_a-svfprintf.o)
 .rodata.zeroes.7224
                0x00453950       0x10 c:/program files (x86)/atmel/studio/7.0/toolchain/arm/arm-gnu-toolchain/bin/../lib/gcc/arm-none-eabi/6.3.1/../../../../arm-none-eabi/lib/thumb/v7e-m\libc.a(lib_a-svfprintf.o)
 .rodata._vfiprintf_r.str1.4
                0x00453960       0x2f c:/program files (x86)/atmel/studio/7.0/toolchain/arm/arm-gnu-toolchain/bin/../lib/gcc/arm-none-eabi/6.3.1/../../../../arm-none-eabi/lib/thumb/v7e-m\libc.a(lib_a-vfiprintf.o)
 .rodata.blanks.7217
                0x00453960       0x10 c:/program files (x86)/atmel/studio/7.0/toolchain/arm/arm-gnu-toolchain/bin/../lib/gcc/arm-none-eabi/6.3.1/../../../../arm-none-eabi/lib/thumb/v7e-m\libc.a(lib_a-vfiprintf.o)
 .rodata.zeroes.7218
                0x00453970       0x10 c:/program files (x86)/atmel/studio/7.0/toolchain/arm/arm-gnu-toolchain/bin/../lib/gcc/arm-none-eabi/6.3.1/../../../../arm-none-eabi/lib/thumb/v7e-m\libc.a(lib_a-vfiprintf.o)
 .rodata._dtoa_r.str1.4
                0x00453980       0x10 c:/program files (x86)/atmel/studio/7.0/toolchain/arm/arm-gnu-toolchain/bin/../lib/gcc/arm-none-eabi/6.3.1/../../../../arm-none-eabi/lib/thumb/v7e-m\libc.a(lib_a-dtoa.o)
                                 0x12 (size before relaxing)
 .rodata._setlocale_r.str1.4
                0x00453990        0xa c:/program files (x86)/atmel/studio/7.0/toolchain/arm/arm-gnu-toolchain/bin/../lib/gcc/arm-none-eabi/6.3.1/../../../../arm-none-eabi/lib/thumb/v7e-m\libc.a(lib_a-locale.o)
                                  0xd (size before relaxing)
 *fill*         0x0045399a        0x2 
 .rodata.str1.4
                0x0045399c        0x4 c:/program files (x86)/atmel/studio/7.0/toolchain/arm/arm-gnu-toolchain/bin/../lib/gcc/arm-none-eabi/6.3.1/../../../../arm-none-eabi/lib/thumb/v7e-m\libc.a(lib_a-locale.o)
                                  0x2 (size before relaxing)
 .rodata.__mprec_bigtens
                0x004539a0       0x28 c:/program files (x86)/atmel/studio/7.0/toolchain/arm/arm-gnu-toolchain/bin/../lib/gcc/arm-none-eabi/6.3.1/../../../../arm-none-eabi/lib/thumb/v7e-m\libc.a(lib_a-mprec.o)
                0x004539a0                __mprec_bigtens
 .rodata.__mprec_tens
                0x004539c8       0xc8 c:/program files (x86)/atmel/studio/7.0/toolchain/arm/arm-gnu-toolchain/bin/../lib/gcc/arm-none-eabi/6.3.1/../../../../arm-none-eabi/lib/thumb/v7e-m\libc.a(lib_a-mprec.o)
                0x004539c8                __mprec_tens
 .rodata.p05.6055
                0x00453a90        0xc c:/program files (x86)/atmel/studio/7.0/toolchain/arm/arm-gnu-toolchain/bin/../lib/gcc/arm-none-eabi/6.3.1/../../../../arm-none-eabi/lib/thumb/v7e-m\libc.a(lib_a-mprec.o)
 .rodata._ctype_
                0x00453a9c      0x101 c:/program files (x86)/atmel/studio/7.0/toolchain/arm/arm-gnu-toolchain/bin/../lib/gcc/arm-none-eabi/6.3.1/../../../../arm-none-eabi/lib/thumb/v7e-m\libc.a(lib_a-ctype_.o)
                0x00453a9c                _ctype_
 *(.ARM.extab* .gnu.linkonce.armextab.*)
                0x00453ba0                . = ALIGN (0x4)
 *fill*         0x00453b9d        0x3 
 *(.init)
 .init          0x00453ba0        0x4 c:/program files (x86)/atmel/studio/7.0/toolchain/arm/arm-gnu-toolchain/bin/../lib/gcc/arm-none-eabi/6.3.1/thumb/v7e-m/crti.o
                0x00453ba0                _init
 .init          0x00453ba4        0x8 c:/program files (x86)/atmel/studio/7.0/toolchain/arm/arm-gnu-toolchain/bin/../lib/gcc/arm-none-eabi/6.3.1/thumb/v7e-m/crtn.o
                0x00453bac                . = ALIGN (0x4)
                0x00453bac                __preinit_array_start = .
 *(.preinit_array)
                0x00453bac                __preinit_array_end = .
                0x00453bac                . = ALIGN (0x4)
                0x00453bac                __init_array_start = .
 *(SORT(.init_array.*))
 .init_array.00000
                0x00453bac        0x4 c:/program files (x86)/atmel/studio/7.0/toolchain/arm/arm-gnu-toolchain/bin/../lib/gcc/arm-none-eabi/6.3.1/../../../../arm-none-eabi/lib/thumb/v7e-m\libc.a(lib_a-__call_atexit.o)
 *(.init_array)
 .init_array    0x00453bb0        0x4 c:/program files (x86)/atmel/studio/7.0/toolchain/arm/arm-gnu-toolchain/bin/../lib/gcc/arm-none-eabi/6.3.1/thumb/v7e-m/crtbegin.o
                0x00453bb4                __init_array_end = .
                0x00453bb4                . = ALIGN (0x4)
 *crtbegin.o(.ctors)
 *(EXCLUDE_FILE(*crtend.o) .ctors)
 *(SORT(.ctors.*))
 *crtend.o(.ctors)
                0x00453bb4                . = ALIGN (0x4)
 *(.fini)
 .fini          0x00453bb4        0x4 c:/program files (x86)/atmel/studio/7.0/toolchain/arm/arm-gnu-toolchain/bin/../lib/gcc/arm-none-eabi/6.3.1/thumb/v7e-m/crti.o
                0x00453bb4                _fini
 .fini          0x00453bb8        0x8 c:/program files (x86)/atmel/studio/7.0/toolchain/arm/arm-gnu-toolchain/bin/../lib/gcc/arm-none-eabi/6.3.1/thumb/v7e-m/crtn.o
                0x00453bc0                . = ALIGN (0x4)
                0x00453bc0                __fini_array_start = .
 *(.fini_array)
 .fini_array    0x00453bc0        0x4 c:/program files (x86)/atmel/studio/7.0/toolchain/arm/arm-gnu-toolchain/bin/../lib/gcc/arm-none-eabi/6.3.1/thumb/v7e-m/crtbegin.o
 *(SORT(.fini_array.*))
                0x00453bc4                __fini_array_end = .
 *crtbegin.o(.dtors)
 *(EXCLUDE_FILE(*crtend.o) .dtors)
 *(SORT(.dtors.*))
 *crtend.o(.dtors)
                0x00453bc4                . = ALIGN (0x4)
                0x00453bc4                _efixed = .
                [!provide]                PROVIDE (__exidx_start, .)

.vfp11_veneer   0x00453bc4        0x0
 .vfp11_veneer  0x00453bc4        0x0 linker stubs

.v4_bx          0x00453bc4        0x0
 .v4_bx         0x00453bc4        0x0 linker stubs

.iplt           0x00453bc4        0x0
 .iplt          0x00453bc4        0x0 c:/program files (x86)/atmel/studio/7.0/toolchain/arm/arm-gnu-toolchain/bin/../lib/gcc/arm-none-eabi/6.3.1/thumb/v7e-m/crtbegin.o

.ARM.exidx      0x00453bc4        0x8
 *(.ARM.exidx* .gnu.linkonce.armexidx.*)
 .ARM.exidx     0x00453bc4        0x8 c:/program files (x86)/atmel/studio/7.0/toolchain/arm/arm-gnu-toolchain/bin/../lib/gcc/arm-none-eabi/6.3.1/thumb/v7e-m\libgcc.a(_udivmoddi4.o)
                [!provide]                PROVIDE (__exidx_end, .)

.eh_frame       0x00453bcc        0x0
 .eh_frame      0x00453bcc        0x0 c:/program files (x86)/atmel/studio/7.0/toolchain/arm/arm-gnu-toolchain/bin/../lib/gcc/arm-none-eabi/6.3.1/thumb/v7e-m/crtbegin.o

.rel.dyn        0x00453bcc        0x0
 .rel.iplt      0x00453bcc        0x0 c:/program files (x86)/atmel/studio/7.0/toolchain/arm/arm-gnu-toolchain/bin/../lib/gcc/arm-none-eabi/6.3.1/thumb/v7e-m/crtbegin.o

.jcr            0x00453bcc        0x0
 .jcr           0x00453bcc        0x0 c:/program files (x86)/atmel/studio/7.0/toolchain/arm/arm-gnu-toolchain/bin/../lib/gcc/arm-none-eabi/6.3.1/thumb/v7e-m/crtbegin.o

.igot.plt       0x00453bcc        0x0
 .igot.plt      0x00453bcc        0x0 c:/program files (x86)/atmel/studio/7.0/toolchain/arm/arm-gnu-toolchain/bin/../lib/gcc/arm-none-eabi/6.3.1/thumb/v7e-m/crtbegin.o
                0x00453bcc                . = ALIGN (0x4)
                0x00453bcc                _etext = .

.relocate       0x20400000      0xbd0 load address 0x00453bcc
                0x20400000                . = ALIGN (0x4)
                0x20400000                _srelocate = .
 *(.ramfunc .ramfunc.*)
 .ramfunc       0x20400000        0xa src/ASF/common/services/delay/sam/cycle_counter.o
                0x20400000                portable_delay_cycles
 *(.data .data.*)
 .data.g_interrupt_enabled
                0x2040000a        0x1 src/ASF/common/utils/interrupt/interrupt_sam_nvic.o
                0x2040000a                g_interrupt_enabled
 *fill*         0x2040000b        0x1 
 .data.SystemCoreClock
                0x2040000c        0x4 src/ASF/sam/utils/cmsis/same70/source/templates/system_same70.o
                0x2040000c                SystemCoreClock
 .data.b1       0x20400010       0x18 src/main.o
                0x20400010                b1
 .data.b2       0x20400028       0x18 src/main.o
                0x20400028                b2
 .data.b3       0x20400040       0x18 src/main.o
                0x20400040                b3
 .data.b4       0x20400058       0x18 src/main.o
                0x20400058                b4
 .data.b5       0x20400070       0x18 src/main.o
                0x20400070                b5
 .data.b6       0x20400088       0x18 src/main.o
                0x20400088                b6
 .data.b7       0x204000a0       0x18 src/main.o
                0x204000a0                b7
 .data.b8       0x204000b8       0x18 src/main.o
                0x204000b8                b8
 .data.botoes   0x204000d0       0x20 src/main.o
                0x204000d0                botoes
 .data.c_centrifuga
                0x204000f0       0x3c src/main.o
                0x204000f0                c_centrifuga
 .data.c_diario
                0x2040012c       0x3c src/main.o
                0x2040012c                c_diario
 .data.c_enxague
                0x20400168       0x3c src/main.o
                0x20400168                c_enxague
 .data.c_pesado
                0x204001a4       0x3c src/main.o
                0x204001a4                c_pesado
 .data.c_rapido
                0x204001e0       0x3c src/main.o
                0x204001e0                c_rapido
 .data.num_botoes
                0x2040021c        0x4 src/main.o
                0x2040021c                num_botoes
 .data._impure_ptr
                0x20400220        0x4 c:/program files (x86)/atmel/studio/7.0/toolchain/arm/arm-gnu-toolchain/bin/../lib/gcc/arm-none-eabi/6.3.1/../../../../arm-none-eabi/lib/thumb/v7e-m\libc.a(lib_a-impure.o)
                0x20400220                _impure_ptr
 *fill*         0x20400224        0x4 
 .data.impure_data
                0x20400228      0x428 c:/program files (x86)/atmel/studio/7.0/toolchain/arm/arm-gnu-toolchain/bin/../lib/gcc/arm-none-eabi/6.3.1/../../../../arm-none-eabi/lib/thumb/v7e-m\libc.a(lib_a-impure.o)
 .data.__malloc_av_
                0x20400650      0x408 c:/program files (x86)/atmel/studio/7.0/toolchain/arm/arm-gnu-toolchain/bin/../lib/gcc/arm-none-eabi/6.3.1/../../../../arm-none-eabi/lib/thumb/v7e-m\libc.a(lib_a-mallocr.o)
                0x20400650                __malloc_av_
 .data.__malloc_sbrk_base
                0x20400a58        0x4 c:/program files (x86)/atmel/studio/7.0/toolchain/arm/arm-gnu-toolchain/bin/../lib/gcc/arm-none-eabi/6.3.1/../../../../arm-none-eabi/lib/thumb/v7e-m\libc.a(lib_a-mallocr.o)
                0x20400a58                __malloc_sbrk_base
 .data.__malloc_trim_threshold
                0x20400a5c        0x4 c:/program files (x86)/atmel/studio/7.0/toolchain/arm/arm-gnu-toolchain/bin/../lib/gcc/arm-none-eabi/6.3.1/../../../../arm-none-eabi/lib/thumb/v7e-m\libc.a(lib_a-mallocr.o)
                0x20400a5c                __malloc_trim_threshold
 .data.__atexit_recursive_mutex
                0x20400a60        0x4 c:/program files (x86)/atmel/studio/7.0/toolchain/arm/arm-gnu-toolchain/bin/../lib/gcc/arm-none-eabi/6.3.1/../../../../arm-none-eabi/lib/thumb/v7e-m\libc.a(lib_a-__call_atexit.o)
                0x20400a60                __atexit_recursive_mutex
 .data.__global_locale
                0x20400a64      0x16c c:/program files (x86)/atmel/studio/7.0/toolchain/arm/arm-gnu-toolchain/bin/../lib/gcc/arm-none-eabi/6.3.1/../../../../arm-none-eabi/lib/thumb/v7e-m\libc.a(lib_a-locale.o)
                0x20400a64                __global_locale
                0x20400bd0                . = ALIGN (0x4)
                0x20400bd0                _erelocate = .

.bss            0x20400bd0      0x4cc load address 0x0045479c
                0x20400bd0                . = ALIGN (0x4)
                0x20400bd0                _sbss = .
                0x20400bd0                _szero = .
 *(.bss .bss.*)
 .bss           0x20400bd0       0x1c c:/program files (x86)/atmel/studio/7.0/toolchain/arm/arm-gnu-toolchain/bin/../lib/gcc/arm-none-eabi/6.3.1/thumb/v7e-m/crtbegin.o
 .bss.g_ul_pixel_cache
                0x20400bec      0x3c0 src/ASF/sam/components/display/ili9488/ili9488.o
 .bss.gs_interrupt_sources
                0x20400fac       0x70 src/ASF/sam/drivers/pio/pio_handler.o
 .bss.ul_reg_val.9451
                0x2040101c        0x4 src/ASF/sam/drivers/usart/usart.o
 .bss.heap.6420
                0x20401020        0x4 src/ASF/sam/utils/syscalls/gcc/syscalls.o
 .bss.__malloc_current_mallinfo
                0x20401024       0x28 c:/program files (x86)/atmel/studio/7.0/toolchain/arm/arm-gnu-toolchain/bin/../lib/gcc/arm-none-eabi/6.3.1/../../../../arm-none-eabi/lib/thumb/v7e-m\libc.a(lib_a-mallocr.o)
                0x20401024                __malloc_current_mallinfo
 .bss.__malloc_max_sbrked_mem
                0x2040104c        0x4 c:/program files (x86)/atmel/studio/7.0/toolchain/arm/arm-gnu-toolchain/bin/../lib/gcc/arm-none-eabi/6.3.1/../../../../arm-none-eabi/lib/thumb/v7e-m\libc.a(lib_a-mallocr.o)
                0x2040104c                __malloc_max_sbrked_mem
 .bss.__malloc_max_total_mem
                0x20401050        0x4 c:/program files (x86)/atmel/studio/7.0/toolchain/arm/arm-gnu-toolchain/bin/../lib/gcc/arm-none-eabi/6.3.1/../../../../arm-none-eabi/lib/thumb/v7e-m\libc.a(lib_a-mallocr.o)
                0x20401050                __malloc_max_total_mem
 .bss.__malloc_top_pad
                0x20401054        0x4 c:/program files (x86)/atmel/studio/7.0/toolchain/arm/arm-gnu-toolchain/bin/../lib/gcc/arm-none-eabi/6.3.1/../../../../arm-none-eabi/lib/thumb/v7e-m\libc.a(lib_a-mallocr.o)
                0x20401054                __malloc_top_pad
 *(COMMON)
 COMMON         0x20401058        0x4 src/ASF/common/utils/stdio/read.o
                0x20401058                ptr_get
 COMMON         0x2040105c        0x8 src/ASF/common/utils/stdio/write.o
                0x2040105c                ptr_put
                0x20401060                stdio_base
 COMMON         0x20401064       0x10 src/main.o
                0x20401064                g_ili9488_display_opt
 COMMON         0x20401074       0x21 c:/program files (x86)/atmel/studio/7.0/toolchain/arm/arm-gnu-toolchain/bin/../lib/gcc/arm-none-eabi/6.3.1/../../../../arm-none-eabi/lib/thumb/v7e-m\libc.a(lib_a-lock.o)
                0x20401074                __lock___atexit_recursive_mutex
                0x20401078                __lock___arc4random_mutex
                0x2040107c                __lock___env_recursive_mutex
                0x20401080                __lock___sinit_recursive_mutex
                0x20401084                __lock___malloc_recursive_mutex
                0x20401088                __lock___at_quick_exit_mutex
                0x2040108c                __lock___dd_hash_mutex
                0x20401090                __lock___tz_mutex
                0x20401094                __lock___sfp_recursive_mutex
 *fill*         0x20401095        0x3 
 COMMON         0x20401098        0x4 c:/program files (x86)/atmel/studio/7.0/toolchain/arm/arm-gnu-toolchain/bin/../lib/gcc/arm-none-eabi/6.3.1/../../../../arm-none-eabi/lib/thumb/v7e-m\libc.a(lib_a-reent.o)
                0x20401098                errno
                0x2040109c                . = ALIGN (0x4)
                0x2040109c                _ebss = .
                0x2040109c                _ezero = .

.stack          0x2040109c     0x2004 load address 0x00454c68
                0x204010a0                . = ALIGN (0x8)
 *fill*         0x2040109c        0x4 
                0x204010a0                _sstack = .
                0x204030a0                . = (. + STACK_SIZE)
 *fill*         0x204010a0     0x2000 
                0x204030a0                . = ALIGN (0x8)
                0x204030a0                _estack = .

.heap           0x204030a0      0x200 load address 0x00456c6c
                0x204030a0                . = ALIGN (0x8)
                0x204030a0                _sheap = .
                0x204032a0                . = (. + HEAP_SIZE)
 *fill*         0x204030a0      0x200 
                0x204032a0                . = ALIGN (0x8)
                0x204032a0                _eheap = .
                0x204032a0                . = ALIGN (0x4)
                0x204032a0                _end = .
                0x2045ffff                _ram_end_ = ((ORIGIN (ram) + LENGTH (ram)) - 0x1)
OUTPUT(MXT_EXAMPLE_USART1.elf elf32-littlearm)

.ARM.attributes
                0x00000000       0x2e
 .ARM.attributes
                0x00000000       0x1e c:/program files (x86)/atmel/studio/7.0/toolchain/arm/arm-gnu-toolchain/bin/../lib/gcc/arm-none-eabi/6.3.1/thumb/v7e-m/crti.o
 .ARM.attributes
                0x0000001e       0x2e c:/program files (x86)/atmel/studio/7.0/toolchain/arm/arm-gnu-toolchain/bin/../lib/gcc/arm-none-eabi/6.3.1/thumb/v7e-m/crtbegin.o
 .ARM.attributes
                0x0000004c       0x37 src/ASF/common/components/touch/mxt/mxt_device_1.o
 .ARM.attributes
                0x00000083       0x37 src/ASF/common/services/clock/same70/sysclk.o
 .ARM.attributes
                0x000000ba       0x37 src/ASF/common/services/delay/sam/cycle_counter.o
 .ARM.attributes
                0x000000f1       0x37 src/ASF/common/services/serial/usart_serial.o
 .ARM.attributes
                0x00000128       0x37 src/ASF/common/services/spi/sam_spi/spi_master.o
 .ARM.attributes
                0x0000015f       0x37 src/ASF/common/utils/interrupt/interrupt_sam_nvic.o
 .ARM.attributes
                0x00000196       0x37 src/ASF/common/utils/stdio/read.o
 .ARM.attributes
                0x000001cd       0x37 src/ASF/common/utils/stdio/write.o
 .ARM.attributes
                0x00000204       0x37 src/ASF/sam/boards/same70_xplained/init.o
 .ARM.attributes
                0x0000023b       0x37 src/ASF/sam/components/display/ili9488/ili9488.o
 .ARM.attributes
                0x00000272       0x37 src/ASF/sam/drivers/pio/pio.o
 .ARM.attributes
                0x000002a9       0x37 src/ASF/sam/drivers/pio/pio_handler.o
 .ARM.attributes
                0x000002e0       0x37 src/ASF/sam/drivers/pmc/pmc.o
 .ARM.attributes
                0x00000317       0x37 src/ASF/sam/drivers/spi/spi.o
 .ARM.attributes
                0x0000034e       0x37 src/ASF/sam/drivers/twihs/twihs.o
 .ARM.attributes
                0x00000385       0x37 src/ASF/sam/drivers/uart/uart.o
 .ARM.attributes
                0x000003bc       0x37 src/ASF/sam/drivers/usart/usart.o
 .ARM.attributes
                0x000003f3       0x37 src/ASF/sam/utils/cmsis/same70/source/templates/gcc/startup_same70.o
 .ARM.attributes
                0x0000042a       0x37 src/ASF/sam/utils/cmsis/same70/source/templates/system_same70.o
 .ARM.attributes
                0x00000461       0x37 src/ASF/sam/utils/syscalls/gcc/syscalls.o
 .ARM.attributes
                0x00000498       0x37 src/main.o
 .ARM.attributes
                0x000004cf       0x1e c:/program files (x86)/atmel/studio/7.0/toolchain/arm/arm-gnu-toolchain/bin/../lib/gcc/arm-none-eabi/6.3.1/thumb/v7e-m\libgcc.a(_arm_addsubdf3.o)
 .ARM.attributes
                0x000004ed       0x1e c:/program files (x86)/atmel/studio/7.0/toolchain/arm/arm-gnu-toolchain/bin/../lib/gcc/arm-none-eabi/6.3.1/thumb/v7e-m\libgcc.a(_arm_muldivdf3.o)
 .ARM.attributes
                0x0000050b       0x1e c:/program files (x86)/atmel/studio/7.0/toolchain/arm/arm-gnu-toolchain/bin/../lib/gcc/arm-none-eabi/6.3.1/thumb/v7e-m\libgcc.a(_arm_cmpdf2.o)
 .ARM.attributes
                0x00000529       0x1e c:/program files (x86)/atmel/studio/7.0/toolchain/arm/arm-gnu-toolchain/bin/../lib/gcc/arm-none-eabi/6.3.1/thumb/v7e-m\libgcc.a(_arm_unorddf2.o)
 .ARM.attributes
                0x00000547       0x1e c:/program files (x86)/atmel/studio/7.0/toolchain/arm/arm-gnu-toolchain/bin/../lib/gcc/arm-none-eabi/6.3.1/thumb/v7e-m\libgcc.a(_arm_fixdfsi.o)
 .ARM.attributes
                0x00000565       0x2e c:/program files (x86)/atmel/studio/7.0/toolchain/arm/arm-gnu-toolchain/bin/../lib/gcc/arm-none-eabi/6.3.1/../../../../arm-none-eabi/lib/thumb/v7e-m\libc.a(lib_a-callocr.o)
 .ARM.attributes
                0x00000593       0x2e c:/program files (x86)/atmel/studio/7.0/toolchain/arm/arm-gnu-toolchain/bin/../lib/gcc/arm-none-eabi/6.3.1/../../../../arm-none-eabi/lib/thumb/v7e-m\libc.a(lib_a-impure.o)
 .ARM.attributes
                0x000005c1       0x2e c:/program files (x86)/atmel/studio/7.0/toolchain/arm/arm-gnu-toolchain/bin/../lib/gcc/arm-none-eabi/6.3.1/../../../../arm-none-eabi/lib/thumb/v7e-m\libc.a(lib_a-init.o)
 .ARM.attributes
                0x000005ef       0x2e c:/program files (x86)/atmel/studio/7.0/toolchain/arm/arm-gnu-toolchain/bin/../lib/gcc/arm-none-eabi/6.3.1/../../../../arm-none-eabi/lib/thumb/v7e-m\libc.a(lib_a-iprintf.o)
 .ARM.attributes
                0x0000061d       0x2e c:/program files (x86)/atmel/studio/7.0/toolchain/arm/arm-gnu-toolchain/bin/../lib/gcc/arm-none-eabi/6.3.1/../../../../arm-none-eabi/lib/thumb/v7e-m\libc.a(lib_a-malloc.o)
 .ARM.attributes
                0x0000064b       0x2e c:/program files (x86)/atmel/studio/7.0/toolchain/arm/arm-gnu-toolchain/bin/../lib/gcc/arm-none-eabi/6.3.1/../../../../arm-none-eabi/lib/thumb/v7e-m\libc.a(lib_a-mallocr.o)
 .ARM.attributes
                0x00000679       0x2e c:/program files (x86)/atmel/studio/7.0/toolchain/arm/arm-gnu-toolchain/bin/../lib/gcc/arm-none-eabi/6.3.1/../../../../arm-none-eabi/lib/thumb/v7e-m\libc.a(lib_a-memset.o)
 .ARM.attributes
                0x000006a7       0x2e c:/program files (x86)/atmel/studio/7.0/toolchain/arm/arm-gnu-toolchain/bin/../lib/gcc/arm-none-eabi/6.3.1/../../../../arm-none-eabi/lib/thumb/v7e-m\libc.a(lib_a-mlock.o)
 .ARM.attributes
                0x000006d5       0x2e c:/program files (x86)/atmel/studio/7.0/toolchain/arm/arm-gnu-toolchain/bin/../lib/gcc/arm-none-eabi/6.3.1/../../../../arm-none-eabi/lib/thumb/v7e-m\libc.a(lib_a-sbrkr.o)
 .ARM.attributes
                0x00000703       0x2e c:/program files (x86)/atmel/studio/7.0/toolchain/arm/arm-gnu-toolchain/bin/../lib/gcc/arm-none-eabi/6.3.1/../../../../arm-none-eabi/lib/thumb/v7e-m\libc.a(lib_a-setbuf.o)
 .ARM.attributes
                0x00000731       0x2e c:/program files (x86)/atmel/studio/7.0/toolchain/arm/arm-gnu-toolchain/bin/../lib/gcc/arm-none-eabi/6.3.1/../../../../arm-none-eabi/lib/thumb/v7e-m\libc.a(lib_a-setvbuf.o)
 .ARM.attributes
                0x0000075f       0x2e c:/program files (x86)/atmel/studio/7.0/toolchain/arm/arm-gnu-toolchain/bin/../lib/gcc/arm-none-eabi/6.3.1/../../../../arm-none-eabi/lib/thumb/v7e-m\libc.a(lib_a-sprintf.o)
 .ARM.attributes
                0x0000078d       0x2e c:/program files (x86)/atmel/studio/7.0/toolchain/arm/arm-gnu-toolchain/bin/../lib/gcc/arm-none-eabi/6.3.1/../../../../arm-none-eabi/lib/thumb/v7e-m\libc.a(lib_a-strcat.o)
 .ARM.attributes
                0x000007bb       0x2e c:/program files (x86)/atmel/studio/7.0/toolchain/arm/arm-gnu-toolchain/bin/../lib/gcc/arm-none-eabi/6.3.1/../../../../arm-none-eabi/lib/thumb/v7e-m\libc.a(lib_a-strcpy.o)
 .ARM.attributes
                0x000007e9       0x1c c:/program files (x86)/atmel/studio/7.0/toolchain/arm/arm-gnu-toolchain/bin/../lib/gcc/arm-none-eabi/6.3.1/../../../../arm-none-eabi/lib/thumb/v7e-m\libc.a(lib_a-strlen.o)
 .ARM.attributes
                0x00000805       0x2e c:/program files (x86)/atmel/studio/7.0/toolchain/arm/arm-gnu-toolchain/bin/../lib/gcc/arm-none-eabi/6.3.1/../../../../arm-none-eabi/lib/thumb/v7e-m\libc.a(lib_a-svfprintf.o)
 .ARM.attributes
                0x00000833       0x2e c:/program files (x86)/atmel/studio/7.0/toolchain/arm/arm-gnu-toolchain/bin/../lib/gcc/arm-none-eabi/6.3.1/../../../../arm-none-eabi/lib/thumb/v7e-m\libc.a(lib_a-vfiprintf.o)
 .ARM.attributes
                0x00000861       0x2e c:/program files (x86)/atmel/studio/7.0/toolchain/arm/arm-gnu-toolchain/bin/../lib/gcc/arm-none-eabi/6.3.1/../../../../arm-none-eabi/lib/thumb/v7e-m\libc.a(lib_a-wsetup.o)
 .ARM.attributes
                0x0000088f       0x2e c:/program files (x86)/atmel/studio/7.0/toolchain/arm/arm-gnu-toolchain/bin/../lib/gcc/arm-none-eabi/6.3.1/../../../../arm-none-eabi/lib/thumb/v7e-m\libc.a(lib_a-__call_atexit.o)
 .ARM.attributes
                0x000008bd       0x2e c:/program files (x86)/atmel/studio/7.0/toolchain/arm/arm-gnu-toolchain/bin/../lib/gcc/arm-none-eabi/6.3.1/../../../../arm-none-eabi/lib/thumb/v7e-m\libc.a(lib_a-atexit.o)
 .ARM.attributes
                0x000008eb       0x2e c:/program files (x86)/atmel/studio/7.0/toolchain/arm/arm-gnu-toolchain/bin/../lib/gcc/arm-none-eabi/6.3.1/../../../../arm-none-eabi/lib/thumb/v7e-m\libc.a(lib_a-dtoa.o)
 .ARM.attributes
                0x00000919       0x2e c:/program files (x86)/atmel/studio/7.0/toolchain/arm/arm-gnu-toolchain/bin/../lib/gcc/arm-none-eabi/6.3.1/../../../../arm-none-eabi/lib/thumb/v7e-m\libc.a(lib_a-fflush.o)
 .ARM.attributes
                0x00000947       0x2e c:/program files (x86)/atmel/studio/7.0/toolchain/arm/arm-gnu-toolchain/bin/../lib/gcc/arm-none-eabi/6.3.1/../../../../arm-none-eabi/lib/thumb/v7e-m\libc.a(lib_a-findfp.o)
 .ARM.attributes
                0x00000975       0x2e c:/program files (x86)/atmel/studio/7.0/toolchain/arm/arm-gnu-toolchain/bin/../lib/gcc/arm-none-eabi/6.3.1/../../../../arm-none-eabi/lib/thumb/v7e-m\libc.a(lib_a-fini.o)
 .ARM.attributes
                0x000009a3       0x2e c:/program files (x86)/atmel/studio/7.0/toolchain/arm/arm-gnu-toolchain/bin/../lib/gcc/arm-none-eabi/6.3.1/../../../../arm-none-eabi/lib/thumb/v7e-m\libc.a(lib_a-fputwc.o)
 .ARM.attributes
                0x000009d1       0x2e c:/program files (x86)/atmel/studio/7.0/toolchain/arm/arm-gnu-toolchain/bin/../lib/gcc/arm-none-eabi/6.3.1/../../../../arm-none-eabi/lib/thumb/v7e-m\libc.a(lib_a-freer.o)
 .ARM.attributes
                0x000009ff       0x2e c:/program files (x86)/atmel/studio/7.0/toolchain/arm/arm-gnu-toolchain/bin/../lib/gcc/arm-none-eabi/6.3.1/../../../../arm-none-eabi/lib/thumb/v7e-m\libc.a(lib_a-fvwrite.o)
 .ARM.attributes
                0x00000a2d       0x2e c:/program files (x86)/atmel/studio/7.0/toolchain/arm/arm-gnu-toolchain/bin/../lib/gcc/arm-none-eabi/6.3.1/../../../../arm-none-eabi/lib/thumb/v7e-m\libc.a(lib_a-fwalk.o)
 .ARM.attributes
                0x00000a5b       0x2e c:/program files (x86)/atmel/studio/7.0/toolchain/arm/arm-gnu-toolchain/bin/../lib/gcc/arm-none-eabi/6.3.1/../../../../arm-none-eabi/lib/thumb/v7e-m\libc.a(lib_a-locale.o)
 .ARM.attributes
                0x00000a89       0x2e c:/program files (x86)/atmel/studio/7.0/toolchain/arm/arm-gnu-toolchain/bin/../lib/gcc/arm-none-eabi/6.3.1/../../../../arm-none-eabi/lib/thumb/v7e-m\libc.a(lib_a-localeconv.o)
 .ARM.attributes
                0x00000ab7       0x2e c:/program files (x86)/atmel/studio/7.0/toolchain/arm/arm-gnu-toolchain/bin/../lib/gcc/arm-none-eabi/6.3.1/../../../../arm-none-eabi/lib/thumb/v7e-m\libc.a(lib_a-lock.o)
 .ARM.attributes
                0x00000ae5       0x2e c:/program files (x86)/atmel/studio/7.0/toolchain/arm/arm-gnu-toolchain/bin/../lib/gcc/arm-none-eabi/6.3.1/../../../../arm-none-eabi/lib/thumb/v7e-m\libc.a(lib_a-makebuf.o)
 .ARM.attributes