Archive member included to satisfy reference by file (symbol)

c:/program files (x86)/atmel/studio/7.0/toolchain/arm/arm-gnu-toolchain/bin/../lib/gcc/arm-none-eabi/6.3.1/../../../../arm-none-eabi/lib/thumb/v7e-m\libm.a(lib_a-w_log10.o)
                              src/main.o (log10)
c:/program files (x86)/atmel/studio/7.0/toolchain/arm/arm-gnu-toolchain/bin/../lib/gcc/arm-none-eabi/6.3.1/../../../../arm-none-eabi/lib/thumb/v7e-m\libm.a(lib_a-e_log10.o)
                              c:/program files (x86)/atmel/studio/7.0/toolchain/arm/arm-gnu-toolchain/bin/../lib/gcc/arm-none-eabi/6.3.1/../../../../arm-none-eabi/lib/thumb/v7e-m\libm.a(lib_a-w_log10.o) (__ieee754_log10)
c:/program files (x86)/atmel/studio/7.0/toolchain/arm/arm-gnu-toolchain/bin/../lib/gcc/arm-none-eabi/6.3.1/../../../../arm-none-eabi/lib/thumb/v7e-m\libm.a(lib_a-s_lib_ver.o)
                              c:/program files (x86)/atmel/studio/7.0/toolchain/arm/arm-gnu-toolchain/bin/../lib/gcc/arm-none-eabi/6.3.1/../../../../arm-none-eabi/lib/thumb/v7e-m\libm.a(lib_a-w_log10.o) (__fdlib_version)
c:/program files (x86)/atmel/studio/7.0/toolchain/arm/arm-gnu-toolchain/bin/../lib/gcc/arm-none-eabi/6.3.1/../../../../arm-none-eabi/lib/thumb/v7e-m\libm.a(lib_a-s_matherr.o)
                              c:/program files (x86)/atmel/studio/7.0/toolchain/arm/arm-gnu-toolchain/bin/../lib/gcc/arm-none-eabi/6.3.1/../../../../arm-none-eabi/lib/thumb/v7e-m\libm.a(lib_a-w_log10.o) (matherr)
c:/program files (x86)/atmel/studio/7.0/toolchain/arm/arm-gnu-toolchain/bin/../lib/gcc/arm-none-eabi/6.3.1/../../../../arm-none-eabi/lib/thumb/v7e-m\libm.a(lib_a-s_nan.o)
                              c:/program files (x86)/atmel/studio/7.0/toolchain/arm/arm-gnu-toolchain/bin/../lib/gcc/arm-none-eabi/6.3.1/../../../../arm-none-eabi/lib/thumb/v7e-m\libm.a(lib_a-w_log10.o) (nan)
c:/program files (x86)/atmel/studio/7.0/toolchain/arm/arm-gnu-toolchain/bin/../lib/gcc/arm-none-eabi/6.3.1/../../../../arm-none-eabi/lib/thumb/v7e-m\libm.a(lib_a-e_log.o)
                              c:/program files (x86)/atmel/studio/7.0/toolchain/arm/arm-gnu-toolchain/bin/../lib/gcc/arm-none-eabi/6.3.1/../../../../arm-none-eabi/lib/thumb/v7e-m\libm.a(lib_a-e_log10.o) (__ieee754_log)
c:/program files (x86)/atmel/studio/7.0/toolchain/arm/arm-gnu-toolchain/bin/../lib/gcc/arm-none-eabi/6.3.1/thumb/v7e-m\libgcc.a(_arm_addsubdf3.o)
                              c:/program files (x86)/atmel/studio/7.0/toolchain/arm/arm-gnu-toolchain/bin/../lib/gcc/arm-none-eabi/6.3.1/../../../../arm-none-eabi/lib/thumb/v7e-m\libm.a(lib_a-e_log10.o) (__aeabi_dsub)
c:/program files (x86)/atmel/studio/7.0/toolchain/arm/arm-gnu-toolchain/bin/../lib/gcc/arm-none-eabi/6.3.1/thumb/v7e-m\libgcc.a(_arm_muldivdf3.o)
                              c:/program files (x86)/atmel/studio/7.0/toolchain/arm/arm-gnu-toolchain/bin/../lib/gcc/arm-none-eabi/6.3.1/../../../../arm-none-eabi/lib/thumb/v7e-m\libm.a(lib_a-e_log10.o) (__aeabi_dmul)
c:/program files (x86)/atmel/studio/7.0/toolchain/arm/arm-gnu-toolchain/bin/../lib/gcc/arm-none-eabi/6.3.1/thumb/v7e-m\libgcc.a(_arm_cmpdf2.o)
                              c:/program files (x86)/atmel/studio/7.0/toolchain/arm/arm-gnu-toolchain/bin/../lib/gcc/arm-none-eabi/6.3.1/../../../../arm-none-eabi/lib/thumb/v7e-m\libm.a(lib_a-w_log10.o) (__aeabi_dcmpeq)
c:/program files (x86)/atmel/studio/7.0/toolchain/arm/arm-gnu-toolchain/bin/../lib/gcc/arm-none-eabi/6.3.1/thumb/v7e-m\libgcc.a(_arm_unorddf2.o)
                              c:/program files (x86)/atmel/studio/7.0/toolchain/arm/arm-gnu-toolchain/bin/../lib/gcc/arm-none-eabi/6.3.1/../../../../arm-none-eabi/lib/thumb/v7e-m\libm.a(lib_a-w_log10.o) (__aeabi_dcmpun)
c:/program files (x86)/atmel/studio/7.0/toolchain/arm/arm-gnu-toolchain/bin/../lib/gcc/arm-none-eabi/6.3.1/thumb/v7e-m\libgcc.a(_arm_fixdfsi.o)
                              src/main.o (__aeabi_d2iz)
c:/program files (x86)/atmel/studio/7.0/toolchain/arm/arm-gnu-toolchain/bin/../lib/gcc/arm-none-eabi/6.3.1/../../../../arm-none-eabi/lib/thumb/v7e-m\libc.a(lib_a-calloc.o)
                              src/main.o (calloc)
c:/program files (x86)/atmel/studio/7.0/toolchain/arm/arm-gnu-toolchain/bin/../lib/gcc/arm-none-eabi/6.3.1/../../../../arm-none-eabi/lib/thumb/v7e-m\libc.a(lib_a-callocr.o)
                              c:/program files (x86)/atmel/studio/7.0/toolchain/arm/arm-gnu-toolchain/bin/../lib/gcc/arm-none-eabi/6.3.1/../../../../arm-none-eabi/lib/thumb/v7e-m\libc.a(lib_a-calloc.o) (_calloc_r)
c:/program files (x86)/atmel/studio/7.0/toolchain/arm/arm-gnu-toolchain/bin/../lib/gcc/arm-none-eabi/6.3.1/../../../../arm-none-eabi/lib/thumb/v7e-m\libc.a(lib_a-errno.o)
                              c:/program files (x86)/atmel/studio/7.0/toolchain/arm/arm-gnu-toolchain/bin/../lib/gcc/arm-none-eabi/6.3.1/../../../../arm-none-eabi/lib/thumb/v7e-m\libm.a(lib_a-w_log10.o) (__errno)
[...]
Memory Configuration

Name             Origin             Length             Attributes
rom              0x00400000         0x00200000         xr
ram              0x20400000         0x00060000         xrw
*default*        0x00000000         0xffffffff

Linker script and memory map

LOAD c:/program files (x86)/atmel/studio/7.0/toolchain/arm/arm-gnu-toolchain/bin/../lib/gcc/arm-none-eabi/6.3.1/thumb/v7e-m/crti.o
LOAD c:/program files (x86)/atmel/studio/7.0/toolchain/arm/arm-gnu-toolchain/bin/../lib/gcc/arm-none-eabi/6.3.1/thumb/v7e-m/crtbegin.o
LOAD c:/program files (x86)/atmel/studio/7.0/toolchain/arm/arm-gnu-toolchain/bin/../lib/gcc/arm-none-eabi/6.3.1/../../../../arm-none-eabi/lib/thumb/v7e-m/crt0.o
LOAD src/ASF/sam/drivers/rtt/rtt.o
LOAD src/ASF/common/components/touch/mxt/mxt_device_1.o
LOAD src/ASF/common/services/clock/same70/sysclk.o
LOAD src/ASF/common/services/delay/sam/cycle_counter.o
LOAD src/ASF/common/services/serial/usart_serial.o
LOAD src/ASF/common/services/spi/sam_spi/spi_master.o
LOAD src/ASF/common/utils/interrupt/interrupt_sam_nvic.o
LOAD src/ASF/common/utils/stdio/read.o
LOAD src/ASF/common/utils/stdio/write.o
LOAD src/ASF/sam/boards/same70_xplained/init.o
LOAD src/ASF/sam/components/display/ili9488/ili9488.o
LOAD src/ASF/sam/drivers/mpu/mpu.o
LOAD src/ASF/sam/drivers/pio/pio.o
LOAD src/ASF/sam/drivers/pio/pio_handler.o
LOAD src/ASF/sam/drivers/pmc/pmc.o
LOAD src/ASF/sam/drivers/pmc/sleep.o
LOAD src/ASF/sam/drivers/spi/spi.o
LOAD src/ASF/sam/drivers/twihs/twihs.o
LOAD src/ASF/sam/drivers/uart/uart.o
LOAD src/ASF/sam/drivers/usart/usart.o
LOAD src/ASF/sam/utils/cmsis/same70/source/templates/gcc/startup_same70.o
LOAD src/ASF/sam/utils/cmsis/same70/source/templates/system_same70.o
LOAD src/ASF/sam/utils/syscalls/gcc/syscalls.o
LOAD src/main.o
START GROUP
LOAD ../src/ASF/thirdparty/CMSIS/Lib/GCC\libarm_cortexM7lfsp_math_softfp.a
LOAD c:/program files (x86)/atmel/studio/7.0/toolchain/arm/arm-gnu-toolchain/bin/../lib/gcc/arm-none-eabi/6.3.1/../../../../arm-none-eabi/lib/thumb/v7e-m\libm.a
END GROUP
START GROUP
LOAD c:/program files (x86)/atmel/studio/7.0/toolchain/arm/arm-gnu-toolchain/bin/../lib/gcc/arm-none-eabi/6.3.1/thumb/v7e-m\libgcc.a
LOAD c:/program files (x86)/atmel/studio/7.0/toolchain/arm/arm-gnu-toolchain/bin/../lib/gcc/arm-none-eabi/6.3.1/../../../../arm-none-eabi/lib/thumb/v7e-m\libc.a
END GROUP
LOAD c:/program files (x86)/atmel/studio/7.0/toolchain/arm/arm-gnu-toolchain/bin/../lib/gcc/arm-none-eabi/6.3.1/thumb/v7e-m/crtend.o
LOAD c:/program files (x86)/atmel/studio/7.0/toolchain/arm/arm-gnu-toolchain/bin/../lib/gcc/arm-none-eabi/6.3.1/thumb/v7e-m/crtn.o
                0x00002000                STACK_SIZE = DEFINED (STACK_SIZE)?STACK_SIZE:0x2000
                0x2045fffc                __ram_end__ = ((ORIGIN (ram) + LENGTH (ram)) - 0x4)
                0x00000200                HEAP_SIZE = DEFINED (HEAP_SIZE)?HEAP_SIZE:0x200

.text           0x00400000    0x8c28c
                0x00400000                . = ALIGN (0x4)
                0x00400000                _sfixed = .
 *(.vectors .vectors.*)
 .vectors       0x00400000      0x168 src/ASF/sam/utils/cmsis/same70/source/templates/gcc/startup_same70.o
                0x00400000                exception_table
 *(.text .text.* .gnu.linkonce.t.*)
 .text          0x00400168       0x6c c:/program files (x86)/atmel/studio/7.0/toolchain/arm/arm-gnu-toolchain/bin/../lib/gcc/arm-none-eabi/6.3.1/thumb/v7e-m/crtbegin.o
 .text.rtt_init
                0x004001d4       0x14 src/ASF/sam/drivers/rtt/rtt.o
                0x004001d4                rtt_init
 .text.rtt_sel_source
                0x004001e8       0x2c src/ASF/sam/drivers/rtt/rtt.o
                0x004001e8                rtt_sel_source
 .text.rtt_enable_interrupt
                0x00400214       0x14 src/ASF/sam/drivers/rtt/rtt.o
                0x00400214                rtt_enable_interrupt
 .text.rtt_disable_interrupt
                0x00400228       0x14 src/ASF/sam/drivers/rtt/rtt.o
                0x00400228                rtt_disable_interrupt
 .text.rtt_read_timer_value
                0x0040023c       0x14 src/ASF/sam/drivers/rtt/rtt.o
                0x0040023c                rtt_read_timer_value
 .text.rtt_get_status
                0x00400250        0x4 src/ASF/sam/drivers/rtt/rtt.o
                0x00400250                rtt_get_status
 .text.rtt_write_alarm_time
                0x00400254       0x44 src/ASF/sam/drivers/rtt/rtt.o
                0x00400254                rtt_write_alarm_time
 .text.mxt_init_device
                0x00400298      0x298 src/ASF/common/components/touch/mxt/mxt_device_1.o
                0x00400298                mxt_init_device
 .text.mxt_get_object_address
                0x00400530       0x40 src/ASF/common/components/touch/mxt/mxt_device_1.o
                0x00400530                mxt_get_object_address
 .text.mxt_write_config_object
                0x00400570       0x78 src/ASF/common/components/touch/mxt/mxt_device_1.o
                0x00400570                mxt_write_config_object
 .text.mxt_write_config_reg
                0x004005e8       0x48 src/ASF/common/components/touch/mxt/mxt_device_1.o
                0x004005e8                mxt_write_config_reg
 .text.mxt_is_message_pending
                0x00400630       0x24 src/ASF/common/components/touch/mxt/mxt_device_1.o
                0x00400630                mxt_is_message_pending
 .text.mxt_read_message
                0x00400654       0x4c src/ASF/common/components/touch/mxt/mxt_device_1.o
                0x00400654                mxt_read_message
 .text.mxt_read_touch_event
                0x004006a0       0x70 src/ASF/common/components/touch/mxt/mxt_device_1.o
                0x004006a0                mxt_read_touch_event
 .text.sysclk_init
                0x00400710       0x74 src/ASF/common/services/clock/same70/sysclk.o
                0x00400710                sysclk_init
 .text.usart_serial_write_packet
                0x00400784       0xd8 src/ASF/common/services/serial/usart_serial.o
                0x00400784                usart_serial_write_packet
 .text.spi_master_init
                0x0040085c       0x54 src/ASF/common/services/spi/sam_spi/spi_master.o
                0x0040085c                spi_master_init
 .text.spi_master_setup_device
                0x004008b0       0x80 src/ASF/common/services/spi/sam_spi/spi_master.o
                0x004008b0                spi_master_setup_device
 .text.spi_select_device
                0x00400930       0x30 src/ASF/common/services/spi/sam_spi/spi_master.o
                0x00400930                spi_select_device
 .text.spi_write_packet
                0x00400960       0x36 src/ASF/common/services/spi/sam_spi/spi_master.o
                0x00400960                spi_write_packet
 .text.spi_read_packet
                0x00400996       0x54 src/ASF/common/services/spi/sam_spi/spi_master.o
                0x00400996                spi_read_packet
 *fill*         0x004009ea        0x2 
 .text._read    0x004009ec       0x3c src/ASF/common/utils/stdio/read.o
                0x004009ec                _read
 .text._write   0x00400a28       0x50 src/ASF/common/utils/stdio/write.o
                0x00400a28                _write
 .text.board_init
                0x00400a78      0x2bc src/ASF/sam/boards/same70_xplained/init.o
                0x00400a78                board_init
 .text.ili9488_check_box_coordinates
                0x00400d34       0x56 src/ASF/sam/components/display/ili9488/ili9488.o
 *fill*         0x00400d8a        0x2 
 .text.ili9488_write_ram_prepare
                0x00400d8c       0x3c src/ASF/sam/components/display/ili9488/ili9488.o
 .text.ili9488_write_register
                0x00400dc8       0x74 src/ASF/sam/components/display/ili9488/ili9488.o
 .text.ili9488_write_ram_buffer
                0x00400e3c       0x40 src/ASF/sam/components/display/ili9488/ili9488.o
 .text.ili9488_delay
                0x00400e7c       0x1c src/ASF/sam/components/display/ili9488/ili9488.o
                0x00400e7c                ili9488_delay
 .text.ili9488_set_display_direction
                0x00400e98       0x2c src/ASF/sam/components/display/ili9488/ili9488.o
                0x00400e98                ili9488_set_display_direction
 .text.ili9488_set_window
                0x00400ec4       0x80 src/ASF/sam/components/display/ili9488/ili9488.o
                0x00400ec4                ili9488_set_window
 .text.ili9488_display_on
                0x00400f44       0x14 src/ASF/sam/components/display/ili9488/ili9488.o
                0x00400f44                ili9488_display_on
 .text.ili9488_set_foreground_color
                0x00400f58       0x28 src/ASF/sam/components/display/ili9488/ili9488.o
                0x00400f58                ili9488_set_foreground_color
 .text.ili9488_set_cursor_position
                0x00400f80       0x64 src/ASF/sam/components/display/ili9488/ili9488.o
                0x00400f80                ili9488_set_cursor_position
 .text.ili9488_init
                0x00400fe4      0x1c4 src/ASF/sam/components/display/ili9488/ili9488.o
                0x00400fe4                ili9488_init
 .text.ili9488_draw_filled_rectangle
                0x004011a8       0xbc src/ASF/sam/components/display/ili9488/ili9488.o
                0x004011a8                ili9488_draw_filled_rectangle
 .text.ili9488_draw_pixmap
                0x00401264       0x78 src/ASF/sam/components/display/ili9488/ili9488.o
                0x00401264                ili9488_draw_pixmap
 .text.pio_set  0x004012dc        0x4 src/ASF/sam/drivers/pio/pio.o
                0x004012dc                pio_set
 .text.pio_set_peripheral
                0x004012e0       0x92 src/ASF/sam/drivers/pio/pio.o
                0x004012e0                pio_set_peripheral
 .text.pio_set_input
                0x00401372       0x36 src/ASF/sam/drivers/pio/pio.o
                0x00401372                pio_set_input
 .text.pio_set_output
                0x004013a8       0x28 src/ASF/sam/drivers/pio/pio.o
                0x004013a8                pio_set_output
 .text.pio_configure
                0x004013d0       0x90 src/ASF/sam/drivers/pio/pio.o
                0x004013d0                pio_configure
 .text.pio_get_interrupt_status
                0x00401460        0x4 src/ASF/sam/drivers/pio/pio.o
                0x00401460                pio_get_interrupt_status
 .text.pio_get_interrupt_mask
                0x00401464        0x4 src/ASF/sam/drivers/pio/pio.o
                0x00401464                pio_get_interrupt_mask
 .text.pio_set_pin_high
                0x00401468       0x1c src/ASF/sam/drivers/pio/pio.o
                0x00401468                pio_set_pin_high
 .text.pio_set_pin_low
                0x00401484       0x1c src/ASF/sam/drivers/pio/pio.o
                0x00401484                pio_set_pin_low
 .text.pio_configure_pin
                0x004014a0      0x130 src/ASF/sam/drivers/pio/pio.o
                0x004014a0                pio_configure_pin
 .text.pio_handler_process
                0x004015d0       0x50 src/ASF/sam/drivers/pio/pio_handler.o
                0x004015d0                pio_handler_process
 .text.PIOA_Handler
                0x00401620       0x14 src/ASF/sam/drivers/pio/pio_handler.o
                0x00401620                PIOA_Handler
 .text.PIOB_Handler
                0x00401634       0x14 src/ASF/sam/drivers/pio/pio_handler.o
                0x00401634                PIOB_Handler
 .text.PIOC_Handler
                0x00401648       0x14 src/ASF/sam/drivers/pio/pio_handler.o
                0x00401648                PIOC_Handler
 .text.PIOD_Handler
                0x0040165c       0x14 src/ASF/sam/drivers/pio/pio_handler.o
                0x0040165c                PIOD_Handler
 .text.PIOE_Handler
                0x00401670       0x14 src/ASF/sam/drivers/pio/pio_handler.o
                0x00401670                PIOE_Handler
 .text.pmc_mck_set_division
                0x00401684       0x38 src/ASF/sam/drivers/pmc/pmc.o
                0x00401684                pmc_mck_set_division
 .text.pmc_switch_mck_to_pllack
                0x004016bc       0x64 src/ASF/sam/drivers/pmc/pmc.o
                0x004016bc                pmc_switch_mck_to_pllack
 .text.pmc_switch_mainck_to_xtal
                0x00401720       0x54 src/ASF/sam/drivers/pmc/pmc.o
                0x00401720                pmc_switch_mainck_to_xtal
 .text.pmc_osc_is_ready_mainck
                0x00401774       0x10 src/ASF/sam/drivers/pmc/pmc.o
                0x00401774                pmc_osc_is_ready_mainck
 .text.pmc_disable_pllack
                0x00401784       0x10 src/ASF/sam/drivers/pmc/pmc.o
                0x00401784                pmc_disable_pllack
 .text.pmc_is_locked_pllack
                0x00401794       0x10 src/ASF/sam/drivers/pmc/pmc.o
                0x00401794                pmc_is_locked_pllack
 .text.pmc_enable_periph_clk
                0x004017a4       0x20 src/ASF/sam/drivers/pmc/pmc.o
                0x004017a4                pmc_enable_periph_clk
 .text.spi_enable_clock
                0x004017c4       0x2c src/ASF/sam/drivers/spi/spi.o
                0x004017c4                spi_enable_clock
 .text.spi_set_peripheral_chip_select_value
                0x004017f0       0x16 src/ASF/sam/drivers/spi/spi.o
                0x004017f0                spi_set_peripheral_chip_select_value
 .text.spi_set_delay_between_chip_select
                0x00401806       0x12 src/ASF/sam/drivers/spi/spi.o
                0x00401806                spi_set_delay_between_chip_select
 .text.spi_write
                0x00401818       0x34 src/ASF/sam/drivers/spi/spi.o
                0x00401818                spi_write
 .text.spi_set_clock_polarity
                0x0040184c       0x1e src/ASF/sam/drivers/spi/spi.o
                0x0040184c                spi_set_clock_polarity
 .text.spi_set_clock_phase
                0x0040186a       0x1e src/ASF/sam/drivers/spi/spi.o
                0x0040186a                spi_set_clock_phase
 .text.spi_configure_cs_behavior
                0x00401888       0x46 src/ASF/sam/drivers/spi/spi.o
                0x00401888                spi_configure_cs_behavior
 .text.spi_set_bits_per_transfer
                0x004018ce       0x14 src/ASF/sam/drivers/spi/spi.o
                0x004018ce                spi_set_bits_per_transfer
 .text.spi_calc_baudrate_div
                0x004018e2       0x16 src/ASF/sam/drivers/spi/spi.o
                0x004018e2                spi_calc_baudrate_div
 .text.spi_set_baudrate_div
                0x004018f8       0x28 src/ASF/sam/drivers/spi/spi.o
                0x004018f8                spi_set_baudrate_div
 .text.spi_set_transfer_delay
                0x00401920       0x1e src/ASF/sam/drivers/spi/spi.o
                0x00401920                spi_set_transfer_delay
 *fill*         0x0040193e        0x2 
 .text.twihs_set_speed
                0x00401940       0xb0 src/ASF/sam/drivers/twihs/twihs.o
                0x00401940                twihs_set_speed
 .text.twihs_master_init
                0x004019f0       0x34 src/ASF/sam/drivers/twihs/twihs.o
                0x004019f0                twihs_master_init
 .text.twihs_master_read
                0x00401a24       0xac src/ASF/sam/drivers/twihs/twihs.o
                0x00401a24                twihs_master_read
 .text.twihs_master_write
                0x00401ad0       0xa0 src/ASF/sam/drivers/twihs/twihs.o
                0x00401ad0                twihs_master_write
 .text.uart_write
                0x00401b70       0x12 src/ASF/sam/drivers/uart/uart.o
                0x00401b70                uart_write
 .text.uart_read
                0x00401b82       0x14 src/ASF/sam/drivers/uart/uart.o
                0x00401b82                uart_read
 .text.usart_set_async_baudrate
                0x00401b96       0x5a src/ASF/sam/drivers/usart/usart.o
                0x00401b96                usart_set_async_baudrate
 .text.usart_reset
                0x00401bf0       0x28 src/ASF/sam/drivers/usart/usart.o
                0x00401bf0                usart_reset
 .text.usart_init_rs232
                0x00401c18       0x54 src/ASF/sam/drivers/usart/usart.o
                0x00401c18                usart_init_rs232
 .text.usart_enable_tx
                0x00401c6c        0x6 src/ASF/sam/drivers/usart/usart.o
                0x00401c6c                usart_enable_tx
 .text.usart_enable_rx
                0x00401c72        0x6 src/ASF/sam/drivers/usart/usart.o
                0x00401c72                usart_enable_rx
 .text.usart_write
                0x00401c78       0x16 src/ASF/sam/drivers/usart/usart.o
                0x00401c78                usart_write
 .text.usart_read
                0x00401c8e       0x18 src/ASF/sam/drivers/usart/usart.o
                0x00401c8e                usart_read
 .text.Dummy_Handler
                0x00401ca6        0x2 src/ASF/sam/utils/cmsis/same70/source/templates/gcc/startup_same70.o
                0x00401ca6                DACC_Handler
                0x00401ca6                DebugMon_Handler
                0x00401ca6                UART3_Handler
                0x00401ca6                UART2_Handler
                0x00401ca6                TRNG_Handler
                0x00401ca6                HardFault_Handler
                0x00401ca6                TC2_Handler
                0x00401ca6                SysTick_Handler
                0x00401ca6                AFEC1_Handler
                0x00401ca6                PendSV_Handler
                0x00401ca6                NMI_Handler
                0x00401ca6                TC7_Handler
                0x00401ca6                QSPI_Handler
                0x00401ca6                ISI_Handler
                0x00401ca6                MCAN0_INT0_Handler
                0x00401ca6                TC9_Handler
                0x00401ca6                RSWDT_Handler
                0x00401ca6                USART0_Handler
                0x00401ca6                USBHS_Handler
                0x00401ca6                IXC_Handler
                0x00401ca6                CCF_Handler
                0x00401ca6                RTC_Handler
                0x00401ca6                UsageFault_Handler
                0x00401ca6                TC6_Handler
                0x00401ca6                WDT_Handler
                0x00401ca6                MCAN1_INT1_Handler
                0x00401ca6                TC4_Handler
                0x00401ca6                TC1_Handler
                0x00401ca6                HSMCI_Handler
                0x00401ca6                UART1_Handler
                0x00401ca6                TC3_Handler
                0x00401ca6                Dummy_Handler
                0x00401ca6                TWIHS1_Handler
                0x00401ca6                XDMAC_Handler
                0x00401ca6                UART4_Handler
                0x00401ca6                PWM1_Handler
                0x00401ca6                USART1_Handler
                0x00401ca6                PWM0_Handler
                0x00401ca6                AFEC0_Handler
                0x00401ca6                CCW_Handler
                0x00401ca6                SSC_Handler
                0x00401ca6                TC11_Handler
                0x00401ca6                ACC_Handler
                0x00401ca6                PMC_Handler
                0x00401ca6                GMAC_Handler
                0x00401ca6                MCAN0_INT1_Handler
                0x00401ca6                GMAC_Q5_Handler
                0x00401ca6                MemManage_Handler
                0x00401ca6                SUPC_Handler
                0x00401ca6                SVC_Handler
                0x00401ca6                TC8_Handler
                0x00401ca6                MCAN1_INT0_Handler
                0x00401ca6                EFC_Handler
                0x00401ca6                GMAC_Q1_Handler
                0x00401ca6                USART2_Handler
                0x00401ca6                SDRAMC_Handler
                0x00401ca6                GMAC_Q2_Handler
                0x00401ca6                SPI1_Handler
                0x00401ca6                TC10_Handler
                0x00401ca6                GMAC_Q3_Handler
                0x00401ca6                TWIHS2_Handler
                0x00401ca6                I2SC0_Handler
                0x00401ca6                UART0_Handler
                0x00401ca6                I2SC1_Handler
                0x00401ca6                GMAC_Q4_Handler
                0x00401ca6                FPU_Handler
                0x00401ca6                BusFault_Handler
                0x00401ca6                RSTC_Handler
                0x00401ca6                TC0_Handler
                0x00401ca6                TC5_Handler
                0x00401ca6                ICM_Handler
                0x00401ca6                AES_Handler
                0x00401ca6                TWIHS0_Handler
                0x00401ca6                SPI0_Handler
 .text.Reset_Handler
                0x00401ca8       0xc8 src/ASF/sam/utils/cmsis/same70/source/templates/gcc/startup_same70.o
                0x00401ca8                Reset_Handler
 .text.SystemCoreClockUpdate
                0x00401d70      0x10c src/ASF/sam/utils/cmsis/same70/source/templates/system_same70.o
                0x00401d70                SystemCoreClockUpdate
 .text.system_init_flash
                0x00401e7c       0x8c src/ASF/sam/utils/cmsis/same70/source/templates/system_same70.o
                0x00401e7c                system_init_flash
 .text._sbrk    0x00401f08       0x38 src/ASF/sam/utils/syscalls/gcc/syscalls.o
                0x00401f08                _sbrk
 .text._close   0x00401f40        0x6 src/ASF/sam/utils/syscalls/gcc/syscalls.o
                0x00401f40                _close
 .text._fstat   0x00401f46        0xa src/ASF/sam/utils/syscalls/gcc/syscalls.o
                0x00401f46                _fstat
 .text._isatty  0x00401f50        0x4 src/ASF/sam/utils/syscalls/gcc/syscalls.o
                0x00401f50                _isatty
 .text._lseek   0x00401f54        0x4 src/ASF/sam/utils/syscalls/gcc/syscalls.o
                0x00401f54                _lseek
 .text.usart_serial_getchar
                0x00401f58       0xdc src/main.o
 .text.usart_serial_putchar
                0x00402034       0xd4 src/main.o
 .text.initMenuOrder
                0x00402108       0x40 src/main.o
                0x00402108                initMenuOrder
 .text.font_draw_text
                0x00402148       0x60 src/main.o
                0x00402148                font_draw_text
 .text.draw_screen
                0x004021a8       0x28 src/main.o
                0x004021a8                draw_screen
 .text.check_button_click
                0x004021d0       0x44 src/main.o
                0x004021d0                check_button_click
 .text.mxt_debounce
                0x00402214       0x54 src/main.o
                0x00402214                mxt_debounce
 .text.mxt_handler
                0x00402268       0xe0 src/main.o
                0x00402268                mxt_handler
 .text.RTT_Handler
                0x00402348       0x24 src/main.o
                0x00402348                RTT_Handler
 .text.update_screen
                0x0040236c      0x20c src/main.o
                0x0040236c                update_screen
 .text.main     0x00402578      0x54c src/main.o
                0x00402578                main
 .text          0x00402ac4      0x370 c:/program files (x86)/atmel/studio/7.0/toolchain/arm/arm-gnu-toolchain/bin/../lib/gcc/arm-none-eabi/6.3.1/thumb/v7e-m\libgcc.a(_arm_addsubdf3.o)
                0x00402ac4                __aeabi_drsub
                0x00402acc                __aeabi_dsub
                0x00402acc                __subdf3
                0x00402ad0                __aeabi_dadd
                0x00402ad0                __adddf3
                0x00402d48                __floatunsidf
                0x00402d48                __aeabi_ui2d
                0x00402d68                __floatsidf
                0x00402d68                __aeabi_i2d
                0x00402d8c                __aeabi_f2d
                0x00402d8c                __extendsfdf2
                0x00402dc8                __floatundidf
                0x00402dc8                __aeabi_ul2d
                0x00402dd8                __floatdidf
                0x00402dd8                __aeabi_l2d
 .text          0x00402e34      0x424 c:/program files (x86)/atmel/studio/7.0/toolchain/arm/arm-gnu-toolchain/bin/../lib/gcc/arm-none-eabi/6.3.1/thumb/v7e-m\libgcc.a(_arm_muldivdf3.o)
                0x00402e34                __aeabi_dmul
                0x00402e34                __muldf3
                0x00403088                __divdf3
                0x00403088                __aeabi_ddiv
 .text          0x00403258      0x110 c:/program files (x86)/atmel/studio/7.0/toolchain/arm/arm-gnu-toolchain/bin/../lib/gcc/arm-none-eabi/6.3.1/thumb/v7e-m\libgcc.a(_arm_cmpdf2.o)
                0x00403258                __gtdf2
                0x00403258                __gedf2
                0x00403260                __ltdf2
                0x00403260                __ledf2
                0x00403268                __nedf2
                0x00403268                __eqdf2
                0x00403268                __cmpdf2
                0x004032e4                __aeabi_cdrcmple
                0x004032f4                __aeabi_cdcmpeq
                0x004032f4                __aeabi_cdcmple
                0x00403304                __aeabi_dcmpeq
                0x00403318                __aeabi_dcmplt
                0x0040332c                __aeabi_dcmple
                0x00403340                __aeabi_dcmpge
                0x00403354                __aeabi_dcmpgt
 .text          0x00403368       0x2c c:/program files (x86)/atmel/studio/7.0/toolchain/arm/arm-gnu-toolchain/bin/../lib/gcc/arm-none-eabi/6.3.1/thumb/v7e-m\libgcc.a(_arm_unorddf2.o)
                0x00403368                __unorddf2
                0x00403368                __aeabi_dcmpun
 .text          0x00403394       0x50 c:/program files (x86)/atmel/studio/7.0/toolchain/arm/arm-gnu-toolchain/bin/../lib/gcc/arm-none-eabi/6.3.1/thumb/v7e-m\libgcc.a(_arm_fixdfsi.o)
                0x00403394                __aeabi_d2iz
                0x00403394                __fixdfsi
 .text._calloc_r
                0x004033e4       0x60 c:/program files (x86)/atmel/studio/7.0/toolchain/arm/arm-gnu-toolchain/bin/../lib/gcc/arm-none-eabi/6.3.1/../../../../arm-none-eabi/lib/thumb/v7e-m\libc.a(lib_a-callocr.o)
                0x004033e4                _calloc_r
 .text.__libc_init_array
                0x00403444       0x50 c:/program files (x86)/atmel/studio/7.0/toolchain/arm/arm-gnu-toolchain/bin/../lib/gcc/arm-none-eabi/6.3.1/../../../../arm-none-eabi/lib/thumb/v7e-m\libc.a(lib_a-init.o)
                0x00403444                __libc_init_array
 .text.iprintf  0x00403494       0x28 c:/program files (x86)/atmel/studio/7.0/toolchain/arm/arm-gnu-toolchain/bin/../lib/gcc/arm-none-eabi/6.3.1/../../../../arm-none-eabi/lib/thumb/v7e-m\libc.a(lib_a-iprintf.o)
                0x00403494                iprintf
 .text.malloc   0x004034bc       0x10 c:/program files (x86)/atmel/studio/7.0/toolchain/arm/arm-gnu-toolchain/bin/../lib/gcc/arm-none-eabi/6.3.1/../../../../arm-none-eabi/lib/thumb/v7e-m\libc.a(lib_a-malloc.o)
                0x004034bc                malloc
 .text._malloc_r
                0x004034cc      0x560 c:/program files (x86)/atmel/studio/7.0/toolchain/arm/arm-gnu-toolchain/bin/../lib/gcc/arm-none-eabi/6.3.1/../../../../arm-none-eabi/lib/thumb/v7e-m\libc.a(lib_a-mallocr.o)
                0x004034cc                _malloc_r
 .text.memset   0x00403a2c       0x9c c:/program files (x86)/atmel/studio/7.0/toolchain/arm/arm-gnu-toolchain/bin/../lib/gcc/arm-none-eabi/6.3.1/../../../../arm-none-eabi/lib/thumb/v7e-m\libc.a(lib_a-memset.o)
                0x00403a2c                memset
 .text.__malloc_lock
                0x00403ac8        0xc c:/program files (x86)/atmel/studio/7.0/toolchain/arm/arm-gnu-toolchain/bin/../lib/gcc/arm-none-eabi/6.3.1/../../../../arm-none-eabi/lib/thumb/v7e-m\libc.a(lib_a-mlock.o)
                0x00403ac8                __malloc_lock
 .text.__malloc_unlock
                0x00403ad4        0xc c:/program files (x86)/atmel/studio/7.0/toolchain/arm/arm-gnu-toolchain/bin/../lib/gcc/arm-none-eabi/6.3.1/../../../../arm-none-eabi/lib/thumb/v7e-m\libc.a(lib_a-mlock.o)
                0x00403ad4                __malloc_unlock
 .text._sbrk_r  0x00403ae0       0x24 c:/program files (x86)/atmel/studio/7.0/toolchain/arm/arm-gnu-toolchain/bin/../lib/gcc/arm-none-eabi/6.3.1/../../../../arm-none-eabi/lib/thumb/v7e-m\libc.a(lib_a-sbrkr.o)
                0x00403ae0                _sbrk_r
 .text.setbuf   0x00403b04       0x10 c:/program files (x86)/atmel/studio/7.0/toolchain/arm/arm-gnu-toolchain/bin/../lib/gcc/arm-none-eabi/6.3.1/../../../../arm-none-eabi/lib/thumb/v7e-m\libc.a(lib_a-setbuf.o)
                0x00403b04                setbuf
 .text.setvbuf  0x00403b14      0x190 c:/program files (x86)/atmel/studio/7.0/toolchain/arm/arm-gnu-toolchain/bin/../lib/gcc/arm-none-eabi/6.3.1/../../../../arm-none-eabi/lib/thumb/v7e-m\libc.a(lib_a-setvbuf.o)
                0x00403b14                setvbuf
 .text.sprintf  0x00403ca4       0x4c c:/program files (x86)/atmel/studio/7.0/toolchain/arm/arm-gnu-toolchain/bin/../lib/gcc/arm-none-eabi/6.3.1/../../../../arm-none-eabi/lib/thumb/v7e-m\libc.a(lib_a-sprintf.o)
                0x00403ca4                sprintf
 .text.strcat   0x00403cf0       0x40 c:/program files (x86)/atmel/studio/7.0/toolchain/arm/arm-gnu-toolchain/bin/../lib/gcc/arm-none-eabi/6.3.1/../../../../arm-none-eabi/lib/thumb/v7e-m\libc.a(lib_a-strcat.o)
                0x00403cf0                strcat
 .text.strcpy   0x00403d30       0xbc c:/program files (x86)/atmel/studio/7.0/toolchain/arm/arm-gnu-toolchain/bin/../lib/gcc/arm-none-eabi/6.3.1/../../../../arm-none-eabi/lib/thumb/v7e-m\libc.a(lib_a-strcpy.o)
                0x00403d30                strcpy
 *fill*         0x00403dec       0x14 
 .text          0x00403e00       0xdc c:/program files (x86)/atmel/studio/7.0/toolchain/arm/arm-gnu-toolchain/bin/../lib/gcc/arm-none-eabi/6.3.1/../../../../arm-none-eabi/lib/thumb/v7e-m\libc.a(lib_a-strlen.o)
                0x00403e00                strlen
 .text._svfprintf_r
                0x00403edc     0x145c c:/program files (x86)/atmel/studio/7.0/toolchain/arm/arm-gnu-toolchain/bin/../lib/gcc/arm-none-eabi/6.3.1/../../../../arm-none-eabi/lib/thumb/v7e-m\libc.a(lib_a-svfprintf.o)
                0x00403edc                _svfprintf_r
 .text.__sprint_r.part.0
                0x00405338       0x80 c:/program files (x86)/atmel/studio/7.0/toolchain/arm/arm-gnu-toolchain/bin/../lib/gcc/arm-none-eabi/6.3.1/../../../../arm-none-eabi/lib/thumb/v7e-m\libc.a(lib_a-vfiprintf.o)
 .text._vfiprintf_r
                0x004053b8      0xc90 c:/program files (x86)/atmel/studio/7.0/toolchain/arm/arm-gnu-toolchain/bin/../lib/gcc/arm-none-eabi/6.3.1/../../../../arm-none-eabi/lib/thumb/v7e-m\libc.a(lib_a-vfiprintf.o)
                0x004053b8                _vfiprintf_r
 .text.__sbprintf
                0x00406048       0x84 c:/program files (x86)/atmel/studio/7.0/toolchain/arm/arm-gnu-toolchain/bin/../lib/gcc/arm-none-eabi/6.3.1/../../../../arm-none-eabi/lib/thumb/v7e-m\libc.a(lib_a-vfiprintf.o)
 .text.__swsetup_r
                0x004060cc       0xc8 c:/program files (x86)/atmel/studio/7.0/toolchain/arm/arm-gnu-toolchain/bin/../lib/gcc/arm-none-eabi/6.3.1/../../../../arm-none-eabi/lib/thumb/v7e-m\libc.a(lib_a-wsetup.o)
                0x004060cc                __swsetup_r
 .text.startup.register_fini
                0x00406194       0x14 c:/program files (x86)/atmel/studio/7.0/toolchain/arm/arm-gnu-toolchain/bin/../lib/gcc/arm-none-eabi/6.3.1/../../../../arm-none-eabi/lib/thumb/v7e-m\libc.a(lib_a-__call_atexit.o)
 .text.atexit   0x004061a8        0xc c:/program files (x86)/atmel/studio/7.0/toolchain/arm/arm-gnu-toolchain/bin/../lib/gcc/arm-none-eabi/6.3.1/../../../../arm-none-eabi/lib/thumb/v7e-m\libc.a(lib_a-atexit.o)
                0x004061a8                atexit
 .text.quorem   0x004061b4      0x128 c:/program files (x86)/atmel/studio/7.0/toolchain/arm/arm-gnu-toolchain/bin/../lib/gcc/arm-none-eabi/6.3.1/../../../../arm-none-eabi/lib/thumb/v7e-m\libc.a(lib_a-dtoa.o)
 *fill*         0x004062dc        0x4 
 .text._dtoa_r  0x004062e0      0xe54 c:/program files (x86)/atmel/studio/7.0/toolchain/arm/arm-gnu-toolchain/bin/../lib/gcc/arm-none-eabi/6.3.1/../../../../arm-none-eabi/lib/thumb/v7e-m\libc.a(lib_a-dtoa.o)
                0x004062e0                _dtoa_r
 .text.__sflush_r
                0x00407134      0x140 c:/program files (x86)/atmel/studio/7.0/toolchain/arm/arm-gnu-toolchain/bin/../lib/gcc/arm-none-eabi/6.3.1/../../../../arm-none-eabi/lib/thumb/v7e-m\libc.a(lib_a-fflush.o)
                0x00407134                __sflush_r
 .text._fflush_r
                0x00407274       0x54 c:/program files (x86)/atmel/studio/7.0/toolchain/arm/arm-gnu-toolchain/bin/../lib/gcc/arm-none-eabi/6.3.1/../../../../arm-none-eabi/lib/thumb/v7e-m\libc.a(lib_a-fflush.o)
                0x00407274                _fflush_r
 .text._cleanup_r
                0x004072c8        0xc c:/program files (x86)/atmel/studio/7.0/toolchain/arm/arm-gnu-toolchain/bin/../lib/gcc/arm-none-eabi/6.3.1/../../../../arm-none-eabi/lib/thumb/v7e-m\libc.a(lib_a-findfp.o)
                0x004072c8                _cleanup_r
 .text.std.isra.0
                0x004072d4       0x50 c:/program files (x86)/atmel/studio/7.0/toolchain/arm/arm-gnu-toolchain/bin/../lib/gcc/arm-none-eabi/6.3.1/../../../../arm-none-eabi/lib/thumb/v7e-m\libc.a(lib_a-findfp.o)
 .text.__sinit  0x00407324       0x58 c:/program files (x86)/atmel/studio/7.0/toolchain/arm/arm-gnu-toolchain/bin/../lib/gcc/arm-none-eabi/6.3.1/../../../../arm-none-eabi/lib/thumb/v7e-m\libc.a(lib_a-findfp.o)
                0x00407324                __sinit
 .text.__sfp_lock_acquire
                0x0040737c        0xc c:/program files (x86)/atmel/studio/7.0/toolchain/arm/arm-gnu-toolchain/bin/../lib/gcc/arm-none-eabi/6.3.1/../../../../arm-none-eabi/lib/thumb/v7e-m\libc.a(lib_a-findfp.o)
                0x0040737c                __sfp_lock_acquire
 .text.__sfp_lock_release
                0x00407388        0xc c:/program files (x86)/atmel/studio/7.0/toolchain/arm/arm-gnu-toolchain/bin/../lib/gcc/arm-none-eabi/6.3.1/../../../../arm-none-eabi/lib/thumb/v7e-m\libc.a(lib_a-findfp.o)
                0x00407388                __sfp_lock_release
 .text.__libc_fini_array
                0x00407394       0x34 c:/program files (x86)/atmel/studio/7.0/toolchain/arm/arm-gnu-toolchain/bin/../lib/gcc/arm-none-eabi/6.3.1/../../../../arm-none-eabi/lib/thumb/v7e-m\libc.a(lib_a-fini.o)
                0x00407394                __libc_fini_array
 .text.__fputwc
                0x004073c8       0xa0 c:/program files (x86)/atmel/studio/7.0/toolchain/arm/arm-gnu-toolchain/bin/../lib/gcc/arm-none-eabi/6.3.1/../../../../arm-none-eabi/lib/thumb/v7e-m\libc.a(lib_a-fputwc.o)
                0x004073c8                __fputwc
 .text._fputwc_r
                0x00407468       0x68 c:/program files (x86)/atmel/studio/7.0/toolchain/arm/arm-gnu-toolchain/bin/../lib/gcc/arm-none-eabi/6.3.1/../../../../arm-none-eabi/lib/thumb/v7e-m\libc.a(lib_a-fputwc.o)
                0x00407468                _fputwc_r
 .text._malloc_trim_r
                0x004074d0       0xa0 c:/program files (x86)/atmel/studio/7.0/toolchain/arm/arm-gnu-toolchain/bin/../lib/gcc/arm-none-eabi/6.3.1/../../../../arm-none-eabi/lib/thumb/v7e-m\libc.a(lib_a-freer.o)
                0x004074d0                _malloc_trim_r
 .text._free_r  0x00407570      0x1cc c:/program files (x86)/atmel/studio/7.0/toolchain/arm/arm-gnu-toolchain/bin/../lib/gcc/arm-none-eabi/6.3.1/../../../../arm-none-eabi/lib/thumb/v7e-m\libc.a(lib_a-freer.o)
                0x00407570                _free_r
 .text.__sfvwrite_r
                0x0040773c      0x2f0 c:/program files (x86)/atmel/studio/7.0/toolchain/arm/arm-gnu-toolchain/bin/../lib/gcc/arm-none-eabi/6.3.1/../../../../arm-none-eabi/lib/thumb/v7e-m\libc.a(lib_a-fvwrite.o)
                0x0040773c                __sfvwrite_r
 .text._fwalk_reent
                0x00407a2c       0x54 c:/program files (x86)/atmel/studio/7.0/toolchain/arm/arm-gnu-toolchain/bin/../lib/gcc/arm-none-eabi/6.3.1/../../../../arm-none-eabi/lib/thumb/v7e-m\libc.a(lib_a-fwalk.o)
                0x00407a2c                _fwalk_reent
 .text.__locale_mb_cur_max
                0x00407a80       0x1c c:/program files (x86)/atmel/studio/7.0/toolchain/arm/arm-gnu-toolchain/bin/../lib/gcc/arm-none-eabi/6.3.1/../../../../arm-none-eabi/lib/thumb/v7e-m\libc.a(lib_a-locale.o)
                0x00407a80                __locale_mb_cur_max
 .text._localeconv_r
                0x00407a9c       0x1c c:/program files (x86)/atmel/studio/7.0/toolchain/arm/arm-gnu-toolchain/bin/../lib/gcc/arm-none-eabi/6.3.1/../../../../arm-none-eabi/lib/thumb/v7e-m\libc.a(lib_a-localeconv.o)
                0x00407a9c                _localeconv_r
 .text.__retarget_lock_init_recursive
                0x00407ab8        0x4 c:/program files (x86)/atmel/studio/7.0/toolchain/arm/arm-gnu-toolchain/bin/../lib/gcc/arm-none-eabi/6.3.1/../../../../arm-none-eabi/lib/thumb/v7e-m\libc.a(lib_a-lock.o)
                0x00407ab8                __retarget_lock_init_recursive
 .text.__retarget_lock_close_recursive
                0x00407abc        0x4 c:/program files (x86)/atmel/studio/7.0/toolchain/arm/arm-gnu-toolchain/bin/../lib/gcc/arm-none-eabi/6.3.1/../../../../arm-none-eabi/lib/thumb/v7e-m\libc.a(lib_a-lock.o)
                0x00407abc                __retarget_lock_close_recursive
 .text.__retarget_lock_acquire_recursive
                0x00407ac0        0x4 c:/program files (x86)/atmel/studio/7.0/toolchain/arm/arm-gnu-toolchain/bin/../lib/gcc/arm-none-eabi/6.3.1/../../../../arm-none-eabi/lib/thumb/v7e-m\libc.a(lib_a-lock.o)
                0x00407ac0                __retarget_lock_acquire_recursive
 .text.__retarget_lock_release_recursive
                0x00407ac4        0x4 c:/program files (x86)/atmel/studio/7.0/toolchain/arm/arm-gnu-toolchain/bin/../lib/gcc/arm-none-eabi/6.3.1/../../../../arm-none-eabi/lib/thumb/v7e-m\libc.a(lib_a-lock.o)
                0x00407ac4                __retarget_lock_release_recursive
 .text.__swhatbuf_r
                0x00407ac8       0x5c c:/program files (x86)/atmel/studio/7.0/toolchain/arm/arm-gnu-toolchain/bin/../lib/gcc/arm-none-eabi/6.3.1/../../../../arm-none-eabi/lib/thumb/v7e-m\libc.a(lib_a-makebuf.o)
                0x00407ac8                __swhatbuf_r
 .text.__smakebuf_r
                0x00407b24       0x94 c:/program files (x86)/atmel/studio/7.0/toolchain/arm/arm-gnu-toolchain/bin/../lib/gcc/arm-none-eabi/6.3.1/../../../../arm-none-eabi/lib/thumb/v7e-m\libc.a(lib_a-makebuf.o)
                0x00407b24                __smakebuf_r
 .text.__ascii_mbtowc
                0x00407bb8       0x2c c:/program files (x86)/atmel/studio/7.0/toolchain/arm/arm-gnu-toolchain/bin/../lib/gcc/arm-none-eabi/6.3.1/../../../../arm-none-eabi/lib/thumb/v7e-m\libc.a(lib_a-mbtowc_r.o)
                0x00407bb8                __ascii_mbtowc
 *fill*         0x00407be4        0xc 
 .text          0x00407bf0       0xa0 c:/program files (x86)/atmel/studio/7.0/toolchain/arm/arm-gnu-toolchain/bin/../lib/gcc/arm-none-eabi/6.3.1/../../../../arm-none-eabi/lib/thumb/v7e-m\libc.a(lib_a-memchr.o)
                0x00407bf0                memchr
 .text          0x00407c90      0x134 c:/program files (x86)/atmel/studio/7.0/toolchain/arm/arm-gnu-toolchain/bin/../lib/gcc/arm-none-eabi/6.3.1/../../../../arm-none-eabi/lib/thumb/v7e-m\libc.a(lib_a-memcpy.o)
                0x00407c90                memcpy
 .text.memmove  0x00407dc4       0xc8 c:/program files (x86)/atmel/studio/7.0/toolchain/arm/arm-gnu-toolchain/bin/../lib/gcc/arm-none-eabi/6.3.1/../../../../arm-none-eabi/lib/thumb/v7e-m\libc.a(lib_a-memmove.o)
                0x00407dc4                memmove
 .text._Balloc  0x00407e8c       0x4c c:/program files (x86)/atmel/studio/7.0/toolchain/arm/arm-gnu-toolchain/bin/../lib/gcc/arm-none-eabi/6.3.1/../../../../arm-none-eabi/lib/thumb/v7e-m\libc.a(lib_a-mprec.o)
                0x00407e8c                _Balloc
 .text._Bfree   0x00407ed8       0x14 c:/program files (x86)/atmel/studio/7.0/toolchain/arm/arm-gnu-toolchain/bin/../lib/gcc/arm-none-eabi/6.3.1/../../../../arm-none-eabi/lib/thumb/v7e-m\libc.a(lib_a-mprec.o)
                0x00407ed8                _Bfree
 .text.__multadd
                0x00407eec       0x80 c:/program files (x86)/atmel/studio/7.0/toolchain/arm/arm-gnu-toolchain/bin/../lib/gcc/arm-none-eabi/6.3.1/../../../../arm-none-eabi/lib/thumb/v7e-m\libc.a(lib_a-mprec.o)
                0x00407eec                __multadd
 .text.__hi0bits
                0x00407f6c       0x40 c:/program files (x86)/atmel/studio/7.0/toolchain/arm/arm-gnu-toolchain/bin/../lib/gcc/arm-none-eabi/6.3.1/../../../../arm-none-eabi/lib/thumb/v7e-m\libc.a(lib_a-mprec.o)
                0x00407f6c                __hi0bits
 .text.__lo0bits
                0x00407fac       0x60 c:/program files (x86)/atmel/studio/7.0/toolchain/arm/arm-gnu-toolchain/bin/../lib/gcc/arm-none-eabi/6.3.1/../../../../arm-none-eabi/lib/thumb/v7e-m\libc.a(lib_a-mprec.o)
                0x00407fac                __lo0bits
 .text.__i2b    0x0040800c       0x14 c:/program files (x86)/atmel/studio/7.0/toolchain/arm/arm-gnu-toolchain/bin/../lib/gcc/arm-none-eabi/6.3.1/../../../../arm-none-eabi/lib/thumb/v7e-m\libc.a(lib_a-mprec.o)
                0x0040800c                __i2b
 .text.__multiply
                0x00408020      0x124 c:/program files (x86)/atmel/studio/7.0/toolchain/arm/arm-gnu-toolchain/bin/../lib/gcc/arm-none-eabi/6.3.1/../../../../arm-none-eabi/lib/thumb/v7e-m\libc.a(lib_a-mprec.o)
                0x00408020                __multiply
 .text.__pow5mult
                0x00408144       0xa0 c:/program files (x86)/atmel/studio/7.0/toolchain/arm/arm-gnu-toolchain/bin/../lib/gcc/arm-none-eabi/6.3.1/../../../../arm-none-eabi/lib/thumb/v7e-m\libc.a(lib_a-mprec.o)
                0x00408144                __pow5mult
 .text.__lshift
                0x004081e4       0xa4 c:/program files (x86)/atmel/studio/7.0/toolchain/arm/arm-gnu-toolchain/bin/../lib/gcc/arm-none-eabi/6.3.1/../../../../arm-none-eabi/lib/thumb/v7e-m\libc.a(lib_a-mprec.o)
                0x004081e4                __lshift
 .text.__mcmp   0x00408288       0x38 c:/program files (x86)/atmel/studio/7.0/toolchain/arm/arm-gnu-toolchain/bin/../lib/gcc/arm-none-eabi/6.3.1/../../../../arm-none-eabi/lib/thumb/v7e-m\libc.a(lib_a-mprec.o)
                0x00408288                __mcmp
 .text.__mdiff  0x004082c0      0x108 c:/program files (x86)/atmel/studio/7.0/toolchain/arm/arm-gnu-toolchain/bin/../lib/gcc/arm-none-eabi/6.3.1/../../../../arm-none-eabi/lib/thumb/v7e-m\libc.a(lib_a-mprec.o)
                0x004082c0                __mdiff
 .text.__d2b    0x004083c8       0xb8 c:/program files (x86)/atmel/studio/7.0/toolchain/arm/arm-gnu-toolchain/bin/../lib/gcc/arm-none-eabi/6.3.1/../../../../arm-none-eabi/lib/thumb/v7e-m\libc.a(lib_a-mprec.o)
                0x004083c8                __d2b
 .text._realloc_r
                0x00408480      0x34c c:/program files (x86)/atmel/studio/7.0/toolchain/arm/arm-gnu-toolchain/bin/../lib/gcc/arm-none-eabi/6.3.1/../../../../arm-none-eabi/lib/thumb/v7e-m\libc.a(lib_a-reallocr.o)
                0x00408480                _realloc_r
 .text.__sread  0x004087cc       0x24 c:/program files (x86)/atmel/studio/7.0/toolchain/arm/arm-gnu-toolchain/bin/../lib/gcc/arm-none-eabi/6.3.1/../../../../arm-none-eabi/lib/thumb/v7e-m\libc.a(lib_a-stdio.o)
                0x004087cc                __sread
 .text.__swrite
                0x004087f0       0x3c c:/program files (x86)/atmel/studio/7.0/toolchain/arm/arm-gnu-toolchain/bin/../lib/gcc/arm-none-eabi/6.3.1/../../../../arm-none-eabi/lib/thumb/v7e-m\libc.a(lib_a-stdio.o)
                0x004087f0                __swrite
 .text.__sseek  0x0040882c       0x20 c:/program files (x86)/atmel/studio/7.0/toolchain/arm/arm-gnu-toolchain/bin/../lib/gcc/arm-none-eabi/6.3.1/../../../../arm-none-eabi/lib/thumb/v7e-m\libc.a(lib_a-stdio.o)
                0x0040882c                __sseek
 .text.__sclose
                0x0040884c        0x8 c:/program files (x86)/atmel/studio/7.0/toolchain/arm/arm-gnu-toolchain/bin/../lib/gcc/arm-none-eabi/6.3.1/../../../../arm-none-eabi/lib/thumb/v7e-m\libc.a(lib_a-stdio.o)
                0x0040884c                __sclose
 .text.__ssprint_r
                0x00408854       0xfc c:/program files (x86)/atmel/studio/7.0/toolchain/arm/arm-gnu-toolchain/bin/../lib/gcc/arm-none-eabi/6.3.1/../../../../arm-none-eabi/lib/thumb/v7e-m\libc.a(lib_a-svfiprintf.o)
                0x00408854                __ssprint_r
 .text.__swbuf_r
                0x00408950       0xb0 c:/program files (x86)/atmel/studio/7.0/toolchain/arm/arm-gnu-toolchain/bin/../lib/gcc/arm-none-eabi/6.3.1/../../../../arm-none-eabi/lib/thumb/v7e-m\libc.a(lib_a-wbuf.o)
                0x00408950                __swbuf_r
 .text._wcrtomb_r
                0x00408a00       0x54 c:/program files (x86)/atmel/studio/7.0/toolchain/arm/arm-gnu-toolchain/bin/../lib/gcc/arm-none-eabi/6.3.1/../../../../arm-none-eabi/lib/thumb/v7e-m\libc.a(lib_a-wcrtomb.o)
                0x00408a00                _wcrtomb_r
 .text.__ascii_wctomb
                0x00408a54       0x1c c:/program files (x86)/atmel/studio/7.0/toolchain/arm/arm-gnu-toolchain/bin/../lib/gcc/arm-none-eabi/6.3.1/../../../../arm-none-eabi/lib/thumb/v7e-m\libc.a(lib_a-wctomb_r.o)
                0x00408a54                __ascii_wctomb
 .text._write_r
                0x00408a70       0x2c c:/program files (x86)/atmel/studio/7.0/toolchain/arm/arm-gnu-toolchain/bin/../lib/gcc/arm-none-eabi/6.3.1/../../../../arm-none-eabi/lib/thumb/v7e-m\libc.a(lib_a-writer.o)
                0x00408a70                _write_r
 .text.__register_exitproc
                0x00408a9c       0xc4 c:/program files (x86)/atmel/studio/7.0/toolchain/arm/arm-gnu-toolchain/bin/../lib/gcc/arm-none-eabi/6.3.1/../../../../arm-none-eabi/lib/thumb/v7e-m\libc.a(lib_a-__atexit.o)
                0x00408a9c                __register_exitproc
 .text._close_r
                0x00408b60       0x24 c:/program files (x86)/atmel/studio/7.0/toolchain/arm/arm-gnu-toolchain/bin/../lib/gcc/arm-none-eabi/6.3.1/../../../../arm-none-eabi/lib/thumb/v7e-m\libc.a(lib_a-closer.o)
                0x00408b60                _close_r
 .text._fclose_r
                0x00408b84       0xc4 c:/program files (x86)/atmel/studio/7.0/toolchain/arm/arm-gnu-toolchain/bin/../lib/gcc/arm-none-eabi/6.3.1/../../../../arm-none-eabi/lib/thumb/v7e-m\libc.a(lib_a-fclose.o)
                0x00408b84                _fclose_r
 .text._fstat_r
                0x00408c48       0x28 c:/program files (x86)/atmel/studio/7.0/toolchain/arm/arm-gnu-toolchain/bin/../lib/gcc/arm-none-eabi/6.3.1/../../../../arm-none-eabi/lib/thumb/v7e-m\libc.a(lib_a-fstatr.o)
                0x00408c48                _fstat_r
 .text._isatty_r
                0x00408c70       0x24 c:/program files (x86)/atmel/studio/7.0/toolchain/arm/arm-gnu-toolchain/bin/../lib/gcc/arm-none-eabi/6.3.1/../../../../arm-none-eabi/lib/thumb/v7e-m\libc.a(lib_a-isattyr.o)
                0x00408c70                _isatty_r
 .text._lseek_r
                0x00408c94       0x2c c:/program files (x86)/atmel/studio/7.0/toolchain/arm/arm-gnu-toolchain/bin/../lib/gcc/arm-none-eabi/6.3.1/../../../../arm-none-eabi/lib/thumb/v7e-m\libc.a(lib_a-lseekr.o)
                0x00408c94                _lseek_r
 .text._read_r  0x00408cc0       0x2c c:/program files (x86)/atmel/studio/7.0/toolchain/arm/arm-gnu-toolchain/bin/../lib/gcc/arm-none-eabi/6.3.1/../../../../arm-none-eabi/lib/thumb/v7e-m\libc.a(lib_a-readr.o)
                0x00408cc0                _read_r
 .text          0x00408cec       0x30 c:/program files (x86)/atmel/studio/7.0/toolchain/arm/arm-gnu-toolchain/bin/../lib/gcc/arm-none-eabi/6.3.1/thumb/v7e-m\libgcc.a(_aeabi_uldivmod.o)
                0x00408cec                __aeabi_uldivmod
 .text          0x00408d1c      0x2dc c:/program files (x86)/atmel/studio/7.0/toolchain/arm/arm-gnu-toolchain/bin/../lib/gcc/arm-none-eabi/6.3.1/thumb/v7e-m\libgcc.a(_udivmoddi4.o)
                0x00408d1c                __udivmoddi4
 .text          0x00408ff8        0x4 c:/program files (x86)/atmel/studio/7.0/toolchain/arm/arm-gnu-toolchain/bin/../lib/gcc/arm-none-eabi/6.3.1/thumb/v7e-m\libgcc.a(_dvmd_tls.o)
                0x00408ff8                __aeabi_idiv0
                0x00408ff8                __aeabi_ldiv0
 *(.glue_7t)
 .glue_7t       0x00408ffc        0x0 linker stubs
 *(.glue_7)
 .glue_7        0x00408ffc        0x0 linker stubs
 *(.rodata .rodata* .gnu.linkonce.r.*)
 .rodata        0x00408ffc       0x5d src/main.o
 *fill*         0x00409059        0x3 
 .rodata.calibri_36
                0x0040905c        0xc src/main.o
                0x0040905c                calibri_36
 .rodata.calibri_36_0x20
                0x00409068       0x10 src/main.o
 .rodata.calibri_36_0x21
                0x00409078       0x10 src/main.o
 .rodata.calibri_36_0x22
                0x00409088       0x10 src/main.o
 .rodata.calibri_36_0x23
                0x00409098       0x10 src/main.o
 .rodata.calibri_36_0x24
                0x004090a8       0x10 src/main.o
 .rodata.calibri_36_0x25
                0x004090b8       0x10 src/main.o
 .rodata.calibri_36_0x26
                0x004090c8       0x10 src/main.o
 .rodata.calibri_36_0x27
                0x004090d8       0x10 src/main.o
 .rodata.calibri_36_0x28
                0x004090e8       0x10 src/main.o
 .rodata.calibri_36_0x29
                0x004090f8       0x10 src/main.o
 .rodata.calibri_36_0x2a
                0x00409108       0x10 src/main.o
 .rodata.calibri_36_0x2b
                0x00409118       0x10 src/main.o
 .rodata.calibri_36_0x2c
                0x00409128       0x10 src/main.o
 .rodata.calibri_36_0x2d
                0x00409138       0x10 src/main.o
 .rodata.calibri_36_0x2e
                0x00409148       0x10 src/main.o
 .rodata.calibri_36_0x2f
                0x00409158       0x10 src/main.o
 .rodata.calibri_36_0x30
                0x00409168       0x10 src/main.o
 .rodata.calibri_36_0x31
                0x00409178       0x10 src/main.o
 .rodata.calibri_36_0x32
                0x00409188       0x10 src/main.o
 .rodata.calibri_36_0x33
                0x00409198       0x10 src/main.o
 .rodata.calibri_36_0x34
                0x004091a8       0x10 src/main.o
 .rodata.calibri_36_0x35
                0x004091b8       0x10 src/main.o
 .rodata.calibri_36_0x36
                0x004091c8       0x10 src/main.o
 .rodata.calibri_36_0x37
                0x004091d8       0x10 src/main.o
 .rodata.calibri_36_0x38
                0x004091e8       0x10 src/main.o
 .rodata.calibri_36_0x39
                0x004091f8       0x10 src/main.o
 .rodata.calibri_36_0x3a
                0x00409208       0x10 src/main.o
 .rodata.calibri_36_0x3b
                0x00409218       0x10 src/main.o
 .rodata.calibri_36_0x3c
                0x00409228       0x10 src/main.o
 .rodata.calibri_36_0x3d
                0x00409238       0x10 src/main.o
 .rodata.calibri_36_0x3e
                0x00409248       0x10 src/main.o
 .rodata.calibri_36_0x3f
                0x00409258       0x10 src/main.o
 .rodata.calibri_36_0x40
                0x00409268       0x10 src/main.o
 .rodata.calibri_36_0x41
                0x00409278       0x10 src/main.o
 .rodata.calibri_36_0x42
                0x00409288       0x10 src/main.o
 .rodata.calibri_36_0x43
                0x00409298       0x10 src/main.o
 .rodata.calibri_36_0x44
                0x004092a8       0x10 src/main.o
 .rodata.calibri_36_0x45
                0x004092b8       0x10 src/main.o
 .rodata.calibri_36_0x46
                0x004092c8       0x10 src/main.o
 .rodata.calibri_36_0x47
                0x004092d8       0x10 src/main.o
 .rodata.calibri_36_0x48
                0x004092e8       0x10 src/main.o
 .rodata.calibri_36_0x49
                0x004092f8       0x10 src/main.o
 .rodata.calibri_36_0x4a
                0x00409308       0x10 src/main.o
 .rodata.calibri_36_0x4b
                0x00409318       0x10 src/main.o
 .rodata.calibri_36_0x4c
                0x00409328       0x10 src/main.o
 .rodata.calibri_36_0x4d
                0x00409338       0x10 src/main.o
 .rodata.calibri_36_0x4e
                0x00409348       0x10 src/main.o
 .rodata.calibri_36_0x4f
                0x00409358       0x10 src/main.o
 .rodata.calibri_36_0x50
                0x00409368       0x10 src/main.o
 .rodata.calibri_36_0x51
                0x00409378       0x10 src/main.o
 .rodata.calibri_36_0x52
                0x00409388       0x10 src/main.o
 .rodata.calibri_36_0x53
                0x00409398       0x10 src/main.o
 .rodata.calibri_36_0x54
                0x004093a8       0x10 src/main.o
 .rodata.calibri_36_0x55
                0x004093b8       0x10 src/main.o
 .rodata.calibri_36_0x56
                0x004093c8       0x10 src/main.o
 .rodata.calibri_36_0x57
                0x004093d8       0x10 src/main.o
 .rodata.calibri_36_0x58
                0x004093e8       0x10 src/main.o
 .rodata.calibri_36_0x59
                0x004093f8       0x10 src/main.o
 .rodata.calibri_36_0x5a
                0x00409408       0x10 src/main.o
 .rodata.calibri_36_0x5b
                0x00409418       0x10 src/main.o
 .rodata.calibri_36_0x5c
                0x00409428       0x10 src/main.o
 .rodata.calibri_36_0x5d
                0x00409438       0x10 src/main.o
 .rodata.calibri_36_0x5e
                0x00409448       0x10 src/main.o
 .rodata.calibri_36_0x5f
                0x00409458       0x10 src/main.o
 .rodata.calibri_36_0x60
                0x00409468       0x10 src/main.o
 .rodata.calibri_36_0x61
                0x00409478       0x10 src/main.o
 .rodata.calibri_36_0x62
                0x00409488       0x10 src/main.o
 .rodata.calibri_36_0x63
                0x00409498       0x10 src/main.o
 .rodata.calibri_36_0x64
                0x004094a8       0x10 src/main.o
 .rodata.calibri_36_0x65
                0x004094b8       0x10 src/main.o
 .rodata.calibri_36_0x66
                0x004094c8       0x10 src/main.o
 .rodata.calibri_36_0x67
                0x004094d8       0x10 src/main.o
 .rodata.calibri_36_0x68
                0x004094e8       0x10 src/main.o
 .rodata.calibri_36_0x69
                0x004094f8       0x10 src/main.o
 .rodata.calibri_36_0x6a
                0x00409508       0x10 src/main.o
 .rodata.calibri_36_0x6b
                0x00409518       0x10 src/main.o
 .rodata.calibri_36_0x6c
                0x00409528       0x10 src/main.o
 .rodata.calibri_36_0x6d
                0x00409538       0x10 src/main.o
 .rodata.calibri_36_0x6e
                0x00409548       0x10 src/main.o
 .rodata.calibri_36_0x6f
                0x00409558       0x10 src/main.o
 .rodata.calibri_36_0x70
                0x00409568       0x10 src/main.o
 .rodata.calibri_36_0x71
                0x00409578       0x10 src/main.o
 .rodata.calibri_36_0x72
                0x00409588       0x10 src/main.o
 .rodata.calibri_36_0x73
                0x00409598       0x10 src/main.o
 .rodata.calibri_36_0x74
                0x004095a8       0x10 src/main.o
 .rodata.calibri_36_0x75
                0x004095b8       0x10 src/main.o
 .rodata.calibri_36_0x76
                0x004095c8       0x10 src/main.o
 .rodata.calibri_36_0x77
                0x004095d8       0x10 src/main.o
 .rodata.calibri_36_0x78
                0x004095e8       0x10 src/main.o
 .rodata.calibri_36_0x79
                0x004095f8       0x10 src/main.o
 .rodata.calibri_36_0x7a
                0x00409608       0x10 src/main.o
 .rodata.calibri_36_0x7b
                0x00409618       0x10 src/main.o
 .rodata.calibri_36_0x7c
                0x00409628       0x10 src/main.o
 .rodata.calibri_36_0x7d
                0x00409638       0x10 src/main.o
 .rodata.calibri_36_0x7e
                0x00409648       0x10 src/main.o
 .rodata.calibri_36_array
                0x00409658      0x2f8 src/main.o
 .rodata.centrifuge
                0x00409950     0x4b00 src/main.o
 .rodata.custom
                0x0040e450     0x4b00 src/main.o
 .rodata.daily  0x00412f50     0x4b00 src/main.o
 .rodata.enxague
                0x00417a50     0x4b00 src/main.o
 .rodata.fast   0x0041c550     0x4b00 src/main.o
 .rodata.image_data_calibri_36_0x20
                0x00421050      0x378 src/main.o
 .rodata.image_data_calibri_36_0x21
                0x004213c8      0x534 src/main.o
 .rodata.image_data_calibri_36_0x22
                0x004218fc      0x612 src/main.o
 *fill*         0x00421f0e        0x2 
 .rodata.image_data_calibri_36_0x23
                0x00421f10      0x7ce src/main.o
 *fill*         0x004226de        0x2 
 .rodata.image_data_calibri_36_0x24
                0x004226e0      0x7ce src/main.o
 *fill*         0x00422eae        0x2 
 .rodata.image_data_calibri_36_0x25
                0x00422eb0      0xb46 src/main.o
 *fill*         0x004239f6        0x2 
 .rodata.image_data_calibri_36_0x26
                0x004239f8      0xad7 src/main.o
 *fill*         0x004244cf        0x1 
 .rodata.image_data_calibri_36_0x27
                0x004244d0      0x378 src/main.o
 .rodata.image_data_calibri_36_0x28
                0x00424848      0x4c5 src/main.o
 *fill*         0x00424d0d        0x3 
 .rodata.image_data_calibri_36_0x29
                0x00424d10      0x4c5 src/main.o
 *fill*         0x004251d5        0x3 
 .rodata.image_data_calibri_36_0x2a
                0x004251d8      0x7ce src/main.o
 *fill*         0x004259a6        0x2 
 .rodata.image_data_calibri_36_0x2b
                0x004259a8      0x7ce src/main.o
 *fill*         0x00426176        0x2 
 .rodata.image_data_calibri_36_0x2c
                0x00426178      0x3e7 src/main.o
 *fill*         0x0042655f        0x1 
 .rodata.image_data_calibri_36_0x2d
                0x00426560      0x4c5 src/main.o
 *fill*         0x00426a25        0x3 
 .rodata.image_data_calibri_36_0x2e
                0x00426a28      0x3e7 src/main.o
 *fill*         0x00426e0f        0x1 
 .rodata.image_data_calibri_36_0x2f
                0x00426e10      0x612 src/main.o
 *fill*         0x00427422        0x2 
 .rodata.image_data_calibri_36_0x30
                0x00427424      0x7ce src/main.o
 *fill*         0x00427bf2        0x2 
 .rodata.image_data_calibri_36_0x31
                0x00427bf4      0x7ce src/main.o
 *fill*         0x004283c2        0x2 
 .rodata.image_data_calibri_36_0x32
                0x004283c4      0x7ce src/main.o
 *fill*         0x00428b92        0x2 
 .rodata.image_data_calibri_36_0x33
                0x00428b94      0x7ce src/main.o
 *fill*         0x00429362        0x2 
 .rodata.image_data_calibri_36_0x34
                0x00429364      0x7ce src/main.o
 *fill*         0x00429b32        0x2 
 .rodata.image_data_calibri_36_0x35
                0x00429b34      0x7ce src/main.o
 *fill*         0x0042a302        0x2 
 .rodata.image_data_calibri_36_0x36
                0x0042a304      0x7ce src/main.o
 *fill*         0x0042aad2        0x2 
 .rodata.image_data_calibri_36_0x37
                0x0042aad4      0x7ce src/main.o
 *fill*         0x0042b2a2        0x2 
 .rodata.image_data_calibri_36_0x38
                0x0042b2a4      0x7ce src/main.o
 *fill*         0x0042ba72        0x2 
 .rodata.image_data_calibri_36_0x39
                0x0042ba74      0x7ce src/main.o
 *fill*         0x0042c242        0x2 
 .rodata.image_data_calibri_36_0x3a
                0x0042c244      0x456 src/main.o
 *fill*         0x0042c69a        0x2 
 .rodata.image_data_calibri_36_0x3b
                0x0042c69c      0x456 src/main.o
 *fill*         0x0042caf2        0x2 
 .rodata.image_data_calibri_36_0x3c
                0x0042caf4      0x7ce src/main.o
 *fill*         0x0042d2c2        0x2 
 .rodata.image_data_calibri_36_0x3d
                0x0042d2c4      0x7ce src/main.o
 *fill*         0x0042da92        0x2 
 .rodata.image_data_calibri_36_0x3e
                0x0042da94      0x7ce src/main.o
 *fill*         0x0042e262        0x2 
 .rodata.image_data_calibri_36_0x3f
                0x0042e264      0x75f src/main.o
 *fill*         0x0042e9c3        0x1 
 .rodata.image_data_calibri_36_0x40
                0x0042e9c4      0xde0 src/main.o
 .rodata.image_data_calibri_36_0x41
                0x0042f7a4      0x91b src/main.o
 *fill*         0x004300bf        0x1 
 .rodata.image_data_calibri_36_0x42
                0x004300c0      0x8ac src/main.o
 .rodata.image_data_calibri_36_0x43
                0x0043096c      0x83d src/main.o
 *fill*         0x004311a9        0x3 
 .rodata.image_data_calibri_36_0x44
                0x004311ac      0x98a src/main.o
 *fill*         0x00431b36        0x2 
 .rodata.image_data_calibri_36_0x45
                0x00431b38      0x7ce src/main.o
 *fill*         0x00432306        0x2 
 .rodata.image_data_calibri_36_0x46
                0x00432308      0x75f src/main.o
 *fill*         0x00432a67        0x1 
 .rodata.image_data_calibri_36_0x47
                0x00432a68      0x9f9 src/main.o
 *fill*         0x00433461        0x3 
 .rodata.image_data_calibri_36_0x48
                0x00433464      0x98a src/main.o
 *fill*         0x00433dee        0x2 
 .rodata.image_data_calibri_36_0x49
                0x00433df0      0x3e7 src/main.o
 *fill*         0x004341d7        0x1 
 .rodata.image_data_calibri_36_0x4a
                0x004341d8      0x4c5 src/main.o
 *fill*         0x0043469d        0x3 
 .rodata.image_data_calibri_36_0x4b
                0x004346a0      0x83d src/main.o
 *fill*         0x00434edd        0x3 
 .rodata.image_data_calibri_36_0x4c
                0x00434ee0      0x681 src/main.o
 *fill*         0x00435561        0x3 
 .rodata.image_data_calibri_36_0x4d
                0x00435564      0xd71 src/main.o
 *fill*         0x004362d5        0x3 
 .rodata.image_data_calibri_36_0x4e
                0x004362d8      0x9f9 src/main.o
 *fill*         0x00436cd1        0x3 
 .rodata.image_data_calibri_36_0x4f
                0x00436cd4      0xa68 src/main.o
 .rodata.image_data_calibri_36_0x50
                0x0043773c      0x83d src/main.o
 *fill*         0x00437f79        0x3 
 .rodata.image_data_calibri_36_0x51
                0x00437f7c      0xad7 src/main.o
 *fill*         0x00438a53        0x1 
 .rodata.image_data_calibri_36_0x52
                0x00438a54      0x8ac src/main.o
 .rodata.image_data_calibri_36_0x53
                0x00439300      0x75f src/main.o
 *fill*         0x00439a5f        0x1 
 .rodata.image_data_calibri_36_0x54
                0x00439a60      0x7ce src/main.o
 *fill*         0x0043a22e        0x2 
 .rodata.image_data_calibri_36_0x55
                0x0043a230      0x9f9 src/main.o
 *fill*         0x0043ac29        0x3 
 .rodata.image_data_calibri_36_0x56
                0x0043ac2c      0x8ac src/main.o
 .rodata.image_data_calibri_36_0x57
                0x0043b4d8      0xde0 src/main.o
 .rodata.image_data_calibri_36_0x58
                0x0043c2b8      0x83d src/main.o
 *fill*         0x0043caf5        0x3 
 .rodata.image_data_calibri_36_0x59
                0x0043caf8      0x7ce src/main.o
 *fill*         0x0043d2c6        0x2 
 .rodata.image_data_calibri_36_0x5a
                0x0043d2c8      0x75f src/main.o
 *fill*         0x0043da27        0x1 
 .rodata.image_data_calibri_36_0x5b
                0x0043da28      0x4c5 src/main.o
 *fill*         0x0043deed        0x3 
 .rodata.image_data_calibri_36_0x5c
                0x0043def0      0x612 src/main.o
 *fill*         0x0043e502        0x2 
 .rodata.image_data_calibri_36_0x5d
                0x0043e504      0x4c5 src/main.o
 *fill*         0x0043e9c9        0x3 
 .rodata.image_data_calibri_36_0x5e
                0x0043e9cc      0x7ce src/main.o
 *fill*         0x0043f19a        0x2 
 .rodata.image_data_calibri_36_0x5f
                0x0043f19c      0x7ce src/main.o
 *fill*         0x0043f96a        0x2 
 .rodata.image_data_calibri_36_0x60
                0x0043f96c      0x456 src/main.o
 *fill*         0x0043fdc2        0x2 
 .rodata.image_data_calibri_36_0x61
                0x0043fdc4      0x75f src/main.o
 *fill*         0x00440523        0x1 
 .rodata.image_data_calibri_36_0x62
                0x00440524      0x83d src/main.o
 *fill*         0x00440d61        0x3 
 .rodata.image_data_calibri_36_0x63
                0x00440d64      0x681 src/main.o
 *fill*         0x004413e5        0x3 
 .rodata.image_data_calibri_36_0x64
                0x004413e8      0x83d src/main.o
 *fill*         0x00441c25        0x3 
 .rodata.image_data_calibri_36_0x65
                0x00441c28      0x7ce src/main.o
 *fill*         0x004423f6        0x2 
 .rodata.image_data_calibri_36_0x66
                0x004423f8      0x4c5 src/main.o
 *fill*         0x004428bd        0x3 
 .rodata.image_data_calibri_36_0x67
                0x004428c0      0x75f src/main.o
 *fill*         0x0044301f        0x1 
 .rodata.image_data_calibri_36_0x68
                0x00443020      0x83d src/main.o
 *fill*         0x0044385d        0x3 
 .rodata.image_data_calibri_36_0x69
                0x00443860      0x378 src/main.o
 .rodata.image_data_calibri_36_0x6a
                0x00443bd8      0x3e7 src/main.o
 *fill*         0x00443fbf        0x1 
 .rodata.image_data_calibri_36_0x6b
                0x00443fc0      0x6f0 src/main.o
 .rodata.image_data_calibri_36_0x6c
                0x004446b0      0x378 src/main.o
 .rodata.image_data_calibri_36_0x6d
                0x00444a28      0xc93 src/main.o
 *fill*         0x004456bb        0x1 
 .rodata.image_data_calibri_36_0x6e
                0x004456bc      0x83d src/main.o
 *fill*         0x00445ef9        0x3 
 .rodata.image_data_calibri_36_0x6f
                0x00445efc      0x83d src/main.o
 *fill*         0x00446739        0x3 
 .rodata.image_data_calibri_36_0x70
                0x0044673c      0x83d src/main.o
 *fill*         0x00446f79        0x3 
 .rodata.image_data_calibri_36_0x71
                0x00446f7c      0x83d src/main.o
 *fill*         0x004477b9        0x3 
 .rodata.image_data_calibri_36_0x72
                0x004477bc      0x5a3 src/main.o
 *fill*         0x00447d5f        0x1 
 .rodata.image_data_calibri_36_0x73
                0x00447d60      0x612 src/main.o
 *fill*         0x00448372        0x2 
 .rodata.image_data_calibri_36_0x74
                0x00448374      0x534 src/main.o
 .rodata.image_data_calibri_36_0x75
                0x004488a8      0x83d src/main.o
 *fill*         0x004490e5        0x3 
 .rodata.image_data_calibri_36_0x76
                0x004490e8      0x6f0 src/main.o
 .rodata.image_data_calibri_36_0x77
                0x004497d8      0xb46 src/main.o
 *fill*         0x0044a31e        0x2 
 .rodata.image_data_calibri_36_0x78
                0x0044a320      0x6f0 src/main.o
 .rodata.image_data_calibri_36_0x79
                0x0044aa10      0x6f0 src/main.o
 .rodata.image_data_calibri_36_0x7a
                0x0044b100      0x612 src/main.o
 *fill*         0x0044b712        0x2 
 .rodata.image_data_calibri_36_0x7b
                0x0044b714      0x4c5 src/main.o
 *fill*         0x0044bbd9        0x3 
 .rodata.image_data_calibri_36_0x7c
                0x0044bbdc      0x75f src/main.o
 *fill*         0x0044c33b        0x1 
 .rodata.image_data_calibri_36_0x7d
                0x0044c33c      0x4c5 src/main.o
 *fill*         0x0044c801        0x3 
 .rodata.image_data_calibri_36_0x7e
                0x0044c804      0x7ce src/main.o
 *fill*         0x0044cfd2        0x2 
 .rodata.lavagens
                0x0044cfd4     0x4b00 src/main.o
 .rodata.locked
                0x00451ad4     0x4b00 src/main.o
 .rodata.logoImage
                0x004565d4    0x1e23d src/main.o
                0x004565d4                logoImage
 *fill*         0x00474811        0x3 
 .rodata.main.str1.4
                0x00474814       0x30 src/main.o
                                 0x34 (size before relaxing)
 .rodata.mxt_handler.str1.4
                0x00474844       0x37 src/main.o
 *fill*         0x0047487b        0x1 
 .rodata.next   0x0047487c     0x4b00 src/main.o
                0x0047487c                next
 .rodata.play   0x0047937c     0x4b00 src/main.o
 .rodata.previous
                0x0047de7c     0x4b00 src/main.o
                0x0047de7c                previous
 .rodata.unlocked
                0x0048297c     0x4b00 src/main.o
 .rodata.update_screen.str1.4
                0x0048747c       0x44 src/main.o
 .rodata.weight
                0x004874c0     0x4b00 src/main.o
 .rodata._global_impure_ptr
                0x0048bfc0        0x4 c:/program files (x86)/atmel/studio/7.0/toolchain/arm/arm-gnu-toolchain/bin/../lib/gcc/arm-none-eabi/6.3.1/../../../../arm-none-eabi/lib/thumb/v7e-m\libc.a(lib_a-impure.o)
                0x0048bfc0                _global_impure_ptr
 .rodata._svfprintf_r.str1.4
                0x0048bfc4       0x42 c:/program files (x86)/atmel/studio/7.0/toolchain/arm/arm-gnu-toolchain/bin/../lib/gcc/arm-none-eabi/6.3.1/../../../../arm-none-eabi/lib/thumb/v7e-m\libc.a(lib_a-svfprintf.o)
 *fill*         0x0048c006        0x2 
 .rodata.blanks.7223
                0x0048c008       0x10 c:/program files (x86)/atmel/studio/7.0/toolchain/arm/arm-gnu-toolchain/bin/../lib/gcc/arm-none-eabi/6.3.1/../../../../arm-none-eabi/lib/thumb/v7e-m\libc.a(lib_a-svfprintf.o)
 .rodata.zeroes.7224
                0x0048c018       0x10 c:/program files (x86)/atmel/studio/7.0/toolchain/arm/arm-gnu-toolchain/bin/../lib/gcc/arm-none-eabi/6.3.1/../../../../arm-none-eabi/lib/thumb/v7e-m\libc.a(lib_a-svfprintf.o)
 .rodata._vfiprintf_r.str1.4
                0x0048c028       0x2f c:/program files (x86)/atmel/studio/7.0/toolchain/arm/arm-gnu-toolchain/bin/../lib/gcc/arm-none-eabi/6.3.1/../../../../arm-none-eabi/lib/thumb/v7e-m\libc.a(lib_a-vfiprintf.o)
 .rodata.blanks.7217
                0x0048c028       0x10 c:/program files (x86)/atmel/studio/7.0/toolchain/arm/arm-gnu-toolchain/bin/../lib/gcc/arm-none-eabi/6.3.1/../../../../arm-none-eabi/lib/thumb/v7e-m\libc.a(lib_a-vfiprintf.o)
 .rodata.zeroes.7218
                0x0048c038       0x10 c:/program files (x86)/atmel/studio/7.0/toolchain/arm/arm-gnu-toolchain/bin/../lib/gcc/arm-none-eabi/6.3.1/../../../../arm-none-eabi/lib/thumb/v7e-m\libc.a(lib_a-vfiprintf.o)
 .rodata._dtoa_r.str1.4
                0x0048c048       0x10 c:/program files (x86)/atmel/studio/7.0/toolchain/arm/arm-gnu-toolchain/bin/../lib/gcc/arm-none-eabi/6.3.1/../../../../arm-none-eabi/lib/thumb/v7e-m\libc.a(lib_a-dtoa.o)
                                 0x12 (size before relaxing)
 .rodata._setlocale_r.str1.4
                0x0048c058        0xa c:/program files (x86)/atmel/studio/7.0/toolchain/arm/arm-gnu-toolchain/bin/../lib/gcc/arm-none-eabi/6.3.1/../../../../arm-none-eabi/lib/thumb/v7e-m\libc.a(lib_a-locale.o)
                                  0xd (size before relaxing)
 *fill*         0x0048c062        0x2 
 .rodata.str1.4
                0x0048c064        0x4 c:/program files (x86)/atmel/studio/7.0/toolchain/arm/arm-gnu-toolchain/bin/../lib/gcc/arm-none-eabi/6.3.1/../../../../arm-none-eabi/lib/thumb/v7e-m\libc.a(lib_a-locale.o)
                                  0x2 (size before relaxing)
 .rodata.__mprec_bigtens
                0x0048c068       0x28 c:/program files (x86)/atmel/studio/7.0/toolchain/arm/arm-gnu-toolchain/bin/../lib/gcc/arm-none-eabi/6.3.1/../../../../arm-none-eabi/lib/thumb/v7e-m\libc.a(lib_a-mprec.o)
                0x0048c068                __mprec_bigtens
 .rodata.__mprec_tens
                0x0048c090       0xc8 c:/program files (x86)/atmel/studio/7.0/toolchain/arm/arm-gnu-toolchain/bin/../lib/gcc/arm-none-eabi/6.3.1/../../../../arm-none-eabi/lib/thumb/v7e-m\libc.a(lib_a-mprec.o)
                0x0048c090                __mprec_tens
 .rodata.p05.6055
                0x0048c158        0xc c:/program files (x86)/atmel/studio/7.0/toolchain/arm/arm-gnu-toolchain/bin/../lib/gcc/arm-none-eabi/6.3.1/../../../../arm-none-eabi/lib/thumb/v7e-m\libc.a(lib_a-mprec.o)
 .rodata._ctype_
                0x0048c164      0x101 c:/program files (x86)/atmel/studio/7.0/toolchain/arm/arm-gnu-toolchain/bin/../lib/gcc/arm-none-eabi/6.3.1/../../../../arm-none-eabi/lib/thumb/v7e-m\libc.a(lib_a-ctype_.o)
                0x0048c164                _ctype_
 *(.ARM.extab* .gnu.linkonce.armextab.*)
                0x0048c268                . = ALIGN (0x4)
 *fill*         0x0048c265        0x3 
 *(.init)
 .init          0x0048c268        0x4 c:/program files (x86)/atmel/studio/7.0/toolchain/arm/arm-gnu-toolchain/bin/../lib/gcc/arm-none-eabi/6.3.1/thumb/v7e-m/crti.o
                0x0048c268                _init
 .init          0x0048c26c        0x8 c:/program files (x86)/atmel/studio/7.0/toolchain/arm/arm-gnu-toolchain/bin/../lib/gcc/arm-none-eabi/6.3.1/thumb/v7e-m/crtn.o
                0x0048c274                . = ALIGN (0x4)
                0x0048c274                __preinit_array_start = .
 *(.preinit_array)
                0x0048c274                __preinit_array_end = .
                0x0048c274                . = ALIGN (0x4)
                0x0048c274                __init_array_start = .
 *(SORT(.init_array.*))
 .init_array.00000
                0x0048c274        0x4 c:/program files (x86)/atmel/studio/7.0/toolchain/arm/arm-gnu-toolchain/bin/../lib/gcc/arm-none-eabi/6.3.1/../../../../arm-none-eabi/lib/thumb/v7e-m\libc.a(lib_a-__call_atexit.o)
 *(.init_array)
 .init_array    0x0048c278        0x4 c:/program files (x86)/atmel/studio/7.0/toolchain/arm/arm-gnu-toolchain/bin/../lib/gcc/arm-none-eabi/6.3.1/thumb/v7e-m/crtbegin.o
                0x0048c27c                __init_array_end = .
                0x0048c27c                . = ALIGN (0x4)
 *crtbegin.o(.ctors)
 *(EXCLUDE_FILE(*crtend.o) .ctors)
 *(SORT(.ctors.*))
 *crtend.o(.ctors)
                0x0048c27c                . = ALIGN (0x4)
 *(.fini)
 .fini          0x0048c27c        0x4 c:/program files (x86)/atmel/studio/7.0/toolchain/arm/arm-gnu-toolchain/bin/../lib/gcc/arm-none-eabi/6.3.1/thumb/v7e-m/crti.o
                0x0048c27c                _fini
 .fini          0x0048c280        0x8 c:/program files (x86)/atmel/studio/7.0/toolchain/arm/arm-gnu-toolchain/bin/../lib/gcc/arm-none-eabi/6.3.1/thumb/v7e-m/crtn.o
                0x0048c288                . = ALIGN (0x4)
                0x0048c288                __fini_array_start = .
 *(.fini_array)
 .fini_array    0x0048c288        0x4 c:/program files (x86)/atmel/studio/7.0/toolchain/arm/arm-gnu-toolchain/bin/../lib/gcc/arm-none-eabi/6.3.1/thumb/v7e-m/crtbegin.o
 *(SORT(.fini_array.*))
                0x0048c28c                __fini_array_end = .
 *crtbegin.o(.dtors)
 *(EXCLUDE_FILE(*crtend.o) .dtors)
 *(SORT(.dtors.*))
 *crtend.o(.dtors)
                0x0048c28c                . = ALIGN (0x4)
                0x0048c28c                _efixed = .
                [!provide]                PROVIDE (__exidx_start, .)

.vfp11_veneer   0x0048c28c        0x0
 .vfp11_veneer  0x0048c28c        0x0 linker stubs

.v4_bx          0x0048c28c        0x0
 .v4_bx         0x0048c28c        0x0 linker stubs

.iplt           0x0048c28c        0x0
 .iplt          0x0048c28c        0x0 c:/program files (x86)/atmel/studio/7.0/toolchain/arm/arm-gnu-toolchain/bin/../lib/gcc/arm-none-eabi/6.3.1/thumb/v7e-m/crtbegin.o

.ARM.exidx      0x0048c28c        0x8
 *(.ARM.exidx* .gnu.linkonce.armexidx.*)
 .ARM.exidx     0x0048c28c        0x8 c:/program files (x86)/atmel/studio/7.0/toolchain/arm/arm-gnu-toolchain/bin/../lib/gcc/arm-none-eabi/6.3.1/thumb/v7e-m\libgcc.a(_udivmoddi4.o)
                [!provide]                PROVIDE (__exidx_end, .)

.eh_frame       0x0048c294        0x0
 .eh_frame      0x0048c294        0x0 c:/program files (x86)/atmel/studio/7.0/toolchain/arm/arm-gnu-toolchain/bin/../lib/gcc/arm-none-eabi/6.3.1/thumb/v7e-m/crtbegin.o

.rel.dyn        0x0048c294        0x0
 .rel.iplt      0x0048c294        0x0 c:/program files (x86)/atmel/studio/7.0/toolchain/arm/arm-gnu-toolchain/bin/../lib/gcc/arm-none-eabi/6.3.1/thumb/v7e-m/crtbegin.o

.jcr            0x0048c294        0x0
 .jcr           0x0048c294        0x0 c:/program files (x86)/atmel/studio/7.0/toolchain/arm/arm-gnu-toolchain/bin/../lib/gcc/arm-none-eabi/6.3.1/thumb/v7e-m/crtbegin.o

.igot.plt       0x0048c294        0x0
 .igot.plt      0x0048c294        0x0 c:/program files (x86)/atmel/studio/7.0/toolchain/arm/arm-gnu-toolchain/bin/../lib/gcc/arm-none-eabi/6.3.1/thumb/v7e-m/crtbegin.o
                0x0048c294                . = ALIGN (0x4)
                0x0048c294                _etext = .

.relocate       0x20400000      0xc58 load address 0x0048c294
                0x20400000                . = ALIGN (0x4)
                0x20400000                _srelocate = .
 *(.ramfunc .ramfunc.*)
 .ramfunc       0x20400000        0xa src/ASF/common/services/delay/sam/cycle_counter.o
                0x20400000                portable_delay_cycles
 *(.data .data.*)
 .data.g_interrupt_enabled
                0x2040000a        0x1 src/ASF/common/utils/interrupt/interrupt_sam_nvic.o
                0x2040000a                g_interrupt_enabled
 *fill*         0x2040000b        0x1 
 .data.SystemCoreClock
                0x2040000c        0x4 src/ASF/sam/utils/cmsis/same70/source/templates/system_same70.o
                0x2040000c                SystemCoreClock
 .data.b1       0x20400010       0x18 src/main.o
                0x20400010                b1
 .data.b2       0x20400028       0x18 src/main.o
                0x20400028                b2
 .data.b3       0x20400040       0x18 src/main.o
                0x20400040                b3
 .data.b4       0x20400058       0x18 src/main.o
                0x20400058                b4
 .data.b5       0x20400070       0x18 src/main.o
                0x20400070                b5
 .data.b6       0x20400088       0x18 src/main.o
                0x20400088                b6
 .data.b7       0x204000a0       0x18 src/main.o
                0x204000a0                b7
 .data.b8       0x204000b8       0x18 src/main.o
                0x204000b8                b8
 .data.b9       0x204000d0       0x18 src/main.o
                0x204000d0                b9
 .data.blockNavegacao
                0x204000e8        0x8 src/main.o
                0x204000e8                blockNavegacao
 .data.botoes   0x204000f0       0x24 src/main.o
                0x204000f0                botoes
 .data.c_centrifuga
                0x20400114       0x40 src/main.o
                0x20400114                c_centrifuga
 .data.c_custom
                0x20400154       0x40 src/main.o
                0x20400154                c_custom
 .data.c_diario
                0x20400194       0x40 src/main.o
                0x20400194                c_diario
 .data.c_enxague
                0x204001d4       0x40 src/main.o
                0x204001d4                c_enxague
 .data.c_pesado
                0x20400214       0x40 src/main.o
                0x20400214                c_pesado
 .data.c_rapido
                0x20400254       0x40 src/main.o
                0x20400254                c_rapido
 .data.imageLavagens
                0x20400294       0x18 src/main.o
                0x20400294                imageLavagens
 .data._impure_ptr
                0x204002ac        0x4 c:/program files (x86)/atmel/studio/7.0/toolchain/arm/arm-gnu-toolchain/bin/../lib/gcc/arm-none-eabi/6.3.1/../../../../arm-none-eabi/lib/thumb/v7e-m\libc.a(lib_a-impure.o)
                0x204002ac                _impure_ptr
 .data.impure_data
                0x204002b0      0x428 c:/program files (x86)/atmel/studio/7.0/toolchain/arm/arm-gnu-toolchain/bin/../lib/gcc/arm-none-eabi/6.3.1/../../../../arm-none-eabi/lib/thumb/v7e-m\libc.a(lib_a-impure.o)
 .data.__malloc_av_
                0x204006d8      0x408 c:/program files (x86)/atmel/studio/7.0/toolchain/arm/arm-gnu-toolchain/bin/../lib/gcc/arm-none-eabi/6.3.1/../../../../arm-none-eabi/lib/thumb/v7e-m\libc.a(lib_a-mallocr.o)
                0x204006d8                __malloc_av_
 .data.__malloc_sbrk_base
                0x20400ae0        0x4 c:/program files (x86)/atmel/studio/7.0/toolchain/arm/arm-gnu-toolchain/bin/../lib/gcc/arm-none-eabi/6.3.1/../../../../arm-none-eabi/lib/thumb/v7e-m\libc.a(lib_a-mallocr.o)
                0x20400ae0                __malloc_sbrk_base
 .data.__malloc_trim_threshold
                0x20400ae4        0x4 c:/program files (x86)/atmel/studio/7.0/toolchain/arm/arm-gnu-toolchain/bin/../lib/gcc/arm-none-eabi/6.3.1/../../../../arm-none-eabi/lib/thumb/v7e-m\libc.a(lib_a-mallocr.o)
                0x20400ae4                __malloc_trim_threshold
 .data.__atexit_recursive_mutex
                0x20400ae8        0x4 c:/program files (x86)/atmel/studio/7.0/toolchain/arm/arm-gnu-toolchain/bin/../lib/gcc/arm-none-eabi/6.3.1/../../../../arm-none-eabi/lib/thumb/v7e-m\libc.a(lib_a-__call_atexit.o)
                0x20400ae8                __atexit_recursive_mutex
 .data.__global_locale
                0x20400aec      0x16c c:/program files (x86)/atmel/studio/7.0/toolchain/arm/arm-gnu-toolchain/bin/../lib/gcc/arm-none-eabi/6.3.1/../../../../arm-none-eabi/lib/thumb/v7e-m\libc.a(lib_a-locale.o)
                0x20400aec                __global_locale
                0x20400c58                . = ALIGN (0x4)
                0x20400c58                _erelocate = .

.bss            0x20400c58      0x4d4 load address 0x0048ceec
                0x20400c58                . = ALIGN (0x4)
                0x20400c58                _sbss = .
                0x20400c58                _szero = .
 *(.bss .bss.*)
 .bss           0x20400c58       0x1c c:/program files (x86)/atmel/studio/7.0/toolchain/arm/arm-gnu-toolchain/bin/../lib/gcc/arm-none-eabi/6.3.1/thumb/v7e-m/crtbegin.o
 .bss.g_wobits_in_rtt_mr
                0x20400c74        0x4 src/ASF/sam/drivers/rtt/rtt.o
 .bss.g_ul_pixel_cache
                0x20400c78      0x3c0 src/ASF/sam/components/display/ili9488/ili9488.o
 .bss.gs_interrupt_sources
                0x20401038       0x70 src/ASF/sam/drivers/pio/pio_handler.o
 .bss.ul_reg_val.9451
                0x204010a8        0x4 src/ASF/sam/drivers/usart/usart.o
 .bss.heap.6420
                0x204010ac        0x4 src/ASF/sam/utils/syscalls/gcc/syscalls.o
 .bss.f_rtt_alarme
                0x204010b0        0x1 src/main.o
                0x204010b0                f_rtt_alarme
 *fill*         0x204010b1        0x3 
 .bss.__malloc_current_mallinfo
                0x204010b4       0x28 c:/program files (x86)/atmel/studio/7.0/toolchain/arm/arm-gnu-toolchain/bin/../lib/gcc/arm-none-eabi/6.3.1/../../../../arm-none-eabi/lib/thumb/v7e-m\libc.a(lib_a-mallocr.o)
                0x204010b4                __malloc_current_mallinfo
 .bss.__malloc_max_sbrked_mem
                0x204010dc        0x4 c:/program files (x86)/atmel/studio/7.0/toolchain/arm/arm-gnu-toolchain/bin/../lib/gcc/arm-none-eabi/6.3.1/../../../../arm-none-eabi/lib/thumb/v7e-m\libc.a(lib_a-mallocr.o)
                0x204010dc                __malloc_max_sbrked_mem
 .bss.__malloc_max_total_mem
                0x204010e0        0x4 c:/program files (x86)/atmel/studio/7.0/toolchain/arm/arm-gnu-toolchain/bin/../lib/gcc/arm-none-eabi/6.3.1/../../../../arm-none-eabi/lib/thumb/v7e-m\libc.a(lib_a-mallocr.o)
                0x204010e0                __malloc_max_total_mem
 .bss.__malloc_top_pad
                0x204010e4        0x4 c:/program files (x86)/atmel/studio/7.0/toolchain/arm/arm-gnu-toolchain/bin/../lib/gcc/arm-none-eabi/6.3.1/../../../../arm-none-eabi/lib/thumb/v7e-m\libc.a(lib_a-mallocr.o)
                0x204010e4                __malloc_top_pad
 *(COMMON)
 COMMON         0x204010e8        0x4 src/ASF/common/utils/stdio/read.o
                0x204010e8                ptr_get
 COMMON         0x204010ec        0x8 src/ASF/common/utils/stdio/write.o
                0x204010ec                ptr_put
                0x204010f0                stdio_base
 COMMON         0x204010f4       0x10 src/main.o
                0x204010f4                g_ili9488_display_opt
 COMMON         0x20401104       0x21 c:/program files (x86)/atmel/studio/7.0/toolchain/arm/arm-gnu-toolchain/bin/../lib/gcc/arm-none-eabi/6.3.1/../../../../arm-none-eabi/lib/thumb/v7e-m\libc.a(lib_a-lock.o)
                0x20401104                __lock___atexit_recursive_mutex
                0x20401108                __lock___arc4random_mutex
                0x2040110c                __lock___env_recursive_mutex
                0x20401110                __lock___sinit_recursive_mutex
                0x20401114                __lock___malloc_recursive_mutex
                0x20401118                __lock___at_quick_exit_mutex
                0x2040111c                __lock___dd_hash_mutex
                0x20401120                __lock___tz_mutex
                0x20401124                __lock___sfp_recursive_mutex
 *fill*         0x20401125        0x3 
 COMMON         0x20401128        0x4 c:/program files (x86)/atmel/studio/7.0/toolchain/arm/arm-gnu-toolchain/bin/../lib/gcc/arm-none-eabi/6.3.1/../../../../arm-none-eabi/lib/thumb/v7e-m\libc.a(lib_a-reent.o)
                0x20401128                errno
                0x2040112c                . = ALIGN (0x4)
                0x2040112c                _ebss = .
                0x2040112c                _ezero = .

.stack          0x2040112c     0x2004 load address 0x0048d3c0
                0x20401130                . = ALIGN (0x8)
 *fill*         0x2040112c        0x4 
                0x20401130                _sstack = .
                0x20403130                . = (. + STACK_SIZE)
 *fill*         0x20401130     0x2000 
                0x20403130                . = ALIGN (0x8)
                0x20403130                _estack = .

.heap           0x20403130      0x200 load address 0x0048f3c4
                0x20403130                . = ALIGN (0x8)
                0x20403130                _sheap = .
                0x20403330                . = (. + HEAP_SIZE)
 *fill*         0x20403130      0x200 
                0x20403330                . = ALIGN (0x8)
                0x20403330                _eheap = .
                0x20403330                . = ALIGN (0x4)
                0x20403330                _end = .
                0x2045ffff                _ram_end_ = ((ORIGIN (ram) + LENGTH (ram)) - 0x1)
OUTPUT(MXT_EXAMPLE_USART1.elf elf32-littlearm)

.ARM.attributes
                0x00000000       0x2e
 .ARM.attributes
                0x00000000       0x1e c:/program files (x86)/atmel/studio/7.0/toolchain/arm/arm-gnu-toolchain/bin/../lib/gcc/arm-none-eabi/6.3.1/thumb/v7e-m/crti.o
 .ARM.attributes
                0x0000001e       0x2e c:/program files (x86)/atmel/studio/7.0/toolchain/arm/arm-gnu-toolchain/bin/../lib/gcc/arm-none-eabi/6.3.1/thumb/v7e-m/crtbegin.o
 .ARM.attributes
                0x0000004c       0x37 src/ASF/sam/drivers/rtt/rtt.o
 .ARM.attributes
                0x00000083       0x37 src/ASF/common/components/touch/mxt/mxt_device_1.o
 .ARM.attributes
                0x000000ba       0x37 src/ASF/common/services/clock/same70/sysclk.o
 .ARM.attributes
                0x000000f1       0x37 src/ASF/common/services/delay/sam/cycle_counter.o
 .ARM.attributes
                0x00000128       0x37 src/ASF/common/services/serial/usart_serial.o
 .ARM.attributes
                0x0000015f       0x37 src/ASF/common/services/spi/sam_spi/spi_master.o
 .ARM.attributes
                0x00000196       0x37 src/ASF/common/utils/interrupt/interrupt_sam_nvic.o
 .ARM.attributes
                0x000001cd       0x37 src/ASF/common/utils/stdio/read.o
 .ARM.attributes
                0x00000204       0x37 src/ASF/common/utils/stdio/write.o
 .ARM.attributes
                0x0000023b       0x37 src/ASF/sam/boards/same70_xplained/init.o
 .ARM.attributes
                0x00000272       0x37 src/ASF/sam/components/display/ili9488/ili9488.o
 .ARM.attributes
                0x000002a9       0x37 src/ASF/sam/drivers/pio/pio.o
 .ARM.attributes
                0x000002e0       0x37 src/ASF/sam/drivers/pio/pio_handler.o
 .ARM.attributes
                0x00000317       0x37 src/ASF/sam/drivers/pmc/pmc.o
 .ARM.attributes
                0x0000034e       0x37 src/ASF/sam/drivers/spi/spi.o
 .ARM.attributes
                0x00000385       0x37 src/ASF/sam/drivers/twihs/twihs.o
 .ARM.attributes
                0x000003bc       0x37 src/ASF/sam/drivers/uart/uart.o
 .ARM.attributes
                0x000003f3       0x37 src/ASF/sam/drivers/usart/usart.o
 .ARM.attributes
                0x0000042a       0x37 src/ASF/sam/utils/cmsis/same70/source/templates/gcc/startup_same70.o
 .ARM.attributes
                0x00000461       0x37 src/ASF/sam/utils/cmsis/same70/source/templates/system_same70.o
 .ARM.attributes
                0x00000498       0x37 src/ASF/sam/utils/syscalls/gcc/syscalls.o
 .ARM.attributes
                0x000004cf       0x37 src/main.o
 .ARM.attributes
                0x00000506       0x1e c:/program files (x86)/atmel/studio/7.0/toolchain/arm/arm-gnu-toolchain/bin/../lib/gcc/arm-none-eabi/6.3.1/thumb/v7e-m\libgcc.a(_arm_addsubdf3.o)
 .ARM.attributes
                0x00000524       0x1e c:/program files (x86)/atmel/studio/7.0/toolchain/arm/arm-gnu-toolchain/bin/../lib/gcc/arm-none-eabi/6.3.1/thumb/v7e-m\libgcc.a(_arm_muldivdf3.o)
 .ARM.attributes
                0x00000542       0x1e c:/program files (x86)/atmel/studio/7.0/toolchain/arm/arm-gnu-toolchain/bin/../lib/gcc/arm-none-eabi/6.3.1/thumb/v7e-m\libgcc.a(_arm_cmpdf2.o)
 .ARM.attributes
                0x00000560       0x1e c:/program files (x86)/atmel/studio/7.0/toolchain/arm/arm-gnu-toolchain/bin/../lib/gcc/arm-none-eabi/6.3.1/thumb/v7e-m\libgcc.a(_arm_unorddf2.o)
 .ARM.attributes
                0x0000057e       0x1e c:/program files (x86)/atmel/studio/7.0/toolchain/arm/arm-gnu-toolchain/bin/../lib/gcc/arm-none-eabi/6.3.1/thumb/v7e-m\libgcc.a(_arm_fixdfsi.o)
 .ARM.attributes
                0x0000059c       0x2e c:/program files (x86)/atmel/studio/7.0/toolchain/arm/arm-gnu-toolchain/bin/../lib/gcc/arm-none-eabi/6.3.1/../../../../arm-none-eabi/lib/thumb/v7e-m\libc.a(lib_a-callocr.o)
 .ARM.attributes
                0x000005ca       0x2e c:/program files (x86)/atmel/studio/7.0/toolchain/arm/arm-gnu-toolchain/bin/../lib/gcc/arm-none-eabi/6.3.1/../../../../arm-none-eabi/lib/thumb/v7e-m\libc.a(lib_a-impure.o)
 .ARM.attributes
                0x000005f8       0x2e c:/program files (x86)/atmel/studio/7.0/toolchain/arm/arm-gnu-toolchain/bin/../lib/gcc/arm-none-eabi/6.3.1/../../../../arm-none-eabi/lib/thumb/v7e-m\libc.a(lib_a-init.o)
 .ARM.attributes
                0x00000626       0x2e c:/program files (x86)/atmel/studio/7.0/toolchain/arm/arm-gnu-toolchain/bin/../lib/gcc/arm-none-eabi/6.3.1/../../../../arm-none-eabi/lib/thumb/v7e-m\libc.a(lib_a-iprintf.o)
 .ARM.attributes
                0x00000654       0x2e c:/program files (x86)/atmel/studio/7.0/toolchain/arm/arm-gnu-toolchain/bin/../lib/gcc/arm-none-eabi/6.3.1/../../../../arm-none-eabi/lib/thumb/v7e-m\libc.a(lib_a-malloc.o)
 .ARM.attributes
                0x00000682       0x2e c:/program files (x86)/atmel/studio/7.0/toolchain/arm/arm-gnu-toolchain/bin/../lib/gcc/arm-none-eabi/6.3.1/../../../../arm-none-eabi/lib/thumb/v7e-m\libc.a(lib_a-mallocr.o)
 .ARM.attributes
                0x000006b0       0x2e c:/program files (x86)/atmel/studio/7.0/toolchain/arm/arm-gnu-toolchain/bin/../lib/gcc/arm-none-eabi/6.3.1/../../../../arm-none-eabi/lib/thumb/v7e-m\libc.a(lib_a-memset.o)
 .ARM.attributes
                0x000006de       0x2e c:/program files (x86)/atmel/studio/7.0/toolchain/arm/arm-gnu-toolchain/bin/../lib/gcc/arm-none-eabi/6.3.1/../../../../arm-none-eabi/lib/thumb/v7e-m\libc.a(lib_a-mlock.o)
 .ARM.attributes
                0x0000070c       0x2e c:/program files (x86)/atmel/studio/7.0/toolchain/arm/arm-gnu-toolchain/bin/../lib/gcc/arm-none-eabi/6.3.1/../../../../arm-none-eabi/lib/thumb/v7e-m\libc.a(lib_a-sbrkr.o)
 .ARM.attributes
                0x0000073a       0x2e c:/program files (x86)/atmel/studio/7.0/toolchain/arm/arm-gnu-toolchain/bin/../lib/gcc/arm-none-eabi/6.3.1/../../../../arm-none-eabi/lib/thumb/v7e-m\libc.a(lib_a-setbuf.o)
 .ARM.attributes
                0x00000768       0x2e c:/program files (x86)/atmel/studio/7.0/toolchain/arm/arm-gnu-toolchain/bin/../lib/gcc/arm-none-eabi/6.3.1/../../../../arm-none-eabi/lib/thumb/v7e-m\libc.a(lib_a-setvbuf.o)
 .ARM.attributes
                0x00000796       0x2e c:/program files (x86)/atmel/studio/7.0/toolchain/arm/arm-gnu-toolchain/bin/../lib/gcc/arm-none-eabi/6.3.1/../../../../arm-none-eabi/lib/thumb/v7e-m\libc.a(lib_a-sprintf.o)
 .ARM.attributes
                0x000007c4       0x2e c:/program files (x86)/atmel/studio/7.0/toolchain/arm/arm-gnu-toolchain/bin/../lib/gcc/arm-none-eabi/6.3.1/../../../../arm-none-eabi/lib/thumb/v7e-m\libc.a(lib_a-strcat.o)
 .ARM.attributes
                0x000007f2       0x2e c:/program files (x86)/atmel/studio/7.0/toolchain/arm/arm-gnu-toolchain/bin/../lib/gcc/arm-none-eabi/6.3.1/../../../../arm-none-eabi/lib/thumb/v7e-m\libc.a(lib_a-strcpy.o)
 .ARM.attributes
                0x00000820       0x1c c:/program files (x86)/atmel/studio/7.0/toolchain/arm/arm-gnu-toolchain/bin/../lib/gcc/arm-none-eabi/6.3.1/../../../../arm-none-eabi/lib/thumb/v7e-m\libc.a(lib_a-strlen.o)
 .ARM.attributes
                0x0000083c       0x2e c:/program files (x86)/atmel/studio/7.0/toolchain/arm/arm-gnu-toolchain/bin/../lib/gcc/arm-none-eabi/6.3.1/../../../../arm-none-eabi/lib/thumb/v7e-m\libc.a(lib_a-svfprintf.o)
 .ARM.attributes
                0x0000086a       0x2e c:/program files (x86)/atmel/studio/7.0/toolchain/arm/arm-gnu-toolchain/bin/../lib/gcc/arm-none-eabi/6.3.1/../../../../arm-none-eabi/lib/thumb/v7e-m\libc.a(lib_a-vfiprintf.o)
 .ARM.attributes
                0x00000898       0x2e c:/program files (x86)/atmel/studio/7.0/toolchain/arm/arm-gnu-toolchain/bin/../lib/gcc/arm-none-eabi/6.3.1/../../../../arm-none-eabi/lib/thumb/v7e-m\libc.a(lib_a-wsetup.o)
 .ARM.attributes
                0x000008c6       0x2e c:/program files (x86)/atmel/studio/7.0/toolchain/arm/arm-gnu-toolchain/bin/../lib/gcc/arm-none-eabi/6.3.1/../../../../arm-none-eabi/lib/thumb/v7e-m\libc.a(lib_a-__call_atexit.o)
 .ARM.attributes